BL51 BANKED LINKER/LOCATER V5.11                                                        07/04/2009  11:35:19  PAGE 1


BL51 BANKED LINKER/LOCATER V5.11, INVOKED BY:
C:\KEIL\C51\BIN\BL51.EXE Tel.obj TO tel RAMSIZE (256)


INPUT MODULES INCLUDED:
  Tel.obj (TEL)


LINK MAP OF MODULE:  tel (TEL)


            TYPE    BASE      LENGTH    RELOCATION   SEGMENT NAME
            -----------------------------------------------------

            * * * * * * *   D A T A   M E M O R Y   * * * * * * *
            REG     0000H     0008H     ABSOLUTE     "REG BANK 0"

            * * * * * * *   C O D E   M E M O R Y   * * * * * * *
            CODE    0000H     F26AH     ABSOLUTE     



SYMBOL TABLE OF MODULE:  tel (TEL)

  VALUE           TYPE          NAME
  ----------------------------------

  -------         MODULE        TEL
  B:00D0H.6       SYMBOL        AC
  D:00E0H         SYMBOL        ACC
  B:002FH.4       SYMBOL        ACCESS0
  B:002FH.5       SYMBOL        ACCESS1
  N:0085H         SYMBOL        ACK
  C:9B2AH         SYMBOL        ACKK
  B:0090H.0       SYMBOL        ADDR1_0
  B:0090H.1       SYMBOL        ADDR1_1
  D:004CH         SYMBOL        ADDR_HI
  D:004BH         SYMBOL        ADDR_LO
  C:E397H         SYMBOL        ADD_DAY_TO_INDEX_0
  C:8F04H         SYMBOL        ADD_IT
  C:A09FH         SYMBOL        ADD_LANG_OFFSET
  C:A2CCH         SYMBOL        ADD_MEMORY
  C:93A8H         SYMBOL        ADD_TO_PAYTEMP
  C:9167H         SYMBOL        AGAIN_BLACK
  C:91EAH         SYMBOL        AGAIN_BLACK_MID
  C:A8CCH         SYMBOL        ALARM_BUZZ
  C:890EH         SYMBOL        ALARM_CARD_AGAIN
  N:0003H         SYMBOL        ALARM_EVENT
  B:002AH.6       SYMBOL        ALARM_SET_H_M
  N:0038H         SYMBOL        ALARM_UPDATE_MASK_ADDR_HI
  N:0033H         SYMBOL        ALARM_UPDATE_MASK_ADDR_LO
  C:91ECH         SYMBOL        ALL_CHECKED_NO_BLACK
  C:CF28H         SYMBOL        ANSWER
  C:D978H         SYMBOL        ANSWER_MODE
  B:002BH.4       SYMBOL        ANSWER_RECEIVED
  D:0073H         SYMBOL        ANSWER_TIME
  N:0038H         SYMBOL        ANSWER_TIME_ADDR_HI
  N:0040H         SYMBOL        ANSWER_TIME_ADDR_LO
BL51 BANKED LINKER/LOCATER V5.11                                                      07/04/2009  11:35:19  PAGE 2


  N:0038H         SYMBOL        ANTITAPACTIVATE_ADDR_HI
  N:0057H         SYMBOL        ANTITAPACTIVATE_ADDR_LO
  B:00A0H.0       SYMBOL        ANTITAP_CLK
  B:00A0H.1       SYMBOL        ANTITAP_COM
  B:00A0H.2       SYMBOL        ANTITAP_CSN
  B:00B0H.1       SYMBOL        ANTITAP_REPLY
  C:A60EH         SYMBOL        ANTITAP_REPLYSYNC
  C:0C38H         SYMBOL        ANTI_TAP_VALUE
  C:A0CDH         SYMBOL        ARABIC_1
  C:9E7CH         SYMBOL        ARMFT1
  C:8B6CH         SYMBOL        ATFX1
  C:8BFCH         SYMBOL        ATFX1_1
  C:8C09H         SYMBOL        ATFX1_2
  C:8C10H         SYMBOL        ATFX1_3
  C:8C1AH         SYMBOL        ATFX1_4
  C:8BD7H         SYMBOL        ATFX2_1
  C:8BE1H         SYMBOL        ATFX2_2
  C:8BE8H         SYMBOL        ATFX2_3
  C:8BF2H         SYMBOL        ATFX2_4
  C:8BB2H         SYMBOL        ATFX3_1
  C:8BBCH         SYMBOL        ATFX3_2
  C:8BC3H         SYMBOL        ATFX3_3
  C:8BCDH         SYMBOL        ATFX3_4
  C:8B8DH         SYMBOL        ATFX4_1
  C:8B97H         SYMBOL        ATFX4_2
  C:8B9EH         SYMBOL        ATFX4_3
  C:8BA8H         SYMBOL        ATFX4_4
  C:8B58H         SYMBOL        ATF_RECOVERY
  C:0A05H         SYMBOL        ATLEAST
  C:A88BH         SYMBOL        ATTENTION_BUZZ
  C:A78DH         SYMBOL        AT_CMX00
  C:A632H         SYMBOL        AT_CMX01
  C:A79DH         SYMBOL        AT_CMX02
  C:A61CH         SYMBOL        AT_CMX03
  C:A782H         SYMBOL        AT_CMXCMDSYNC
  N:00A1H         SYMBOL        AUTHEN
  C:90EAH         SYMBOL        AUTHENTICATE
  N:00A0H         SYMBOL        AUTO_CHARGE
  N:00A2H         SYMBOL        AUXR1
  D:00F0H         SYMBOL        B
  C:A5C5H         SYMBOL        BACK10
  C:A5C7H         SYMBOL        BACK11
  C:A605H         SYMBOL        BACK13
  C:A607H         SYMBOL        BACK14
  C:A5D2H         SYMBOL        BACK15
  C:A53EH         SYMBOL        BACK15_FLASH
  C:A5F4H         SYMBOL        BACK15_YY
  C:A5E3H         SYMBOL        BACK15_ZZ
  C:A5D4H         SYMBOL        BACK16
  C:A540H         SYMBOL        BACK16_FLASH
  C:A5F6H         SYMBOL        BACK16_YY
  C:A5E5H         SYMBOL        BACK16_ZZ
  C:A5D6H         SYMBOL        BACK17
  C:A542H         SYMBOL        BACK17_FLASH
  C:A5F8H         SYMBOL        BACK17_YY
  C:A5E7H         SYMBOL        BACK17_ZZ
  C:A212H         SYMBOL        BACK_TO_MAIN_STATE1
BL51 BANKED LINKER/LOCATER V5.11                                                      07/04/2009  11:35:19  PAGE 3


  C:A1ADH         SYMBOL        BACK_TO_MAIN_STATE2
  C:0AF5H         SYMBOL        BAR
  N:0020H         SYMBOL        BATTERY_MASK
  C:9F80H         SYMBOL        BCD_TO_DEC
  C:A2A9H         SYMBOL        BCEE1
  C:9C2AH         SYMBOL        BGF1
  C:9C37H         SYMBOL        BGF2
  C:9C4DH         SYMBOL        BGH1
  C:9C5CH         SYMBOL        BGH2
  D:0008H         SYMBOL        BITCNT
  C:DBFAH         SYMBOL        BITDLY
  C:D186H         SYMBOL        BLACK_LIST
  N:002CH         SYMBOL        BLACK_LIST_ADDR_HI
  N:0079H         SYMBOL        BLACK_LIST_ADDR_LO
  C:D477H         SYMBOL        BLACK_LIST_FGHR1
  C:D701H         SYMBOL        BLACK_LIST_KF_1
  C:D70CH         SYMBOL        BLACK_LIST_KF_2
  C:D704H         SYMBOL        BLACK_LIST_KF_3
  N:0000H         SYMBOL        BLACK_LIST_RAM_ADDR
  C:D471H         SYMBOL        BLACK_LIST_UPDATE_ERROR
  C:D475H         SYMBOL        BLACK_LIST_UPDATE_NORMAL_END
  C:D41CH         SYMBOL        BLACK_LIST_ZX_0
  C:D410H         SYMBOL        BLACK_LIST_ZX_01
  C:D452H         SYMBOL        BLACK_LIST_ZX_3
  C:D46FH         SYMBOL        BLACK_LIST_ZX_4
  B:002DH.3       SYMBOL        BLACK_WHITE
  N:0038H         SYMBOL        BL_TIME_ADDR_HI
  N:004CH         SYMBOL        BL_TIME_ADDR_LO
  C:F000H         SYMBOL        BOOT_LOADER
  B:0020H.1       SYMBOL        BUSFAULT
  C:A892H         SYMBOL        BUZZ0
  C:A8BAH         SYMBOL        BUZZ11
  C:A8ACH         SYMBOL        BUZZ2
  C:A8D3H         SYMBOL        BUZZ24
  B:00B0H.5       SYMBOL        BUZZER
  C:950DH         SYMBOL        BVCX2
  N:00BDH         SYMBOL        BYE
  C:A3D9H         SYMBOL        BYE3
  D:0009H         SYMBOL        BYTECNT
  D:007AH         SYMBOL        CALL_DURATION_HI
  D:007BH         SYMBOL        CALL_DURATION_LO
  C:D900H         SYMBOL        CALL_MODE
  C:CE99H         SYMBOL        CALL_PMS
  C:D974H         SYMBOL        CALL_RTHN1
  D:0074H         SYMBOL        CALL_TIMER_HOUR
  D:0075H         SYMBOL        CALL_TIMER_MINUTE
  D:0016H         SYMBOL        CALL_TYPE
  C:D925H         SYMBOL        CALL_VX_0
  C:D92BH         SYMBOL        CALL_VX_1
  C:D939H         SYMBOL        CALL_VX_2
  C:D944H         SYMBOL        CALL_VX_3
  C:8DDDH         SYMBOL        CAL_ACCOUNT
  D:0029H         SYMBOL        CARD_ALARM_COUNTER
  N:0038H         SYMBOL        CARD_CHANGE_WAIT_TIME_ADDR_HI
  N:004AH         SYMBOL        CARD_CHANGE_WAIT_TIME_ADDR_LO
  B:002EH.0       SYMBOL        CARD_CHECK_POLICY
  N:0038H         SYMBOL        CARD_CHECK_POLICY_ADDR_HI
BL51 BANKED LINKER/LOCATER V5.11                                                      07/04/2009  11:35:19  PAGE 4


  N:004BH         SYMBOL        CARD_CHECK_POLICY_ADDR_LO
  B:00B0H.6       SYMBOL        CARD_CLOCK
  C:A525H         SYMBOL        CARD_DEL1
  C:A522H         SYMBOL        CARD_DEL2
  C:A51FH         SYMBOL        CARD_DELAY
  B:00A0H.6       SYMBOL        CARD_DETECT
  C:A532H         SYMBOL        CARD_DEWL1
  C:A52FH         SYMBOL        CARD_DEWL2
  C:7CE5H         SYMBOL        CARD_IN
  D:005FH         SYMBOL        CARD_INFO
  B:00B0H.4       SYMBOL        CARD_INPUT
  C:A1ECH         SYMBOL        CARD_INSERTION
  N:0040H         SYMBOL        CARD_MASK
  C:9107H         SYMBOL        CARD_NOT_DETECTED
  C:9122H         SYMBOL        CARD_NOT_VALID
  B:00B0H.5       SYMBOL        CARD_OUTPUT
  N:000DH         SYMBOL        CARD_READER_EVENT
  B:00B0H.7       SYMBOL        CARD_RESET
  B:002FH.6       SYMBOL        CARD_STATUS
  B:0090H.4       SYMBOL        CARD_SW
  C:A739H         SYMBOL        CB1
  C:A741H         SYMBOL        CB2
  C:A749H         SYMBOL        CB3
  C:A751H         SYMBOL        CB4
  C:A759H         SYMBOL        CB5
  C:A761H         SYMBOL        CB6
  C:A769H         SYMBOL        CB7
  C:A771H         SYMBOL        CB8
  C:0D70H         SYMBOL        CHANGE1_L
  C:0D38H         SYMBOL        CHANGE1_R
  C:0DE0H         SYMBOL        CHANGE2_L
  C:0DA8H         SYMBOL        CHANGE2_R
  C:0E50H         SYMBOL        CHANGE3_L
  C:0E18H         SYMBOL        CHANGE3_R
  C:0EC0H         SYMBOL        CHANGE4_L
  C:0E88H         SYMBOL        CHANGE4_R
  C:83BDH         SYMBOL        CHANGE_NEW_DAY2
  C:8369H         SYMBOL        CHANGE_NEW_HOUR
  C:838DH         SYMBOL        CHANGE_NEW_HOUR2
  C:8375H         SYMBOL        CHANGE_NEW_MINUTE
  C:8399H         SYMBOL        CHANGE_NEW_MINUTE2
  C:83B1H         SYMBOL        CHANGE_NEW_MONTH2
  D:0010H         SYMBOL        CHARGE_LEVEL
  C:971EH         SYMBOL        CHARGE_LEVEL_RDTG1
  C:9729H         SYMBOL        CHARGE_LEVEL_RDTG2
  C:972EH         SYMBOL        CHARGE_LEVEL_RDTG3
  C:9711H         SYMBOL        CHARGE_LEVEL_RDTG4
  N:0028H         SYMBOL        CHARGE_LEVEL_TABLE_ADDR_HI
  N:0062H         SYMBOL        CHARGE_LEVEL_TABLE_ADDR_LO
  N:0038H         SYMBOL        CHARGE_PRIORITY_ADDR_HI
  N:0051H         SYMBOL        CHARGE_PRIORITY_ADDR_LO
  C:D17AH         SYMBOL        CHARGE_SCHEDULER
  C:D38EH         SYMBOL        CHARGE_SCHEDULER_FGHR1
  C:D6BBH         SYMBOL        CHARGE_SCHEDULER_KF_1
  C:D6C6H         SYMBOL        CHARGE_SCHEDULER_KF_2
  C:D6BEH         SYMBOL        CHARGE_SCHEDULER_KF_3
  C:D388H         SYMBOL        CHARGE_SCHEDULER_UPDATE_ERROR
BL51 BANKED LINKER/LOCATER V5.11                                                      07/04/2009  11:35:19  PAGE 5


  C:D38CH         SYMBOL        CHARGE_SCHEDULER_UPDATE_NORMAL_END
  C:D340H         SYMBOL        CHARGE_SCHEDULER_ZX_0
  C:D334H         SYMBOL        CHARGE_SCHEDULER_ZX_01
  C:D369H         SYMBOL        CHARGE_SCHEDULER_ZX_3
  C:D386H         SYMBOL        CHARGE_SCHEDULER_ZX_4
  N:002AH         SYMBOL        CHARGGINGSCHEDULLER_TABLE_ADDR_HI
  N:00BCH         SYMBOL        CHARGGINGSCHEDULLER_TABLE_ADDR_LO
  B:002EH.6       SYMBOL        CHARGGING_ROUTINE
  N:0038H         SYMBOL        CHARGGING_ROUTINE_ADDR_HI
  N:003FH         SYMBOL        CHARGGING_ROUTINE_ADDR_LO
  N:0038H         SYMBOL        CHARGGING_TYPE_ADDR_HI
  N:003EH         SYMBOL        CHARGGING_TYPE_ADDR_LO
  C:D174H         SYMBOL        CHARGING
  C:D320H         SYMBOL        CHARGING_FGHR1
  C:D698H         SYMBOL        CHARGING_KF_1
  C:D6A3H         SYMBOL        CHARGING_KF_2
  C:D69BH         SYMBOL        CHARGING_KF_3
  C:D31AH         SYMBOL        CHARGING_UPDATE_ERROR
  C:D31EH         SYMBOL        CHARGING_UPDATE_NORMAL_END
  C:D2C5H         SYMBOL        CHARGING_ZX_0
  C:D2B9H         SYMBOL        CHARGING_ZX_01
  C:D2FBH         SYMBOL        CHARGING_ZX_3
  C:D318H         SYMBOL        CHARGING_ZX_4
  C:C1A9H         SYMBOL        CHECK_0
  C:C1AFH         SYMBOL        CHECK_1
  C:C1B5H         SYMBOL        CHECK_2
  C:C1BBH         SYMBOL        CHECK_3
  C:C1C1H         SYMBOL        CHECK_4
  C:C1C7H         SYMBOL        CHECK_5
  C:C1CDH         SYMBOL        CHECK_6
  C:C1D3H         SYMBOL        CHECK_7
  C:C1D9H         SYMBOL        CHECK_8
  C:C1DFH         SYMBOL        CHECK_9
  C:A083H         SYMBOL        CHECK_ARABIC
  C:BF10H         SYMBOL        CHECK_AUTO
  C:915CH         SYMBOL        CHECK_BLACK_LIST
  C:9203H         SYMBOL        CHECK_BLACK_WHITE_CONDITION
  C:9F1CH         SYMBOL        CHECK_CALL_REPORT_TABLE_ADDRESS_VALIDITY
  C:921AH         SYMBOL        CHECK_CARD_ACCOUNT_LIMIT
  C:9F2DH         SYMBOL        CHECK_C_V_1
  C:9F3FH         SYMBOL        CHECK_C_V_2
  C:9F53H         SYMBOL        CHECK_C_V_3
  C:9F68H         SYMBOL        CHECK_C_V_4
  C:79D3H         SYMBOL        CHECK_DOOR_CONDITION
  C:A08EH         SYMBOL        CHECK_DUTCH
  C:A07BH         SYMBOL        CHECK_ENGLISH
  C:9D12H         SYMBOL        CHECK_FREE_2
  C:E470H         SYMBOL        CHECK_FREE_ACCESS_LEVEL
  C:9436H         SYMBOL        CHECK_FROM_FIELD
  C:E478H         SYMBOL        CHECK_FULL_BUT_NO_EMERGENCY_KEY
  C:E68AH         SYMBOL        CHECK_HANDSET
  C:7A07H         SYMBOL        CHECK_HOOK_CONDITION
  C:7A3EH         SYMBOL        CHECK_KEY_ROW1
  C:7AE7H         SYMBOL        CHECK_KEY_ROW2
  C:7B90H         SYMBOL        CHECK_KEY_ROW3
  C:7C39H         SYMBOL        CHECK_KEY_ROW4
  C:CC68H         SYMBOL        CHECK_MAINTANENCE_CARD
BL51 BANKED LINKER/LOCATER V5.11                                                      07/04/2009  11:35:19  PAGE 6


  C:CC20H         SYMBOL        CHECK_MAINTANENCE_PASSWORD
  C:A09CH         SYMBOL        CHECK_OTHER
  C:9EB8H         SYMBOL        CHECK_OTHER_REPORT_TABLE_ADDRESS_VALIDITY
  C:9EC9H         SYMBOL        CHECK_O_V_1
  C:9EDBH         SYMBOL        CHECK_O_V_2
  C:9EEFH         SYMBOL        CHECK_O_V_3
  C:9F04H         SYMBOL        CHECK_O_V_4
  C:930EH         SYMBOL        CHECK_PAY_OVERLOAD
  C:A076H         SYMBOL        CHECK_PERSIAN
  C:799FH         SYMBOL        CHECK_RING_CONDITION
  C:E4E9H         SYMBOL        CHECK_SAM_1
  C:E504H         SYMBOL        CHECK_SAM_2
  C:E51FH         SYMBOL        CHECK_SAM_3
  C:E53AH         SYMBOL        CHECK_SAM_4
  C:C1EBH         SYMBOL        CHECK_SHARP
  C:C1E5H         SYMBOL        CHECK_STAR
  C:949DH         SYMBOL        CHECK_TO_FIELD
  C:923DH         SYMBOL        CHK_10000_TOMANI
  C:9223H         SYMBOL        CHK_2000_TOMANI
  C:9231H         SYMBOL        CHK_5000_TOMANI
  C:960EH         SYMBOL        CHK_DAY_TYPE_1
  C:9619H         SYMBOL        CHK_DAY_TYPE_2
  C:9624H         SYMBOL        CHK_DAY_TYPE_3
  C:962FH         SYMBOL        CHK_DAY_TYPE_4
  C:963AH         SYMBOL        CHK_DAY_TYPE_5
  C:A55AH         SYMBOL        CHK_DELAY_DTMF_2
  C:A568H         SYMBOL        CHK_DELAY_DTMF_3
  C:A579H         SYMBOL        CHK_DELAY_DTMF_4
  C:8751H         SYMBOL        CHK_FIRE_MENU1
  C:881EH         SYMBOL        CHK_FIRE_MENU10
  C:883BH         SYMBOL        CHK_FIRE_MENU11
  C:8763H         SYMBOL        CHK_FIRE_MENU2
  C:877BH         SYMBOL        CHK_FIRE_MENU3
  C:878DH         SYMBOL        CHK_FIRE_MENU4
  C:879FH         SYMBOL        CHK_FIRE_MENU5
  C:87BCH         SYMBOL        CHK_FIRE_MENU6
  C:87D6H         SYMBOL        CHK_FIRE_MENU7
  C:87F0H         SYMBOL        CHK_FIRE_MENU8
  C:8801H         SYMBOL        CHK_FIRE_MENU9
  C:8858H         SYMBOL        CHK_FIRE_OTHER
  C:9D4EH         SYMBOL        CHK_FREE_2
  C:832BH         SYMBOL        CHK_LANG_MENU1
  C:83FDH         SYMBOL        CHK_LANG_MENU10
  C:841AH         SYMBOL        CHK_LANG_MENU11
  C:833CH         SYMBOL        CHK_LANG_MENU2
  C:8347H         SYMBOL        CHK_LANG_MENU3
  C:8355H         SYMBOL        CHK_LANG_MENU4
  C:8363H         SYMBOL        CHK_LANG_MENU5
  C:8387H         SYMBOL        CHK_LANG_MENU6
  C:83ABH         SYMBOL        CHK_LANG_MENU7
  C:83CFH         SYMBOL        CHK_LANG_MENU8
  C:83E0H         SYMBOL        CHK_LANG_MENU9
  C:8437H         SYMBOL        CHK_LANG_OTHER
  C:BB9EH         SYMBOL        CHK_LEFT
  C:973AH         SYMBOL        CHK_LEVEL_1
  C:97A2H         SYMBOL        CHK_LEVEL_10
  C:97ADH         SYMBOL        CHK_LEVEL_11
BL51 BANKED LINKER/LOCATER V5.11                                                      07/04/2009  11:35:19  PAGE 7


  C:97B8H         SYMBOL        CHK_LEVEL_12
  C:97C3H         SYMBOL        CHK_LEVEL_13
  C:97CEH         SYMBOL        CHK_LEVEL_14
  C:97D9H         SYMBOL        CHK_LEVEL_15
  C:97E4H         SYMBOL        CHK_LEVEL_16
  C:97EFH         SYMBOL        CHK_LEVEL_17
  C:97FAH         SYMBOL        CHK_LEVEL_18
  C:9805H         SYMBOL        CHK_LEVEL_19
  C:9743H         SYMBOL        CHK_LEVEL_2
  C:9810H         SYMBOL        CHK_LEVEL_20
  C:974FH         SYMBOL        CHK_LEVEL_3
  C:975BH         SYMBOL        CHK_LEVEL_4
  C:9767H         SYMBOL        CHK_LEVEL_5
  C:9773H         SYMBOL        CHK_LEVEL_6
  C:977FH         SYMBOL        CHK_LEVEL_7
  C:978BH         SYMBOL        CHK_LEVEL_8
  C:9797H         SYMBOL        CHK_LEVEL_9
  C:84C5H         SYMBOL        CHK_POLICE_MENU1
  C:8558H         SYMBOL        CHK_POLICE_MENU10
  C:8575H         SYMBOL        CHK_POLICE_MENU11
  C:84D3H         SYMBOL        CHK_POLICE_MENU2
  C:84F3H         SYMBOL        CHK_POLICE_MENU3
  C:84FEH         SYMBOL        CHK_POLICE_MENU4
  C:850CH         SYMBOL        CHK_POLICE_MENU5
  C:8516H         SYMBOL        CHK_POLICE_MENU6
  C:8520H         SYMBOL        CHK_POLICE_MENU7
  C:852AH         SYMBOL        CHK_POLICE_MENU8
  C:853BH         SYMBOL        CHK_POLICE_MENU9
  C:8592H         SYMBOL        CHK_POLICE_OTHER
  C:9440H         SYMBOL        CHK_PRE1_F
  C:94A7H         SYMBOL        CHK_PRE1_T
  C:9451H         SYMBOL        CHK_PRE2_F
  C:94B5H         SYMBOL        CHK_PRE2_T
  C:9462H         SYMBOL        CHK_PRE3_F
  C:94C3H         SYMBOL        CHK_PRE3_T
  C:9473H         SYMBOL        CHK_PRE4_F
  C:94D1H         SYMBOL        CHK_PRE4_T
  C:9484H         SYMBOL        CHK_PRE5_F
  C:94DFH         SYMBOL        CHK_PRE5_T
  C:9495H         SYMBOL        CHK_PRE6_F
  C:94EDH         SYMBOL        CHK_PRE6_T
  C:BB97H         SYMBOL        CHK_RIGHT
  C:9642H         SYMBOL        CHK_SECTOR1
  C:965FH         SYMBOL        CHK_SECTOR2
  C:9682H         SYMBOL        CHK_SECTOR3
  C:96A5H         SYMBOL        CHK_SECTOR4
  C:96C8H         SYMBOL        CHK_SECTOR5
  C:96EBH         SYMBOL        CHK_SECTOR6
  C:8605H         SYMBOL        CHK_URGENT_MENU1
  C:86A4H         SYMBOL        CHK_URGENT_MENU10
  C:86C1H         SYMBOL        CHK_URGENT_MENU11
  C:8610H         SYMBOL        CHK_URGENT_MENU2
  C:8621H         SYMBOL        CHK_URGENT_MENU3
  C:8632H         SYMBOL        CHK_URGENT_MENU4
  C:8643H         SYMBOL        CHK_URGENT_MENU5
  C:8654H         SYMBOL        CHK_URGENT_MENU6
  C:8665H         SYMBOL        CHK_URGENT_MENU7
BL51 BANKED LINKER/LOCATER V5.11                                                      07/04/2009  11:35:19  PAGE 8


  C:8676H         SYMBOL        CHK_URGENT_MENU8
  C:8687H         SYMBOL        CHK_URGENT_MENU9
  C:86DEH         SYMBOL        CHK_URGENT_OTHER
  C:981DH         SYMBOL        CHK_ZONE_1
  C:9837H         SYMBOL        CHK_ZONE_2
  C:985AH         SYMBOL        CHK_ZONE_3
  C:9886H         SYMBOL        CHK_ZONE_4
  C:98BBH         SYMBOL        CHK_ZONE_5
  C:98F9H         SYMBOL        CHK_ZONE_6
  C:9D0BH         SYMBOL        CITY
  N:00A1H         SYMBOL        CITY_CALL
  C:8A46H         SYMBOL        CLEAR_CARD_ACCOUNT
  C:A018H         SYMBOL        CLEAR_CRC
  C:C0EAH         SYMBOL        CLEAR_DIAL_MEMORY
  C:7D01H         SYMBOL        CLEAR_KEY_STATUS_ROW1
  C:7D23H         SYMBOL        CLEAR_KEY_STATUS_ROW2
  C:7D45H         SYMBOL        CLEAR_KEY_STATUS_ROW3
  C:7D67H         SYMBOL        CLEAR_KEY_STATUS_ROW4
  C:A8E5H         SYMBOL        CLEAR_LCD
  C:B302H         SYMBOL        CLEAR_LINE_1
  C:B331H         SYMBOL        CLEAR_LINE_2
  C:B360H         SYMBOL        CLEAR_LINE_3
  C:B38FH         SYMBOL        CLEAR_LINE_4
  C:B3BEH         SYMBOL        CLEAR_LINE_5
  C:B3EDH         SYMBOL        CLEAR_LINE_6
  C:B41EH         SYMBOL        CLEAR_LINE_7
  C:B44FH         SYMBOL        CLEAR_LINE_8
  C:BD27H         SYMBOL        CLEAR_MESSAGE
  C:89BBH         SYMBOL        CLOCK_CARD
  C:89A0H         SYMBOL        CLOCK_LCD
  D:0033H         SYMBOL        CMD_BUF
  C:CD58H         SYMBOL        CMX00
  C:CDA4H         SYMBOL        CMX01
  C:CD68H         SYMBOL        CMX02
  C:CD8EH         SYMBOL        CMX03
  C:CD4DH         SYMBOL        CMXCMDSYNC
  C:CCF2H         SYMBOL        CMXINIT
  C:D028H         SYMBOL        CMXTONEDIAL
  C:D03FH         SYMBOL        CMXTONEDIAL2
  B:0080H.4       SYMBOL        COL1
  B:0080H.5       SYMBOL        COL2
  B:0080H.6       SYMBOL        COL3
  B:0080H.7       SYMBOL        COL4
  B:00A0H.4       SYMBOL        COL5
  B:00A0H.5       SYMBOL        COL6
  C:D891H         SYMBOL        COMMAND_ERROR
  C:898FH         SYMBOL        COMMAND_LCD
  N:00C8H         SYMBOL        COMMON_CALL
  C:9432H         SYMBOL        COMPARE_FIELD
  C:8F05H         SYMBOL        CONTINUE
  C:A1F3H         SYMBOL        CONTINUE_CARD_INSERTION
  C:A238H         SYMBOL        CONTINUE_NO_CARD
  C:E458H         SYMBOL        CONTINUE_PHONE
  C:E4A6H         SYMBOL        CONTINUE_PHONE2
  C:A2C9H         SYMBOL        COUNTINUE
  C:A2B4H         SYMBOL        COUNTINUE_AAA
  C:A2B3H         SYMBOL        COUNTINUE_BBB
BL51 BANKED LINKER/LOCATER V5.11                                                      07/04/2009  11:35:19  PAGE 9


  C:9D07H         SYMBOL        COUNTRY
  N:00A2H         SYMBOL        COUNTRY_CALL
  N:000DH         SYMBOL        COUNT_DOWN_MODE
  B:002DH.1       SYMBOL        COUNT_DOWN_SW
  C:9FF7H         SYMBOL        CRC16
  C:0FF8H         SYMBOL        CRC16_TABHI
  C:0EF8H         SYMBOL        CRC16_TABLO
  D:0031H         SYMBOL        CRC_HI
  D:0030H         SYMBOL        CRC_LO
  D:0069H         SYMBOL        CURRENT_ACCOUNT_HI
  D:006AH         SYMBOL        CURRENT_ACCOUNT_LO
  C:1B61H         SYMBOL        CURRENT_ALARM
  D:0040H         SYMBOL        CURRENT_ALARM_HOUR
  D:0041H         SYMBOL        CURRENT_ALARM_MINUTE
  C:1B91H         SYMBOL        CURRENT_TIME
  D:0067H         SYMBOL        DATE_INDEX_HI
  D:0068H         SYMBOL        DATE_INDEX_LO
  B:002AH.6       SYMBOL        DATE_SET_D_M
  D:007CH         SYMBOL        DAY
  C:D180H         SYMBOL        DAY_TYPE
  C:D3FCH         SYMBOL        DAY_TYPE_FGHR1
  C:9611H         SYMBOL        DAY_TYPE_IS_1
  C:961CH         SYMBOL        DAY_TYPE_IS_2
  C:9627H         SYMBOL        DAY_TYPE_IS_3
  C:9632H         SYMBOL        DAY_TYPE_IS_4
  C:963AH         SYMBOL        DAY_TYPE_IS_5
  C:D6DEH         SYMBOL        DAY_TYPE_KF_1
  C:D6E9H         SYMBOL        DAY_TYPE_KF_2
  C:D6E1H         SYMBOL        DAY_TYPE_KF_3
  N:002BH         SYMBOL        DAY_TYPE_TABLE_ADDR_HI
  N:000CH         SYMBOL        DAY_TYPE_TABLE_ADDR_LO
  C:D3F6H         SYMBOL        DAY_TYPE_UPDATE_ERROR
  C:D3FAH         SYMBOL        DAY_TYPE_UPDATE_NORMAL_END
  C:D3AEH         SYMBOL        DAY_TYPE_ZX_0
  C:D3A2H         SYMBOL        DAY_TYPE_ZX_01
  C:D3D7H         SYMBOL        DAY_TYPE_ZX_3
  C:D3F4H         SYMBOL        DAY_TYPE_ZX_4
  N:0038H         SYMBOL        DAY_UPDATE_MASK_ADDR_HI
  N:0036H         SYMBOL        DAY_UPDATE_MASK_ADDR_LO
  C:A5A0H         SYMBOL        DE1
  C:A59EH         SYMBOL        DE2
  C:A5ABH         SYMBOL        DE3
  C:A5ADH         SYMBOL        DE4
  C:A5B8H         SYMBOL        DE5
  C:A5BAH         SYMBOL        DE6
  C:A589H         SYMBOL        DE8
  C:A591H         SYMBOL        DE8S
  C:A58BH         SYMBOL        DE9
  C:A593H         SYMBOL        DE9S
  C:8A73H         SYMBOL        DECREASE_CARD_ACCOUNT
  C:9149H         SYMBOL        DECREASE_VIRTUAL_ACCOUNT
  C:9527H         SYMBOL        DEC_R3_R2
  C:9F9BH         SYMBOL        DEC_TO_BCD
  C:9FD0H         SYMBOL        DEC_TO_HEX
  N:0001H         SYMBOL        DEFAULT_LANG
  N:0038H         SYMBOL        DEFAULT_LANG_ADDR_HI
  N:004FH         SYMBOL        DEFAULT_LANG_ADDR_LO
BL51 BANKED LINKER/LOCATER V5.11                                                      07/04/2009  11:35:19  PAGE 10


  C:A601H         SYMBOL        DELAY110M
  C:A5F0H         SYMBOL        DELAY1S
  C:A5DFH         SYMBOL        DELAY2S
  C:A5C1H         SYMBOL        DELAY31M
  C:A5CEH         SYMBOL        DELAY4S
  C:A54BH         SYMBOL        DELAY_DTMF
  C:A53AH         SYMBOL        DELAY_FLASH
  C:A585H         SYMBOL        DELAY_MID_PULSE
  C:A5B4H         SYMBOL        DELAY_PULSE_FALL
  C:A5A7H         SYMBOL        DELAY_PULSE_RISE
  C:A59AH         SYMBOL        DELAY_PULSE_WIDTH
  C:A0D5H         SYMBOL        DEUCH_1
  C:8CC0H         SYMBOL        DFB1
  C:8909H         SYMBOL        DFORG
  C:CFABH         SYMBOL        DHX
  C:C187H         SYMBOL        DIAL
  N:0002H         SYMBOL        DIALED
  N:0038H         SYMBOL        DIALING_TYPE_ADDR_HI
  N:0047H         SYMBOL        DIALING_TYPE_ADDR_LO
  C:C0BEH         SYMBOL        DIAL_ALL_IN_MEMORY
  D:0021H         SYMBOL        DIAL_BUF
  C:157CH         SYMBOL        DIAL_NUM_L
  C:15A5H         SYMBOL        DIAL_NUM_R
  B:002AH.2       SYMBOL        DIAL_NUM_SW
  C:CE78H         SYMBOL        DIAL_PMS_NUMBER
  N:0038H         SYMBOL        DIAL_WAIT_ADDR_HI
  N:0049H         SYMBOL        DIAL_WAIT_ADDR_LO
  D:0022H         SYMBOL        DISPLAY_BUF
  C:892EH         SYMBOL        DISPLAY_LCD
  C:CEFAH         SYMBOL        DIZAH
  C:A332H         SYMBOL        DOES_NOT_MATCHED
  C:A27EH         SYMBOL        DONT_CLEAR_LCD
  C:9E45H         SYMBOL        DONT_NEED_TO_SAVE
  C:1699H         SYMBOL        DOOR1_L
  C:1659H         SYMBOL        DOOR1_R
  C:1719H         SYMBOL        DOOR2_L
  C:16D9H         SYMBOL        DOOR2_R
  N:0004H         SYMBOL        DOOR_EVENT
  C:A3A8H         SYMBOL        DOOR_IS_OPEN
  N:0001H         SYMBOL        DOOR_MASK
  C:C347H         SYMBOL        DOWNLOAD_FROM_MAINTENANCE
  C:C415H         SYMBOL        DOWNLOAD_FROM_MAINTENANCE2
  C:0218H         SYMBOL        DOWNLOAD_MAINTANENCE_L
  C:0240H         SYMBOL        DOWNLOAD_MAINTANENCE_R
  D:0079H         SYMBOL        DOWN_COUNTER
  C:0AE5H         SYMBOL        DOWN_LEFT
  C:0AEDH         SYMBOL        DOWN_RIGHT
  D:0083H         SYMBOL        DPH
  D:0082H         SYMBOL        DPL
  D:004DH         SYMBOL        DP_H
  D:004EH         SYMBOL        DP_L
  C:B51DH         SYMBOL        DRT32
  C:92FFH         SYMBOL        DTFE1
  C:930DH         SYMBOL        DTFE2
  D:006FH         SYMBOL        DTMF_DB
  N:0050H         SYMBOL        DTMF_DB_ADDR_HI
  N:0002H         SYMBOL        DTMF_DB_ADDR_LO
BL51 BANKED LINKER/LOCATER V5.11                                                      07/04/2009  11:35:19  PAGE 11


  D:006EH         SYMBOL        DTMF_DELAY
  N:0050H         SYMBOL        DTMF_DELAY_ADDR_HI
  N:0001H         SYMBOL        DTMF_DELAY_ADDR_LO
  C:0AB5H         SYMBOL        DUAL_LINE
  C:91C6H         SYMBOL        D_CHECK1
  C:9192H         SYMBOL        D_CHECK1_A
  C:91A9H         SYMBOL        D_CHECK1_B
  C:91BEH         SYMBOL        D_CHECK1_C
  C:91D2H         SYMBOL        D_CHECK2
  C:91DEH         SYMBOL        D_CHECK3
  C:B5BCH         SYMBOL        EDRT32
  C:8F52H         SYMBOL        EIGHT_0
  C:8FAAH         SYMBOL        EIGHT_1
  C:9005H         SYMBOL        EIGHT_2
  C:9063H         SYMBOL        EIGHT_3
  C:90B3H         SYMBOL        EIGHT_4
  N:000AH         SYMBOL        EMERGENCY_EVENT
  N:0038H         SYMBOL        EMERGENCY_MAP_ADDR_HI
  N:0045H         SYMBOL        EMERGENCY_MAP_ADDR_LO
  C:D9F7H         SYMBOL        EMERGENCY_MODE
  C:D056H         SYMBOL        EMERGENCY_REPORT
  C:DA30H         SYMBOL        EMERGENCY_RTHN1
  C:DA0EH         SYMBOL        EMERGENCY_VX_0
  C:DA14H         SYMBOL        EMERGENCY_VX_1
  C:DA22H         SYMBOL        EMERGENCY_VX_2
  C:DA2AH         SYMBOL        EMERGENCY_VX_3
  C:A651H         SYMBOL        ENCRYPT_PACK
  C:8F10H         SYMBOL        ENDD
  C:8C1FH         SYMBOL        END_ATF_RECOVERY
  C:D893H         SYMBOL        END_RCV_CMD
  C:95B2H         SYMBOL        END_SCHEDULING_ANSWER_TIME
  C:95DFH         SYMBOL        END_SCHEDULING_DIAL_WAIT_TIME
  C:DA77H         SYMBOL        END_SCHEDULING_GUARD_TIME
  C:BC2FH         SYMBOL        END_SCROLLING_MESSAGE
  C:B531H         SYMBOL        ENEXT_DIGIT_23
  C:A0C5H         SYMBOL        ENGLISH_1
  C:B58CH         SYMBOL        ENO_DIGIT_TO_DISPLAY
  C:0290H         SYMBOL        ENTER_PASS_L
  C:0268H         SYMBOL        ENTER_PASS_R
  N:0091H         SYMBOL        EOR
  N:008DH         SYMBOL        EOU
  C:B5AFH         SYMBOL        EOUT_YR3
  C:B5B5H         SYMBOL        EOUT_YR32
  B:002AH.4       SYMBOL        ERROR
  C:02E0H         SYMBOL        ERROR_L
  C:02B8H         SYMBOL        ERROR_R
  C:B582H         SYMBOL        ESAME_POS_23
  C:B5BFH         SYMBOL        ESTR30
  C:C423H         SYMBOL        ESUR1
  C:B596H         SYMBOL        ETRGD1
  B:00C8H.6       SYMBOL        EXF2
  C:A2E8H         SYMBOL        EXIT_TO_MAIN_STATE
  C:B53DH         SYMBOL        EZX1
  C:B543H         SYMBOL        EZX2
  C:B549H         SYMBOL        EZX3
  C:B54FH         SYMBOL        EZX4
  C:B555H         SYMBOL        EZX5
BL51 BANKED LINKER/LOCATER V5.11                                                      07/04/2009  11:35:19  PAGE 12


  C:B55BH         SYMBOL        EZX6
  C:B561H         SYMBOL        EZX7
  C:B567H         SYMBOL        EZX8
  C:B56DH         SYMBOL        EZX9
  C:B573H         SYMBOL        EZXOUT
  N:00A0H         SYMBOL        FADDR
  C:94FBH         SYMBOL        FAILED_FROM
  C:950DH         SYMBOL        FAILED_TO
  N:00AAH         SYMBOL        FAILLED_CALL
  C:A0BDH         SYMBOL        FARSI_1
  C:DC55H         SYMBOL        FAULT
  C:9250H         SYMBOL        FBCT0
  C:925CH         SYMBOL        FBCT1
  C:9269H         SYMBOL        FBCT2
  C:9271H         SYMBOL        FBCT3
  C:8314H         SYMBOL        FCX_10
  C:8310H         SYMBOL        FCX_11
  C:830AH         SYMBOL        FCX_12
  C:CC67H         SYMBOL        FFFFF
  C:D1CBH         SYMBOL        FGHR1
  C:9CAEH         SYMBOL        FH1
  C:9CB6H         SYMBOL        FH2
  C:9CBEH         SYMBOL        FH3
  C:9CC6H         SYMBOL        FH4
  C:9CCEH         SYMBOL        FH5
  C:9CD6H         SYMBOL        FH6
  C:9CDEH         SYMBOL        FH7
  C:9CE6H         SYMBOL        FH8
  C:9CA8H         SYMBOL        FHYT1
  C:99CEH         SYMBOL        FILL_PAGE
  C:960EH         SYMBOL        FIND_CHARGGING_ZONE_FROM_DAY_TYPE
  C:95FDH         SYMBOL        FIND_DAY_TYPE_FROM_DAY_INDEX
  B:002FH.0       SYMBOL        FIRST_KEY
  B:002DH.4       SYMBOL        FIRST_ZERRO
  C:8F40H         SYMBOL        FIVE_0
  C:8F98H         SYMBOL        FIVE_1
  C:8FF3H         SYMBOL        FIVE_2
  C:9051H         SYMBOL        FIVE_3
  C:90A1H         SYMBOL        FIVE_4
  D:0020H         SYMBOL        FLAGS
  C:A16AH         SYMBOL        FLASH
  D:006DH         SYMBOL        FLASH_DELAY
  N:0050H         SYMBOL        FLASH_DELAY_ADDR_HI
  N:0000H         SYMBOL        FLASH_DELAY_ADDR_LO
  C:1194H         SYMBOL        FMA1_L
  C:11BCH         SYMBOL        FMA1_R
  C:11E4H         SYMBOL        FMA2_L
  C:120CH         SYMBOL        FMA2_R
  C:1234H         SYMBOL        FMA3_L
  C:125CH         SYMBOL        FMA3_R
  C:1284H         SYMBOL        FMA4_L
  C:12ACH         SYMBOL        FMA4_R
  C:12D4H         SYMBOL        FMA5_L
  C:12FCH         SYMBOL        FMA5_R
  C:1324H         SYMBOL        FMA6_L
  C:134CH         SYMBOL        FMA6_R
  C:1374H         SYMBOL        FMA7_L
BL51 BANKED LINKER/LOCATER V5.11                                                      07/04/2009  11:35:19  PAGE 13


  C:139CH         SYMBOL        FMA7_R
  C:13C4H         SYMBOL        FMA8_L
  C:13ECH         SYMBOL        FMA8_R
  C:8F3AH         SYMBOL        FOUR_0
  C:8F92H         SYMBOL        FOUR_1
  C:8FEDH         SYMBOL        FOUR_2
  C:904BH         SYMBOL        FOUR_3
  C:909BH         SYMBOL        FOUR_4
  C:C0D5H         SYMBOL        FRBC1
  C:9D17H         SYMBOL        FREE
  N:00A0H         SYMBOL        FREE_CALL
  D:0057H         SYMBOL        FREE_CALL_NUM_INDEX
  D:0056H         SYMBOL        FREE_CALL_STATUS
  C:A2D7H         SYMBOL        FREE_MEM
  C:D16EH         SYMBOL        FREE_NUM
  N:0018H         SYMBOL        FREE_NUMS_TABLE_ADDR_HI
  N:0034H         SYMBOL        FREE_NUMS_TABLE_ADDR_LO
  C:D2A5H         SYMBOL        FREE_NUM_FGHR1
  C:D675H         SYMBOL        FREE_NUM_KF_1
  C:D680H         SYMBOL        FREE_NUM_KF_2
  C:D678H         SYMBOL        FREE_NUM_KF_3
  C:D29FH         SYMBOL        FREE_NUM_UPDATE_ERROR
  C:D2A3H         SYMBOL        FREE_NUM_UPDATE_NORMAL_END
  C:D257H         SYMBOL        FREE_NUM_ZX_0
  C:D24BH         SYMBOL        FREE_NUM_ZX_01
  C:D280H         SYMBOL        FREE_NUM_ZX_3
  C:D29DH         SYMBOL        FREE_NUM_ZX_4
  N:0000H         SYMBOL        FULL_ACCESS
  C:E480H         SYMBOL        FULL_ACCESS_LEVEL
  N:00BEH         SYMBOL        FULL_BUT_NO_EMERGENCY_KEY
  C:9977H         SYMBOL        FX36
  C:9982H         SYMBOL        FX37
  C:9985H         SYMBOL        FX38
  C:99D1H         SYMBOL        FXF63
  C:99DAH         SYMBOL        FXF64
  C:DE89H         SYMBOL        GBDE1
  C:9CF5H         SYMBOL        GENERATE_COMUNICATION_CODE
  C:8CC1H         SYMBOL        GET_CARD_RESPONSE
  C:D027H         SYMBOL        GFRTE1
  C:C0A5H         SYMBOL        GHFD1
  C:7DC9H         SYMBOL        GNV0
  C:7E49H         SYMBOL        GNV1
  C:7EC9H         SYMBOL        GNV2
  C:7F49H         SYMBOL        GNV3
  C:7FC9H         SYMBOL        GNV4
  C:8049H         SYMBOL        GNV5
  C:80C9H         SYMBOL        GNV6
  C:8149H         SYMBOL        GNV7
  C:81C9H         SYMBOL        GNV8
  C:8249H         SYMBOL        GNV9
  C:DC39H         SYMBOL        GOMASTER
  C:8464H         SYMBOL        GO_AHEAD
  C:A343H         SYMBOL        GO_TO_NEXT_FREE_NUM
  C:AE2AH         SYMBOL        GO_UP
  C:938EH         SYMBOL        GPFT23
  C:9393H         SYMBOL        GPFT55
  C:92F3H         SYMBOL        GTFH_1
BL51 BANKED LINKER/LOCATER V5.11                                                      07/04/2009  11:35:19  PAGE 14


  C:92C5H         SYMBOL        GTFH_2
  C:92C0H         SYMBOL        GTFH_ER
  B:002EH.7       SYMBOL        GUARD
  C:82A3H         SYMBOL        GVUYHV65
  C:E483H         SYMBOL        GVZMP
  C:BD69H         SYMBOL        GYEHUI1
  C:BDEBH         SYMBOL        GYEHUI2
  C:A328H         SYMBOL        GYF1
  C:A301H         SYMBOL        GYF2
  C:CEB9H         SYMBOL        HAND00
  C:CED0H         SYMBOL        HAND01
  C:CEF8H         SYMBOL        HAND02
  C:1899H         SYMBOL        HANDSET1_L
  C:1859H         SYMBOL        HANDSET1_R
  C:1919H         SYMBOL        HANDSET2_L
  C:18D9H         SYMBOL        HANDSET2_R
  N:0038H         SYMBOL        HANDSET_ADDR_HI
  N:00A5H         SYMBOL        HANDSET_ADDR_LO
  B:00B0H.0       SYMBOL        HANDSET_CHK_OUT
  C:E694H         SYMBOL        HANDSET_DAMAGED
  N:0005H         SYMBOL        HANDSET_EVENT
  N:0002H         SYMBOL        HANDSET_MASK
  C:9FAAH         SYMBOL        HEX_TO_DEC
  C:9AD2H         SYMBOL        HH_1
  C:9AEEH         SYMBOL        HH_2
  C:9AFEH         SYMBOL        HH_3
  C:9B2FH         SYMBOL        HH_4
  C:9B3EH         SYMBOL        HH_5
  C:9B1CH         SYMBOL        HH_6
  C:9AB2H         SYMBOL        HH_7
  N:0081H         SYMBOL        HI
  C:8EE4H         SYMBOL        HIGH_BYTE
  C:BBE7H         SYMBOL        HJBRT21
  C:BC06H         SYMBOL        HJBRT22
  C:F031H         SYMBOL        HJSX1
  C:7A35H         SYMBOL        HOOKED
  D:005DH         SYMBOL        HOUR
  N:0008H         SYMBOL        HOUR_ADDR_LO
  N:0038H         SYMBOL        HOUR_UPDATE_MASK_ADDR_HI
  N:002FH         SYMBOL        HOUR_UPDATE_MASK_ADDR_LO
  C:92CDH         SYMBOL        HWDQA1
  C:92DAH         SYMBOL        HWDQA2
  C:DECAH         SYMBOL        HYTP1
  C:DE08H         SYMBOL        HYTP1C
  C:DEFBH         SYMBOL        HYTP2
  C:DE51H         SYMBOL        HYTP2C
  B:0020H.2       SYMBOL        I2CBUSY
  N:00A2H         SYMBOL        I2CRTC
  D:00A8H         SYMBOL        IE
  C:E458H         SYMBOL        IJCV1
  C:A0F9H         SYMBOL        IMIDIATE_FLASH
  N:0046H         SYMBOL        IM_ANTITAP_AGENT
  N:000CH         SYMBOL        INCOMMING_CALL_EVENT
  C:0A45H         SYMBOL        INCOM_L
  C:0A6DH         SYMBOL        INCOM_R
  C:BF92H         SYMBOL        INC_CALL_DURATION
  C:C07AH         SYMBOL        INC_CALL_TIMER
BL51 BANKED LINKER/LOCATER V5.11                                                      07/04/2009  11:35:19  PAGE 15


  C:9C08H         SYMBOL        INC_E2P_COUNTER
  C:BC5CH         SYMBOL        INC_MSG_ADDR
  C:95E7H         SYMBOL        INC_PULSE_COUNT
  C:9515H         SYMBOL        INC_R2_R1
  C:0ABDH         SYMBOL        INDICATE
  C:A853H         SYMBOL        INITIALIZE_ANTITAP
  C:CCDFH         SYMBOL        INITIALIZE_EEP
  C:8970H         SYMBOL        INITIALIZE_LCD
  C:BED1H         SYMBOL        INITIALIZE_VOLUME
  B:002EH.1       SYMBOL        INITIAL_ACCOUNT
  B:002AH.0       SYMBOL        INSERT_CARD_SW
  C:15CEH         SYMBOL        INVALID_L
  C:15F7H         SYMBOL        INVALID_R
  B:002BH.7       SYMBOL        INVALID_SW
  C:E4AFH         SYMBOL        INVERSE_CONVERTION
  D:00B8H         SYMBOL        IP
  C:F16CH         SYMBOL        ISP_ACKK
  C:F21CH         SYMBOL        ISP_BACK13
  C:F21EH         SYMBOL        ISP_BACK14
  C:F254H         SYMBOL        ISP_BYE
  C:F21AH         SYMBOL        ISP_DELAY110M
  C:F114H         SYMBOL        ISP_HH_1
  C:F130H         SYMBOL        ISP_HH_2
  C:F140H         SYMBOL        ISP_HH_3
  C:F171H         SYMBOL        ISP_HH_4
  C:F180H         SYMBOL        ISP_HH_5
  C:F15EH         SYMBOL        ISP_HH_6
  C:F0F4H         SYMBOL        ISP_HH_7
  C:F1E4H         SYMBOL        ISP_INC_E2P_COUNTER
  C:F22DH         SYMBOL        ISP_KFD_1
  C:F237H         SYMBOL        ISP_KFD_3
  C:F22AH         SYMBOL        ISP_KFD_45
  C:F217H         SYMBOL        ISP_KYF_2
  C:F20FH         SYMBOL        ISP_KYF_3
  C:F223H         SYMBOL        ISP_LOAD_E2P_TO_XRAM
  C:F1E0H         SYMBOL        ISP_MX48
  C:F1E3H         SYMBOL        ISP_MX49
  C:F17BH         SYMBOL        ISP_NAK
  C:F0A1H         SYMBOL        ISP_READ_CURRENT
  C:F1FAH         SYMBOL        ISP_READ_E2P_BYTE
  C:F0BEH         SYMBOL        ISP_READ_RANDOM
  C:F247H         SYMBOL        ISP_SET_E2P_BUS
  C:F152H         SYMBOL        ISP_SHIN
  C:F24FH         SYMBOL        ISP_SHORT
  C:F24CH         SYMBOL        ISP_SHORT_DELAY
  C:F11EH         SYMBOL        ISP_SHOUT
  C:F0EFH         SYMBOL        ISP_START
  C:F10EH         SYMBOL        ISP_STOP
  C:F1FEH         SYMBOL        ISP_WDH_1
  C:F207H         SYMBOL        ISP_WDH_3
  C:F18AH         SYMBOL        ISP_WRITE_BYTE
  C:F20AH         SYMBOL        ISP_WRITE_TO_E2P
  C:F1B6H         SYMBOL        ISP_WRITE_ZDATA
  C:F10CH         SYMBOL        ISP_X40
  C:F10DH         SYMBOL        ISP_X41
  C:F123H         SYMBOL        ISP_X42
  C:F159H         SYMBOL        ISP_X43
BL51 BANKED LINKER/LOCATER V5.11                                                      07/04/2009  11:35:19  PAGE 16


  C:F0BAH         SYMBOL        ISP_X44
  C:F0BDH         SYMBOL        ISP_X45
  C:F0E9H         SYMBOL        ISP_X46
  C:F0ECH         SYMBOL        ISP_X47
  C:F1B2H         SYMBOL        ISP_X48
  C:F1B5H         SYMBOL        ISP_X49
  C:9569H         SYMBOL        ITS_AUTO_CHARGGING
  C:8944H         SYMBOL        ITS_A_SIGN
  C:91F5H         SYMBOL        ITS_BLACK
  N:0050H         SYMBOL        ITS_EMERGENCY_REPORT
  C:9566H         SYMBOL        ITS_MANUAL_CHARGGING
  C:91E5H         SYMBOL        ITS_NOT_BLACK
  C:917DH         SYMBOL        ITS_NOT_BLACK_0
  C:917EH         SYMBOL        ITS_NOT_BLACK_1
  C:917FH         SYMBOL        ITS_NOT_BLACK_2
  C:9180H         SYMBOL        ITS_NOT_BLACK_3
  C:9197H         SYMBOL        ITS_NOT_BLACK_A
  C:91ADH         SYMBOL        ITS_NOT_BLACK_B
  C:91C1H         SYMBOL        ITS_NOT_BLACK_C
  C:C0BAH         SYMBOL        ITS_NOT_SAM_CHECK
  C:9219H         SYMBOL        ITS_NOT_VALID_CARD
  C:8CBCH         SYMBOL        ITS_OK
  C:BF38H         SYMBOL        ITS_POST_CHARGE
  C:BF34H         SYMBOL        ITS_PRE_CHARGE
  C:DDB8H         SYMBOL        ITS_RTC_ALARM
  C:C126H         SYMBOL        JBS1
  C:C184H         SYMBOL        JBS10
  C:C12DH         SYMBOL        JBS2
  C:C134H         SYMBOL        JBS3
  C:C13BH         SYMBOL        JBS4
  C:C142H         SYMBOL        JBS5
  C:C149H         SYMBOL        JBS6
  C:C150H         SYMBOL        JBS7
  C:C157H         SYMBOL        JBS8
  C:C15EH         SYMBOL        JBS9
  C:C165H         SYMBOL        JBSCOMPLETE
  C:8B52H         SYMBOL        JFH1
  C:8B55H         SYMBOL        JFH2
  C:A87DH         SYMBOL        JICK_BUZZ
  C:9C79H         SYMBOL        JUMP_DOWN_E2P
  C:9C63H         SYMBOL        JUMP_UP_E2P
  C:9211H         SYMBOL        JUST_CHECK_BLACK_LIST
  C:A337H         SYMBOL        JUST_MATCHED
  C:E584H         SYMBOL        J_CHECK_SAM_1
  C:E596H         SYMBOL        J_NO_SAM
  C:E5A5H         SYMBOL        J_OUT_SAM_TEST
  C:E591H         SYMBOL        J_YES_SAM1
  B:002BH.3       SYMBOL        KEY0_PRESSED
  B:002CH.2       SYMBOL        KEY1_PRESSED
  B:002CH.3       SYMBOL        KEY2_PRESSED
  B:002CH.4       SYMBOL        KEY3_PRESSED
  B:002CH.5       SYMBOL        KEY4_PRESSED
  B:002CH.6       SYMBOL        KEY5_PRESSED
  B:002CH.7       SYMBOL        KEY6_PRESSED
  B:002BH.0       SYMBOL        KEY7_PRESSED
  B:002BH.1       SYMBOL        KEY8_PRESSED
  B:002BH.2       SYMBOL        KEY9_PRESSED
BL51 BANKED LINKER/LOCATER V5.11                                                      07/04/2009  11:35:19  PAGE 17


  B:00A0H.4       SYMBOL        KEYBOARD_CLK
  B:00A0H.6       SYMBOL        KEYBOARD_INPUT
  B:00A0H.5       SYMBOL        KEYBOARD_RST
  C:7D6CH         SYMBOL        KEY_0
  C:7DFFH         SYMBOL        KEY_1
  C:7E7FH         SYMBOL        KEY_2
  C:7EFFH         SYMBOL        KEY_3
  C:7F7FH         SYMBOL        KEY_4
  C:7FFFH         SYMBOL        KEY_5
  C:807FH         SYMBOL        KEY_6
  C:80FFH         SYMBOL        KEY_7
  C:817FH         SYMBOL        KEY_8
  C:81FFH         SYMBOL        KEY_9
  C:874FH         SYMBOL        KEY_FIRE
  C:8325H         SYMBOL        KEY_FLASH
  C:88C4H         SYMBOL        KEY_HELP
  C:88C8H         SYMBOL        KEY_HOOK
  C:8329H         SYMBOL        KEY_LANG
  C:84C3H         SYMBOL        KEY_POLICE
  C:82B9H         SYMBOL        KEY_REDIAL
  C:8295H         SYMBOL        KEY_SHARP
  C:827FH         SYMBOL        KEY_STAR
  C:8603H         SYMBOL        KEY_URGENT
  C:8451H         SYMBOL        KEY_VOL
  C:9BDAH         SYMBOL        KF_1
  C:9BE5H         SYMBOL        KF_2
  C:9BDDH         SYMBOL        KF_3
  C:8CA2H         SYMBOL        KMUL_FIVE
  C:8C3AH         SYMBOL        KN1
  C:8C41H         SYMBOL        KN2
  C:8C45H         SYMBOL        KN3
  C:8C5AH         SYMBOL        KN4
  C:8C5EH         SYMBOL        KN5
  C:8C73H         SYMBOL        KN6
  C:8C77H         SYMBOL        KN7
  C:8C8CH         SYMBOL        KN8
  C:8C90H         SYMBOL        KN9
  B:002DH.0       SYMBOL        KOLANG
  D:0013H         SYMBOL        KOUNT
  C:9B55H         SYMBOL        KYF_2
  C:9B4DH         SYMBOL        KYF_3
  C:6B1DH         SYMBOL        L10A
  C:6B31H         SYMBOL        L10B
  C:6B45H         SYMBOL        L11A
  C:6B59H         SYMBOL        L11B
  C:6B6DH         SYMBOL        L12A
  C:6B81H         SYMBOL        L12B
  C:6B95H         SYMBOL        L13A
  C:6BA9H         SYMBOL        L13B
  C:6BBDH         SYMBOL        L14A
  C:6BD1H         SYMBOL        L14B
  C:6BE5H         SYMBOL        L15A
  C:6BF9H         SYMBOL        L15B
  C:6C0DH         SYMBOL        L15C
  C:6C21H         SYMBOL        L15D
  C:6C35H         SYMBOL        L16A
  C:6C49H         SYMBOL        L16B
BL51 BANKED LINKER/LOCATER V5.11                                                      07/04/2009  11:35:19  PAGE 18


  C:6C5DH         SYMBOL        L16C
  C:6C71H         SYMBOL        L16D
  C:6C85H         SYMBOL        L17A
  C:6C99H         SYMBOL        L17B
  C:6CADH         SYMBOL        L17C
  C:6CC1H         SYMBOL        L17D
  C:6CD5H         SYMBOL        L18A
  C:6CE9H         SYMBOL        L18B
  C:6CFDH         SYMBOL        L18C
  C:6D11H         SYMBOL        L18D
  C:6D25H         SYMBOL        L19A
  C:6D39H         SYMBOL        L19B
  C:6D4DH         SYMBOL        L19C
  C:6D61H         SYMBOL        L19D
  C:6861H         SYMBOL        L1A
  C:6875H         SYMBOL        L1B
  C:6889H         SYMBOL        L1C
  C:E65CH         SYMBOL        L1_CARD_TEST
  C:6D75H         SYMBOL        L20A
  C:6D89H         SYMBOL        L20B
  C:6D9DH         SYMBOL        L20C
  C:6DB1H         SYMBOL        L20D
  C:6DC5H         SYMBOL        L21A
  C:6DD9H         SYMBOL        L21B
  C:6DEDH         SYMBOL        L21C
  C:6E01H         SYMBOL        L21D
  C:6E15H         SYMBOL        L22A
  C:6E29H         SYMBOL        L22B
  C:6E3DH         SYMBOL        L22C
  C:6E51H         SYMBOL        L22D
  C:6E65H         SYMBOL        L23A
  C:6E79H         SYMBOL        L23B
  C:6E8DH         SYMBOL        L23C
  C:6EA1H         SYMBOL        L23D
  C:6EB5H         SYMBOL        L24A
  C:6EC9H         SYMBOL        L24B
  C:6EDDH         SYMBOL        L24C
  C:6EF1H         SYMBOL        L24D
  C:6F05H         SYMBOL        L25A
  C:6F19H         SYMBOL        L25B
  C:6F2DH         SYMBOL        L25C
  C:6F41H         SYMBOL        L25D
  C:6F55H         SYMBOL        L26A
  C:6F69H         SYMBOL        L26B
  C:6F7DH         SYMBOL        L26C
  C:6F91H         SYMBOL        L26D
  C:6FA5H         SYMBOL        L27A
  C:6FB9H         SYMBOL        L27B
  C:6FCDH         SYMBOL        L27C
  C:6FE1H         SYMBOL        L27D
  C:6FF5H         SYMBOL        L28A
  C:7009H         SYMBOL        L28B
  C:701DH         SYMBOL        L28C
  C:7031H         SYMBOL        L28D
  C:7045H         SYMBOL        L29A
  C:7059H         SYMBOL        L29B
  C:706DH         SYMBOL        L29C
BL51 BANKED LINKER/LOCATER V5.11                                                      07/04/2009  11:35:19  PAGE 19


  C:7081H         SYMBOL        L29D
  C:689DH         SYMBOL        L2A
  C:68B1H         SYMBOL        L2B
  C:68C5H         SYMBOL        L2C
  C:68D9H         SYMBOL        L2D
  C:7095H         SYMBOL        L30A
  C:70A9H         SYMBOL        L30B
  C:70BDH         SYMBOL        L31A
  C:70D1H         SYMBOL        L31B
  C:70E5H         SYMBOL        L31C
  C:70F9H         SYMBOL        L31D
  C:710DH         SYMBOL        L32A
  C:7121H         SYMBOL        L32B
  C:7135H         SYMBOL        L32C
  C:7149H         SYMBOL        L32D
  C:715DH         SYMBOL        L33A
  C:7171H         SYMBOL        L34
  C:7185H         SYMBOL        L35
  C:7199H         SYMBOL        L36
  C:71ADH         SYMBOL        L37
  C:71C1H         SYMBOL        L38
  C:71D5H         SYMBOL        L39
  C:68EDH         SYMBOL        L3A
  C:6901H         SYMBOL        L3B
  C:6915H         SYMBOL        L3C
  C:6929H         SYMBOL        L3D
  C:71E9H         SYMBOL        L40
  C:71FDH         SYMBOL        L41
  C:7211H         SYMBOL        L42
  C:7225H         SYMBOL        L43
  C:7239H         SYMBOL        L44
  C:724DH         SYMBOL        L45
  C:7261H         SYMBOL        L46
  C:7275H         SYMBOL        L47
  C:7289H         SYMBOL        L48
  C:729DH         SYMBOL        L49
  C:693DH         SYMBOL        L4A
  C:6951H         SYMBOL        L4B
  C:6965H         SYMBOL        L4C
  C:6979H         SYMBOL        L4D
  C:72B1H         SYMBOL        L50
  C:72C5H         SYMBOL        L51
  C:72D9H         SYMBOL        L52
  C:72EDH         SYMBOL        L53
  C:7301H         SYMBOL        L54
  C:7315H         SYMBOL        L55
  C:7329H         SYMBOL        L56
  C:733DH         SYMBOL        L57
  C:7351H         SYMBOL        L58
  C:7365H         SYMBOL        L59
  C:698DH         SYMBOL        L5A
  C:69A1H         SYMBOL        L5B
  C:69B5H         SYMBOL        L5C
  C:69C9H         SYMBOL        L5D
  C:7379H         SYMBOL        L60
  C:738DH         SYMBOL        L61
  C:73A1H         SYMBOL        L62
BL51 BANKED LINKER/LOCATER V5.11                                                      07/04/2009  11:35:19  PAGE 20


  C:73B5H         SYMBOL        L63
  C:73C9H         SYMBOL        L64
  C:73DDH         SYMBOL        L65
  C:73F1H         SYMBOL        L66
  C:7405H         SYMBOL        L67
  C:7419H         SYMBOL        L68
  C:742DH         SYMBOL        L69
  C:69DDH         SYMBOL        L6A
  C:69F1H         SYMBOL        L6B
  C:6A05H         SYMBOL        L6C
  C:6A19H         SYMBOL        L6D
  C:7441H         SYMBOL        L70
  C:7455H         SYMBOL        L71
  C:7469H         SYMBOL        L72
  C:747DH         SYMBOL        L73
  C:7491H         SYMBOL        L74
  C:74A5H         SYMBOL        L75
  C:74B9H         SYMBOL        L76
  C:74CDH         SYMBOL        L77
  C:74E1H         SYMBOL        L78
  C:74F5H         SYMBOL        L79
  C:6A2DH         SYMBOL        L7A
  C:6A41H         SYMBOL        L7B
  C:6A55H         SYMBOL        L7C
  C:6A69H         SYMBOL        L7D
  C:7509H         SYMBOL        L80
  C:6A7DH         SYMBOL        L8A
  C:6A91H         SYMBOL        L8B
  C:6AA5H         SYMBOL        L8C
  C:6AB9H         SYMBOL        L8D
  C:6ACDH         SYMBOL        L9A
  C:6AE1H         SYMBOL        L9B
  C:6AF5H         SYMBOL        L9C
  C:6B09H         SYMBOL        L9D
  D:0050H         SYMBOL        LANG
  N:000CH         SYMBOL        LANGUAGE_MENU
  C:4CD0H         SYMBOL        LANG_ARABIC
  C:A09CH         SYMBOL        LANG_CHECK_COMPLETE
  C:6828H         SYMBOL        LANG_DEUTSCHE
  C:3178H         SYMBOL        LANG_ENGLISH
  C:1620H         SYMBOL        LANG_FARSI
  N:001BH         SYMBOL        LANG_OFFSET_HI
  N:0058H         SYMBOL        LANG_OFFSET_LO
  B:002EH.4       SYMBOL        LATCH_UP_PULSE_DURATION
  C:9315H         SYMBOL        LBG1
  C:931EH         SYMBOL        LBG2
  D:0020H         SYMBOL        LCD_COMMAND_BUF
  B:002FH.1       SYMBOL        LCD_CS
  B:00B0H.6       SYMBOL        LCD_CS1
  B:00B0H.7       SYMBOL        LCD_CS2
  B:00B0H.5       SYMBOL        LCD_E
  B:00B0H.4       SYMBOL        LCD_RS
  B:0090H.3       SYMBOL        LCD_SW
  C:8955H         SYMBOL        LEFT
  C:0AA5H         SYMBOL        LEFT_LINE
  C:B2E4H         SYMBOL        LEFT_TO_RIGHT_1
  C:AFC5H         SYMBOL        LEFT_TO_RIGHT_DS1
BL51 BANKED LINKER/LOCATER V5.11                                                      07/04/2009  11:35:19  PAGE 21


  C:BBABH         SYMBOL        LEFT_W
  C:BD0FH         SYMBOL        LEFT_X
  C:9D57H         SYMBOL        LETS_SAVE
  C:8A87H         SYMBOL        LEVEL_1
  C:8ABFH         SYMBOL        LEVEL_1_2
  C:8AF8H         SYMBOL        LEVEL_1_3
  C:8B3EH         SYMBOL        LEVEL_1_4
  C:8AA1H         SYMBOL        LEVEL_1_EMPTY
  C:8A98H         SYMBOL        LEVEL_1_FULL
  C:8AA6H         SYMBOL        LEVEL_2
  C:8AEBH         SYMBOL        LEVEL_2_3
  C:8B31H         SYMBOL        LEVEL_2_4
  C:8ACDH         SYMBOL        LEVEL_2_EMPTY
  C:8AB7H         SYMBOL        LEVEL_2_FULL
  C:8AD2H         SYMBOL        LEVEL_3
  C:8B24H         SYMBOL        LEVEL_3_4
  C:8B06H         SYMBOL        LEVEL_3_EMPTY
  C:8AE3H         SYMBOL        LEVEL_3_FULL
  C:8B0BH         SYMBOL        LEVEL_4
  C:8B4CH         SYMBOL        LEVEL_4_EMPTY
  C:8B1CH         SYMBOL        LEVEL_4_FULL
  N:0007H         SYMBOL        LINE_EVENT
  C:AD9CH         SYMBOL        LINE_FA1
  N:0004H         SYMBOL        LINE_MASK
  C:AD35H         SYMBOL        LINE_SA1
  C:B952H         SYMBOL        LINE_SA1J
  C:B9C8H         SYMBOL        LINE_SA1JK
  C:AD50H         SYMBOL        LINE_SA2
  C:B96DH         SYMBOL        LINE_SA2J
  C:B9E3H         SYMBOL        LINE_SA2JK
  C:AD6BH         SYMBOL        LINE_SA3
  C:B988H         SYMBOL        LINE_SA3J
  C:AD86H         SYMBOL        LINE_SA4
  C:B9A3H         SYMBOL        LINE_SA4J
  B:0090H.7       SYMBOL        LINE_SW
  N:0002H         SYMBOL        LINE_SW_EVENT
  C:9FF4H         SYMBOL        LJIIUR34
  C:B074H         SYMBOL        LLJ1
  C:BD5CH         SYMBOL        LOAD_BLACK_LIST_TO_RAM
  C:96F9H         SYMBOL        LOAD_CHARGE_LEVEL_FROM_PRE_NUM
  C:942BH         SYMBOL        LOAD_CHARGGING_ZONE
  C:DD3EH         SYMBOL        LOAD_CURRENT_ALARM
  C:BE5EH         SYMBOL        LOAD_DIALING_RULE
  C:BD38H         SYMBOL        LOAD_E2P_TO_RAM2
  C:DD6EH         SYMBOL        LOAD_EVENT_TIME
  C:9E7DH         SYMBOL        LOAD_OTHER_REPORT_TABLE_CURRENT_ADDR
  C:BF3BH         SYMBOL        LOAD_PAYTOL
  C:BE7EH         SYMBOL        LOAD_PHONE_SETTING
  C:CDC3H         SYMBOL        LOAD_PMS_NUM_ADDRESS
  C:93CAH         SYMBOL        LOAD_PRE_NUM
  C:CCB4H         SYMBOL        LOAD_PROGRAM_TO_ISP_E2P
  C:CCBAH         SYMBOL        LOAD_PROGRAM_TO_ISP_E2P_LOOP
  C:9733H         SYMBOL        LOAD_PULSE_AND_TIMESLOT_FROM_ZONE_AND_LEVEL
  C:9D20H         SYMBOL        LOAD_REPORT_TABLE_CURRENT_ADDR
  C:B5C0H         SYMBOL        LOAD_TIME
  C:BDDAH         SYMBOL        LOAD_WHITE_LIST_TO_RAM
  C:A512H         SYMBOL        LONG1
BL51 BANKED LINKER/LOCATER V5.11                                                      07/04/2009  11:35:19  PAGE 22


  C:A50FH         SYMBOL        LONG2
  C:A50CH         SYMBOL        LONG_DELAY
  C:A38BH         SYMBOL        LOOP_CHECK_HOOK_INCOMMING
  N:000BH         SYMBOL        LOW_BATTERY_EVENT
  C:9396H         SYMBOL        LTMR
  C:7950H         SYMBOL        MAIN
  N:0081H         SYMBOL        MAINTANENCE_CARD_OK
  C:0330H         SYMBOL        MAINTANENCE_L
  N:0083H         SYMBOL        MAINTANENCE_MENU1
  N:008CH         SYMBOL        MAINTANENCE_MENU10
  N:008DH         SYMBOL        MAINTANENCE_MENU11
  N:0084H         SYMBOL        MAINTANENCE_MENU2
  N:0085H         SYMBOL        MAINTANENCE_MENU3
  N:0086H         SYMBOL        MAINTANENCE_MENU4
  N:0087H         SYMBOL        MAINTANENCE_MENU5
  N:0088H         SYMBOL        MAINTANENCE_MENU6
  N:0089H         SYMBOL        MAINTANENCE_MENU7
  N:008AH         SYMBOL        MAINTANENCE_MENU8
  N:008BH         SYMBOL        MAINTANENCE_MENU9
  N:0082H         SYMBOL        MAINTANENCE_PASSWORD_OK
  C:0308H         SYMBOL        MAINTANENCE_R
  C:C2DBH         SYMBOL        MAINTENANCE_ACKK
  C:C277H         SYMBOL        MAINTENANCE_HH_1
  C:C29BH         SYMBOL        MAINTENANCE_HH_2
  C:C2AFH         SYMBOL        MAINTENANCE_HH_3
  C:C2E0H         SYMBOL        MAINTENANCE_HH_4
  C:C2EFH         SYMBOL        MAINTENANCE_HH_5
  C:C2CDH         SYMBOL        MAINTENANCE_HH_6
  C:C257H         SYMBOL        MAINTENANCE_HH_7
  C:7D8DH         SYMBOL        MAINTENANCE_KEY0
  C:7E20H         SYMBOL        MAINTENANCE_KEY1
  C:7EA0H         SYMBOL        MAINTENANCE_KEY2
  C:7F20H         SYMBOL        MAINTENANCE_KEY3
  C:7FA0H         SYMBOL        MAINTENANCE_KEY4
  C:8020H         SYMBOL        MAINTENANCE_KEY5
  C:80A0H         SYMBOL        MAINTENANCE_KEY6
  C:8120H         SYMBOL        MAINTENANCE_KEY7
  C:81A0H         SYMBOL        MAINTENANCE_KEY8
  C:8220H         SYMBOL        MAINTENANCE_KEY9
  C:82AAH         SYMBOL        MAINTENANCE_KEYSHARP
  C:8286H         SYMBOL        MAINTENANCE_KEYSTAR
  C:C329H         SYMBOL        MAINTENANCE_KF_1
  C:C334H         SYMBOL        MAINTENANCE_KF_2
  C:C32CH         SYMBOL        MAINTENANCE_KF_3
  C:C2EAH         SYMBOL        MAINTENANCE_NAK
  C:C3CAH         SYMBOL        MAINTENANCE_READ_BLOCK
  C:C204H         SYMBOL        MAINTENANCE_READ_CURRENT
  C:C337H         SYMBOL        MAINTENANCE_READ_E2P_BYTE
  C:C3BDH         SYMBOL        MAINTENANCE_READ_PAGE
  C:C221H         SYMBOL        MAINTENANCE_READ_RANDOM
  C:82C3H         SYMBOL        MAINTENANCE_REDIAL
  C:C327H         SYMBOL        MAINTENANCE_SAVE_TO_E2P
  B:00B0H.7       SYMBOL        MAINTENANCE_SCL
  B:00B0H.6       SYMBOL        MAINTENANCE_SDA
  C:C2C1H         SYMBOL        MAINTENANCE_SHIN
  C:C281H         SYMBOL        MAINTENANCE_SHOUT
  C:C252H         SYMBOL        MAINTENANCE_START
BL51 BANKED LINKER/LOCATER V5.11                                                      07/04/2009  11:35:19  PAGE 23


  C:C271H         SYMBOL        MAINTENANCE_STOP
  C:C33BH         SYMBOL        MAINTENANCE_WD_1
  C:C344H         SYMBOL        MAINTENANCE_WD_3
  C:C375H         SYMBOL        MAINTENANCE_WRITE_BLOCK
  C:C2F9H         SYMBOL        MAINTENANCE_WRITE_BYTE
  C:C3B0H         SYMBOL        MAINTENANCE_WRITE_PAGE
  C:C3F9H         SYMBOL        MAINTENANCE_X31
  C:C406H         SYMBOL        MAINTENANCE_X32
  C:C40DH         SYMBOL        MAINTENANCE_X33
  C:C40EH         SYMBOL        MAINTENANCE_X34
  C:C410H         SYMBOL        MAINTENANCE_X35
  C:C39CH         SYMBOL        MAINTENANCE_X36
  C:C3A8H         SYMBOL        MAINTENANCE_X37
  C:C3ABH         SYMBOL        MAINTENANCE_X38
  C:C26FH         SYMBOL        MAINTENANCE_X40
  C:C270H         SYMBOL        MAINTENANCE_X41
  C:C286H         SYMBOL        MAINTENANCE_X42
  C:C2C8H         SYMBOL        MAINTENANCE_X43
  C:C21DH         SYMBOL        MAINTENANCE_X44
  C:C220H         SYMBOL        MAINTENANCE_X45
  C:C24CH         SYMBOL        MAINTENANCE_X46
  C:C24FH         SYMBOL        MAINTENANCE_X47
  C:C323H         SYMBOL        MAINTENANCE_X48
  C:C326H         SYMBOL        MAINTENANCE_X49
  C:C3B3H         SYMBOL        MAINTENANCE_X63
  C:C3BCH         SYMBOL        MAINTENANCE_X64
  C:C3C0H         SYMBOL        MAINTENANCE_X72
  C:C3C9H         SYMBOL        MAINTENANCE_X74
  C:A35DH         SYMBOL        MANAGE_INCOMMING_CALL
  C:E083H         SYMBOL        MANUAL_ALARM_SETTING
  N:00AAH         SYMBOL        MANUAL_CHARGE
  C:E1CAH         SYMBOL        MANUAL_DATE_SETTING
  C:BF0AH         SYMBOL        MANUAL_SELECTED
  C:CCE3H         SYMBOL        MANUAL_SETTINGS
  C:DF3CH         SYMBOL        MANUAL_TIME_SETTING
  C:31B1H         SYMBOL        MENU1_1_L
  C:1414H         SYMBOL        MENU1_1_R
  C:3231H         SYMBOL        MENU1_2_L
  C:31F1H         SYMBOL        MENU1_2_R
  C:32B9H         SYMBOL        MENU1_3_L
  C:3279H         SYMBOL        MENU1_3_R
  C:3339H         SYMBOL        MENU1_4_L
  C:32F9H         SYMBOL        MENU1_4_R
  C:33B9H         SYMBOL        MENU2_1_L
  C:3379H         SYMBOL        MENU2_1_R
  C:3439H         SYMBOL        MENU2_2_L
  C:33F9H         SYMBOL        MENU2_2_R
  C:34B9H         SYMBOL        MENU2_3_L
  C:3479H         SYMBOL        MENU2_3_R
  C:3539H         SYMBOL        MENU2_4_L
  C:34F9H         SYMBOL        MENU2_4_R
  C:35B9H         SYMBOL        MENU3_1_L
  C:3579H         SYMBOL        MENU3_1_R
  C:3639H         SYMBOL        MENU3_2_L
  C:35F9H         SYMBOL        MENU3_2_R
  C:36B9H         SYMBOL        MENU3_3_L
  C:3679H         SYMBOL        MENU3_3_R
BL51 BANKED LINKER/LOCATER V5.11                                                      07/04/2009  11:35:19  PAGE 24


  C:3739H         SYMBOL        MENU3_4_L
  C:36F9H         SYMBOL        MENU3_4_R
  C:27D0H         SYMBOL        MENU4_1_L
  C:2790H         SYMBOL        MENU4_1_R
  C:2850H         SYMBOL        MENU4_2_L
  C:2810H         SYMBOL        MENU4_2_R
  C:28D0H         SYMBOL        MENU4_3_L
  C:2890H         SYMBOL        MENU4_3_R
  C:2950H         SYMBOL        MENU4_4_L
  C:2910H         SYMBOL        MENU4_4_R
  C:29D0H         SYMBOL        MENU5_1_L
  C:2990H         SYMBOL        MENU5_1_R
  C:2A50H         SYMBOL        MENU5_2_L
  C:2A10H         SYMBOL        MENU5_2_R
  C:2AD0H         SYMBOL        MENU5_3_L
  C:2A90H         SYMBOL        MENU5_3_R
  C:2B50H         SYMBOL        MENU5_4_L
  C:2B10H         SYMBOL        MENU5_4_R
  C:1D70H         SYMBOL        MENU6_1_L
  C:1E78H         SYMBOL        MENU6_1_R
  C:1DB0H         SYMBOL        MENU6_2_L
  C:1EB8H         SYMBOL        MENU6_2_R
  C:1DF0H         SYMBOL        MENU6_3_L
  C:1EF8H         SYMBOL        MENU6_3_R
  C:1E30H         SYMBOL        MENU6_4_L
  C:1F38H         SYMBOL        MENU6_4_R
  C:1959H         SYMBOL        MENU7_1_L
  C:1A61H         SYMBOL        MENU7_1_R
  C:1999H         SYMBOL        MENU7_2_L
  C:1AA1H         SYMBOL        MENU7_2_R
  C:19D9H         SYMBOL        MENU7_3_L
  C:1AE1H         SYMBOL        MENU7_3_R
  C:1A21H         SYMBOL        MENU7_4_L
  C:1B21H         SYMBOL        MENU7_4_R
  C:D7D2H         SYMBOL        MERGHT1
  C:D7BAH         SYMBOL        MERGHT2
  C:D198H         SYMBOL        MESSAGE
  N:0036H         SYMBOL        MESSAGE_ADDR_HI
  N:002FH         SYMBOL        MESSAGE_ADDR_LO
  C:D5DBH         SYMBOL        MESSAGE_FGHR1
  C:D76AH         SYMBOL        MESSAGE_KF_1
  C:D775H         SYMBOL        MESSAGE_KF_2
  C:D76DH         SYMBOL        MESSAGE_KF_3
  C:D5D5H         SYMBOL        MESSAGE_UPDATE_ERROR
  C:D5D9H         SYMBOL        MESSAGE_UPDATE_NORMAL_END
  C:D580H         SYMBOL        MESSAGE_ZX_0
  C:D574H         SYMBOL        MESSAGE_ZX_01
  C:D5B6H         SYMBOL        MESSAGE_ZX_3
  C:D5D3H         SYMBOL        MESSAGE_ZX_4
  C:88F5H         SYMBOL        METF1
  B:00A0H.7       SYMBOL        MIC_MUTE
  C:A505H         SYMBOL        MID1
  C:A502H         SYMBOL        MID2
  C:A4D8H         SYMBOL        MID21
  C:A4E5H         SYMBOL        MID211
  C:A4F2H         SYMBOL        MID2111
  C:A4F5H         SYMBOL        MID2121
BL51 BANKED LINKER/LOCATER V5.11                                                      07/04/2009  11:35:19  PAGE 25


  C:A4D5H         SYMBOL        MID22
  C:A4E2H         SYMBOL        MID222
  C:A4EFH         SYMBOL        MID2222
  C:A4D2H         SYMBOL        MID2_DELAY
  C:A4DFH         SYMBOL        MID3_DELAY
  C:A4ECH         SYMBOL        MID4_DELAY
  C:A4CBH         SYMBOL        MID51
  C:A4C8H         SYMBOL        MID52
  C:A4C5H         SYMBOL        MID5_DELAY
  C:A4FFH         SYMBOL        MID_DELAY
  C:A0DCH         SYMBOL        MINI_FLASH
  D:005EH         SYMBOL        MINUTE
  N:0009H         SYMBOL        MINUTE_ADDR_LO
  N:0038H         SYMBOL        MINUTE_UPDATE_MASK_ADDR_HI
  N:0031H         SYMBOL        MINUTE_UPDATE_MASK_ADDR_LO
  C:A22CH         SYMBOL        MKHG1
  B:00B0H.6       SYMBOL        MODEM_CLK
  B:00B0H.7       SYMBOL        MODEM_CMD
  N:000FH         SYMBOL        MODEM_CONDITION
  B:00B0H.5       SYMBOL        MODEM_CS
  B:00B0H.3       SYMBOL        MODEM_INT
  B:00B0H.4       SYMBOL        MODEM_REPLY
  C:CD83H         SYMBOL        MODEM_REPLYSYNC
  B:0090H.6       SYMBOL        MODEM_SW
  C:9BB4H         SYMBOL        MODEM_WRITE_BYTE
  C:BF3AH         SYMBOL        MOGT1
  D:007DH         SYMBOL        MONTH
  N:0038H         SYMBOL        MONTH_UPDATE_MASK_ADDR_HI
  N:0038H         SYMBOL        MONTH_UPDATE_MASK_ADDR_LO
  D:0027H         SYMBOL        MSG_ADDR_HI
  D:0028H         SYMBOL        MSG_ADDR_LO
  C:9A7CH         SYMBOL        MSG_READ_RANDOM
  C:BC51H         SYMBOL        MSG_SCR_OUT_TIMER1_1_FFF
  C:BC53H         SYMBOL        MSG_SCR_OUT_TIMER1_2_FFF
  C:BC55H         SYMBOL        MSG_SCR_UYTR1_FFF
  C:9AA7H         SYMBOL        MSG_X46
  C:9AAAH         SYMBOL        MSG_X47
  C:9BFCH         SYMBOL        MSG_ZEWD_1
  C:9C05H         SYMBOL        MSG_ZEWD_3
  C:8E9AH         SYMBOL        MUL_FIVE
  C:8EB1H         SYMBOL        MUL_TEN
  C:A684H         SYMBOL        MV0
  C:A68FH         SYMBOL        MV1
  C:A69AH         SYMBOL        MV2
  C:A6A5H         SYMBOL        MV3
  C:A6B0H         SYMBOL        MV4
  C:A6BBH         SYMBOL        MV5
  C:A6C6H         SYMBOL        MV6
  C:A6D1H         SYMBOL        MV7
  C:9BB0H         SYMBOL        MX48
  C:9BB3H         SYMBOL        MX49
  C:B6E8H         SYMBOL        MXTZX1
  C:B6EEH         SYMBOL        MXTZX2
  C:B6F4H         SYMBOL        MXTZX3
  C:B6FAH         SYMBOL        MXTZX4
  C:B700H         SYMBOL        MXTZX5
  C:B706H         SYMBOL        MXTZX6
BL51 BANKED LINKER/LOCATER V5.11                                                      07/04/2009  11:35:19  PAGE 26


  C:B70CH         SYMBOL        MXTZX7
  C:B712H         SYMBOL        MXTZX8
  C:B718H         SYMBOL        MXTZX9
  C:B71EH         SYMBOL        MXTZXOUT
  C:8DFFH         SYMBOL        N1
  C:8E06H         SYMBOL        N2
  C:8E0AH         SYMBOL        N3
  C:8E1FH         SYMBOL        N4
  C:8E23H         SYMBOL        N5
  C:8E38H         SYMBOL        N6
  C:8E3CH         SYMBOL        N7
  C:8E51H         SYMBOL        N8
  C:8E55H         SYMBOL        N9
  N:00A5H         SYMBOL        NACK
  C:9B39H         SYMBOL        NAK
  B:002EH.5       SYMBOL        NEED_TO_ALERT
  C:DEB9H         SYMBOL        NEGATIVE_HYTP2
  C:DDF7H         SYMBOL        NEGATIVE_HYTP2C
  C:DEEAH         SYMBOL        NEGATIVE_HYTP3
  C:DE36H         SYMBOL        NEGATIVE_HYTP3C
  C:1BC1H         SYMBOL        NEW_ALARM
  D:003EH         SYMBOL        NEW_ALARM_HOUR
  D:003FH         SYMBOL        NEW_ALARM_MINUTE
  D:0042H         SYMBOL        NEW_DAY
  D:003CH         SYMBOL        NEW_HOUR
  D:003DH         SYMBOL        NEW_MINUTE
  D:0043H         SYMBOL        NEW_MONTH
  C:1BF1H         SYMBOL        NEW_TIME
  C:895FH         SYMBOL        NEXT_BYTE
  C:BD19H         SYMBOL        NEXT_BYTE_X
  C:BB8EH         SYMBOL        NEXT_CHAR
  C:A8FAH         SYMBOL        NEXT_COL
  C:82F0H         SYMBOL        NEXT_DIGIT
  C:B498H         SYMBOL        NEXT_DIGIT_23
  C:A282H         SYMBOL        NEXT_NUMBER
  C:93D2H         SYMBOL        NEXT_PRE1
  C:93E2H         SYMBOL        NEXT_PRE2
  C:93F2H         SYMBOL        NEXT_PRE3
  C:9402H         SYMBOL        NEXT_PRE4
  C:9412H         SYMBOL        NEXT_PRE5
  C:9422H         SYMBOL        NEXT_PRE6
  C:A8F4H         SYMBOL        NEXT_ROW
  C:8F58H         SYMBOL        NINE_0
  C:8FB0H         SYMBOL        NINE_1
  C:900BH         SYMBOL        NINE_2
  C:9069H         SYMBOL        NINE_3
  C:90B9H         SYMBOL        NINE_4
  B:0020H.0       SYMBOL        NOACK
  C:7D8FH         SYMBOL        NORMAL_KEY0
  C:7DCDH         SYMBOL        NORMAL_KEY0_0
  C:7D92H         SYMBOL        NORMAL_KEY0_1
  C:7E22H         SYMBOL        NORMAL_KEY1
  C:7E4DH         SYMBOL        NORMAL_KEY1_0
  C:7E25H         SYMBOL        NORMAL_KEY1_1
  C:7EA2H         SYMBOL        NORMAL_KEY2
  C:7ECDH         SYMBOL        NORMAL_KEY2_0
  C:7EA5H         SYMBOL        NORMAL_KEY2_1
BL51 BANKED LINKER/LOCATER V5.11                                                      07/04/2009  11:35:19  PAGE 27


  C:7F22H         SYMBOL        NORMAL_KEY3
  C:7F4DH         SYMBOL        NORMAL_KEY3_0
  C:7F25H         SYMBOL        NORMAL_KEY3_1
  C:7FA2H         SYMBOL        NORMAL_KEY4
  C:7FCDH         SYMBOL        NORMAL_KEY4_0
  C:7FA5H         SYMBOL        NORMAL_KEY4_1
  C:8022H         SYMBOL        NORMAL_KEY5
  C:804DH         SYMBOL        NORMAL_KEY5_0
  C:8025H         SYMBOL        NORMAL_KEY5_1
  C:80A2H         SYMBOL        NORMAL_KEY6
  C:80CDH         SYMBOL        NORMAL_KEY6_0
  C:80A5H         SYMBOL        NORMAL_KEY6_1
  C:8122H         SYMBOL        NORMAL_KEY7
  C:814DH         SYMBOL        NORMAL_KEY7_0
  C:8125H         SYMBOL        NORMAL_KEY7_1
  C:81A2H         SYMBOL        NORMAL_KEY8
  C:81CDH         SYMBOL        NORMAL_KEY8_0
  C:81A5H         SYMBOL        NORMAL_KEY8_1
  C:8222H         SYMBOL        NORMAL_KEY9
  C:824DH         SYMBOL        NORMAL_KEY9_0
  C:8225H         SYMBOL        NORMAL_KEY9_1
  C:82ABH         SYMBOL        NORMAL_KEYSHARP
  C:82B8H         SYMBOL        NORMAL_KEYSHARP_0
  C:82AEH         SYMBOL        NORMAL_KEYSHARP_1
  C:8287H         SYMBOL        NORMAL_KEYSTAR
  C:8294H         SYMBOL        NORMAL_KEYSTAR_0
  C:828AH         SYMBOL        NORMAL_KEYSTAR_1
  C:A371H         SYMBOL        NORMAL_MANAGE_INCOMMING_CALL
  N:000BH         SYMBOL        NORMAL_PHONE
  C:82C4H         SYMBOL        NORMAL_REDIAL
  C:8324H         SYMBOL        NORMAL_REDIAL_0
  C:82C7H         SYMBOL        NORMAL_REDIAL_1
  C:A8A5H         SYMBOL        NOTICE_BUZZ
  C:A2AAH         SYMBOL        NOT_FIRST
  C:9D1BH         SYMBOL        NOT_FREE
  N:00AAH         SYMBOL        NO_ACCESS
  C:799CH         SYMBOL        NO_ALARM
  C:0636H         SYMBOL        NO_BALANCE_L
  C:0604H         SYMBOL        NO_BALANCE_R
  C:8F7DH         SYMBOL        NO_BLANK_1
  C:8FD8H         SYMBOL        NO_BLANK_2
  C:9036H         SYMBOL        NO_BLANK_3
  N:0000H         SYMBOL        NO_CALL
  C:A231H         SYMBOL        NO_CARD
  C:7CE2H         SYMBOL        NO_CARD_DETECTED
  N:0009H         SYMBOL        NO_CHARGE_PULSE_EVENT
  C:B4F3H         SYMBOL        NO_DIGIT_TO_DISPLAY
  C:7A04H         SYMBOL        NO_DOOR
  N:0000H         SYMBOL        NO_EVENT
  N:00B4H         SYMBOL        NO_FREE_CALL
  C:7A38H         SYMBOL        NO_HOOK
  C:CC9DH         SYMBOL        NO_MAINTANENCE
  C:79D0H         SYMBOL        NO_RING
  C:E557H         SYMBOL        NO_SAM
  C:0208H         SYMBOL        NUM0
  C:01AEH         SYMBOL        NUM1
  C:01B8H         SYMBOL        NUM2
BL51 BANKED LINKER/LOCATER V5.11                                                      07/04/2009  11:35:19  PAGE 28


  C:01C2H         SYMBOL        NUM3
  C:01CCH         SYMBOL        NUM4
  C:01D6H         SYMBOL        NUM5
  C:01E0H         SYMBOL        NUM6
  C:01EAH         SYMBOL        NUM7
  C:01F4H         SYMBOL        NUM8
  C:01FEH         SYMBOL        NUM9
  N:00A0H         SYMBOL        OFFLINE_CHARGE
  C:924AH         SYMBOL        OFFLINE_DECREASE_ACCOUNT
  N:0019H         SYMBOL        OFF_CHARGE_TABLE_HI
  N:0026H         SYMBOL        OFF_CHARGE_TABLE_LO
  C:A3A4H         SYMBOL        OFF_HOOK_INCOMMING_CALL
  C:8F28H         SYMBOL        ONE_0
  C:8F80H         SYMBOL        ONE_1
  C:8FDBH         SYMBOL        ONE_2
  C:9039H         SYMBOL        ONE_3
  C:9089H         SYMBOL        ONE_4
  N:00AAH         SYMBOL        ONLINE_CHARGE
  B:002CH.1       SYMBOL        ONLINE_CHARGGING
  C:934FH         SYMBOL        ONLINE_GO_ON
  C:BEFCH         SYMBOL        ONLINE_SELECTED
  C:8448H         SYMBOL        OSD_4
  C:C00EH         SYMBOL        OTFD1
  C:C011H         SYMBOL        OTFD2
  N:0017H         SYMBOL        OTHER_REPORT_ADDR_HI
  C:9F06H         SYMBOL        OTHER_REPORT_ADDR_IS_NOT_VALID
  C:9F04H         SYMBOL        OTHER_REPORT_ADDR_IS_VALID
  N:004CH         SYMBOL        OTHER_REPORT_ADDR_LO
  N:0017H         SYMBOL        OTHER_TABLE_END_ADDR_HI
  N:006CH         SYMBOL        OTHER_TABLE_END_ADDR_LO
  C:1799H         SYMBOL        OUTORDER1_L
  C:1759H         SYMBOL        OUTORDER1_R
  C:17D9H         SYMBOL        OUTORDER2_L
  C:1819H         SYMBOL        OUTORDER2_R
  C:9D1DH         SYMBOL        OUTZJ
  C:8F5EH         SYMBOL        OUT_0
  C:8FB6H         SYMBOL        OUT_1
  C:9011H         SYMBOL        OUT_2
  C:906FH         SYMBOL        OUT_3
  C:90BFH         SYMBOL        OUT_4
  C:A3D5H         SYMBOL        OUT_7YG
  C:E6B9H         SYMBOL        OUT_8YG
  C:E683H         SYMBOL        OUT_9CJHY
  C:E639H         SYMBOL        OUT_9YG
  C:F057H         SYMBOL        OUT_BOOT_LOADER
  C:A22EH         SYMBOL        OUT_CARD
  C:891FH         SYMBOL        OUT_CARD_ALARM
  C:A230H         SYMBOL        OUT_CARD_INSERTION
  C:83A3H         SYMBOL        OUT_CHANGE_NEW_ALARM
  C:83C7H         SYMBOL        OUT_CHANGE_NEW_DATE
  C:837FH         SYMBOL        OUT_CHANGE_NEW_TIME
  C:9247H         SYMBOL        OUT_CHECK_CARD_ACCOUNT_LIMIT
  C:7AE6H         SYMBOL        OUT_CHECK_KEY_ROW1
  C:7B8FH         SYMBOL        OUT_CHECK_KEY_ROW2
  C:7C38H         SYMBOL        OUT_CHECK_KEY_ROW3
  C:7CD9H         SYMBOL        OUT_CHECK_KEY_ROW4
  C:A582H         SYMBOL        OUT_DELAY_DTMF
BL51 BANKED LINKER/LOCATER V5.11                                                      07/04/2009  11:35:19  PAGE 29


  C:96F8H         SYMBOL        OUT_FIND_CHARGGING_ZONE_FROM_DAY_TYPE
  C:9642H         SYMBOL        OUT_FIND_CHARGGING_ZONE_FROM_DAY_TYPE_ADDR
  C:981BH         SYMBOL        OUT_FIND_LEVEL_ADDR
  C:9940H         SYMBOL        OUT_FIND_ZONE
  C:AE97H         SYMBOL        OUT_FRG34
  C:B29CH         SYMBOL        OUT_GBJ8
  C:B2DAH         SYMBOL        OUT_GBJU
  C:BD57H         SYMBOL        OUT_LOAD_E2P_TO_RAM
  C:9952H         SYMBOL        OUT_LOAD_PULSE_AND_TIMESLOT_FROM_ZONE_AND_LEVEL
  C:CC9DH         SYMBOL        OUT_MAINTANENCE
  C:BBAFH         SYMBOL        OUT_NEXT_CHAR
  C:A281H         SYMBOL        OUT_NO_CARD
  C:A24AH         SYMBOL        OUT_NO_CARD1
  C:A77FH         SYMBOL        OUT_OF_ANTITAP_WAIT
  C:91FCH         SYMBOL        OUT_OF_BLACK_LIST_CHECK
  C:7DFEH         SYMBOL        OUT_OF_KEY_0
  C:7E7EH         SYMBOL        OUT_OF_KEY_1
  C:7EFEH         SYMBOL        OUT_OF_KEY_2
  C:7F7EH         SYMBOL        OUT_OF_KEY_3
  C:7FFEH         SYMBOL        OUT_OF_KEY_4
  C:807EH         SYMBOL        OUT_OF_KEY_5
  C:80FEH         SYMBOL        OUT_OF_KEY_6
  C:817EH         SYMBOL        OUT_OF_KEY_7
  C:81FEH         SYMBOL        OUT_OF_KEY_8
  C:827EH         SYMBOL        OUT_OF_KEY_9
  C:88C3H         SYMBOL        OUT_OF_KEY_FIRE
  C:8450H         SYMBOL        OUT_OF_KEY_LANG
  C:8602H         SYMBOL        OUT_OF_KEY_POLICE
  C:8324H         SYMBOL        OUT_OF_KEY_REDIAL
  C:82B8H         SYMBOL        OUT_OF_KEY_SHARP
  C:8294H         SYMBOL        OUT_OF_KEY_STAR
  C:874EH         SYMBOL        OUT_OF_KEY_URGENT
  C:84C2H         SYMBOL        OUT_OF_KEY_VOL
  B:002EH.2       SYMBOL        OUT_OF_SERVICE1
  B:002EH.3       SYMBOL        OUT_OF_SERVICE2
  C:E566H         SYMBOL        OUT_SAM_TEST
  C:A850H         SYMBOL        OUT_SEND_ANTITAP_SIGNAL
  C:CCB3H         SYMBOL        OUT_SOFTWARE_UPDATE
  C:E686H         SYMBOL        OUT_TEST_CARD
  C:C0BDH         SYMBOL        OUT_TIC_TAC
  C:956EH         SYMBOL        OUT_TIMER1_1
  C:958BH         SYMBOL        OUT_TIMER1_1F
  C:DA4FH         SYMBOL        OUT_TIMER1_1_FFF
  C:BF87H         SYMBOL        OUT_TIMER1_1_W
  C:929EH         SYMBOL        OUT_TIMER1_1_X
  C:9570H         SYMBOL        OUT_TIMER1_2
  C:958DH         SYMBOL        OUT_TIMER1_2F
  C:DA51H         SYMBOL        OUT_TIMER1_2_FFF
  C:E63CH         SYMBOL        OUT_TIMER1_2_H
  C:BF89H         SYMBOL        OUT_TIMER1_2_W
  C:92A2H         SYMBOL        OUT_TIMER1_2_X
  C:93A5H         SYMBOL        OUT_TIMER2_LBL
  C:B0A2H         SYMBOL        OUT_TYH5
  C:B0DEH         SYMBOL        OUT_TYH7
  C:B06FH         SYMBOL        OUT_TYHHH
  C:B2EAH         SYMBOL        OUT_VBG15
  C:B05BH         SYMBOL        OUT_VBGDS15
BL51 BANKED LINKER/LOCATER V5.11                                                      07/04/2009  11:35:19  PAGE 30


  C:84A4H         SYMBOL        OUT_VOLUME_LEVEL
  C:B516H         SYMBOL        OUT_YR3
  C:B50BH         SYMBOL        OUT_YR32
  D:0044H         SYMBOL        OVERLOAD
  C:82CFH         SYMBOL        OVER_KEY_DIALED
  C:82CBH         SYMBOL        OVER_NO_MEM
  C:895FH         SYMBOL        OVER_RIGHT
  C:BD19H         SYMBOL        OVER_RIGHT_X
  D:0080H         SYMBOL        P0
  D:0090H         SYMBOL        P1
  D:00A0H         SYMBOL        P2
  D:00B0H         SYMBOL        P3
  N:0000H         SYMBOL        PADDR
  N:0001H         SYMBOL        PADDR2
  D:0041H         SYMBOL        PAYTEMP_HI
  D:0040H         SYMBOL        PAYTEMP_LO
  N:0038H         SYMBOL        PAYTOL_ADDR_HI
  N:003AH         SYMBOL        PAYTOL_ADDR_LO
  D:0043H         SYMBOL        PAYTOL_HI
  D:0042H         SYMBOL        PAYTOL_LO
  C:E3BEH         SYMBOL        PHONE
  D:0015H         SYMBOL        PHONE_ACCESS_LEVEL
  N:0038H         SYMBOL        PHONE_ACTIVITY_LEVEL_ADDR_HI
  N:0046H         SYMBOL        PHONE_ACTIVITY_LEVEL_ADDR_LO
  N:0038H         SYMBOL        PHONE_GROUP_ADDR_HI
  N:0050H         SYMBOL        PHONE_GROUP_ADDR_LO
  C:0380H         SYMBOL        PHONE_SETTINGS_L
  C:0358H         SYMBOL        PHONE_SETTINGS_R
  C:A36BH         SYMBOL        PMS_MANAGE_INCOMMING_CALL
  C:D168H         SYMBOL        PMS_NUM
  C:D237H         SYMBOL        PMS_NUM_FGHR1
  C:D652H         SYMBOL        PMS_NUM_KF_1
  C:D65DH         SYMBOL        PMS_NUM_KF_2
  C:D655H         SYMBOL        PMS_NUM_KF_3
  C:D231H         SYMBOL        PMS_NUM_UPDATE_ERROR
  C:D235H         SYMBOL        PMS_NUM_UPDATE_NORMAL_END
  C:D1E9H         SYMBOL        PMS_NUM_ZX_0
  C:D1DDH         SYMBOL        PMS_NUM_ZX_01
  C:D212H         SYMBOL        PMS_NUM_ZX_3
  C:D22FH         SYMBOL        PMS_NUM_ZX_4
  C:BE91H         SYMBOL        POIKIJ2
  C:BE99H         SYMBOL        POIKIJ3
  C:BEA1H         SYMBOL        POIKIJ4
  C:BEA9H         SYMBOL        POIKIJ5
  C:BEACH         SYMBOL        POIKIJ6
  C:DEABH         SYMBOL        POSITIVE_HYTP2
  C:DDE9H         SYMBOL        POSITIVE_HYTP2C
  C:DEDCH         SYMBOL        POSITIVE_HYTP3
  C:DE1AH         SYMBOL        POSITIVE_HYTP3C
  C:A33AH         SYMBOL        POXCM1
  C:9439H         SYMBOL        PRE1_F_START
  C:93D5H         SYMBOL        PRE1_IS_FF
  C:944AH         SYMBOL        PRE2_F_START
  C:93E5H         SYMBOL        PRE2_IS_FF
  C:945BH         SYMBOL        PRE3_F_START
  C:93F5H         SYMBOL        PRE3_IS_FF
  C:946CH         SYMBOL        PRE4_F_START
BL51 BANKED LINKER/LOCATER V5.11                                                      07/04/2009  11:35:19  PAGE 31


  C:9405H         SYMBOL        PRE4_IS_FF
  C:947DH         SYMBOL        PRE5_F_START
  C:9415H         SYMBOL        PRE5_IS_FF
  C:948EH         SYMBOL        PRE6_F_START
  C:9425H         SYMBOL        PRE6_IS_FF
  C:CCE4H         SYMBOL        PREVIOUS_DPTR
  D:0019H         SYMBOL        PRE_1
  D:001AH         SYMBOL        PRE_2
  D:001BH         SYMBOL        PRE_3
  D:001CH         SYMBOL        PRE_4
  D:001DH         SYMBOL        PRE_5
  D:001EH         SYMBOL        PRE_6
  B:002BH.6       SYMBOL        PRE_CHARGE
  D:0067H         SYMBOL        PRIMARY_ACCOUNT_HI
  D:0068H         SYMBOL        PRIMARY_ACCOUNT_LO
  C:D1A6H         SYMBOL        PROGRAM_UPDATE
  C:DAF0H         SYMBOL        PROGRAM_UPDATE_ERROR
  C:DB0EH         SYMBOL        PROGRAM_UPDATE_FGHR1
  C:DB17H         SYMBOL        PROGRAM_UPDATE_KF_1
  C:DB22H         SYMBOL        PROGRAM_UPDATE_KF_2
  C:DB1AH         SYMBOL        PROGRAM_UPDATE_KF_3
  C:DB00H         SYMBOL        PROGRAM_UPDATE_NORMAL_END
  C:DA9BH         SYMBOL        PROGRAM_UPDATE_ZX_0
  C:DA8FH         SYMBOL        PROGRAM_UPDATE_ZX_01
  C:DAD1H         SYMBOL        PROGRAM_UPDATE_ZX_3
  C:DAEEH         SYMBOL        PROGRAM_UPDATE_ZX_4
  D:00D0H         SYMBOL        PSW
  D:005CH         SYMBOL        PULSE_COEF
  D:0071H         SYMBOL        PULSE_COUNT_HI
  D:0072H         SYMBOL        PULSE_COUNT_LO
  C:C11BH         SYMBOL        PULSE_DIAL
  D:0078H         SYMBOL        PULSE_DURATION
  C:BEE9H         SYMBOL        PULSE_SELECTED
  B:002AH.7       SYMBOL        PUSH_TO_TALK
  C:BF19H         SYMBOL        PUSH_TO_TALK_SELECTED
  C:C165H         SYMBOL        QQFS1
  C:8929H         SYMBOL        Q_KEY_DOOR
  C:892DH         SYMBOL        Q_KEY_RING
  C:8925H         SYMBOL        Q_KEY_RTC
  D:0011H         SYMBOL        R2_BANK3
  D:0012H         SYMBOL        R3_BANK3
  C:DC8CH         SYMBOL        RBACK
  C:DC8EH         SYMBOL        RBACLK
  C:DC70H         SYMBOL        RBLOOP
  N:00CBH         SYMBOL        RCAP2H
[...]
  C:8D7CH         SYMBOL        SKX_28
  C:8D86H         SYMBOL        SKX_29
  C:8CE8H         SYMBOL        SKX_3
  C:8D86H         SYMBOL        SKX_30
  C:8D90H         SYMBOL        SKX_31
  C:8D90H         SYMBOL        SKX_32
  C:8D9AH         SYMBOL        SKX_33
  C:8D9AH         SYMBOL        SKX_34
  C:8DA4H         SYMBOL        SKX_35
  C:8DA4H         SYMBOL        SKX_36
  C:8DAEH         SYMBOL        SKX_37
  C:8CF6H         SYMBOL        SKX_4
  C:8D00H         SYMBOL        SKX_5
BL51 BANKED LINKER/LOCATER V5.11                                                      07/04/2009  11:35:19  PAGE 39


  C:8D02H         SYMBOL        SKX_6
  C:8D0CH         SYMBOL        SKX_7
  C:8D0EH         SYMBOL        SKX_8
  C:8D18H         SYMBOL        SKX_9
  C:0AC5H         SYMBOL        SLASH
  D:000AH         SYMBOL        SLVADR
  C:D8B6H         SYMBOL        SM_1
  C:CC9EH         SYMBOL        SOFTWARE_UPDATE
  C:0470H         SYMBOL        SOFTWARE_UPDATE_L
  C:0448H         SYMBOL        SOFTWARE_UPDATE_R
  N:0017H         SYMBOL        SOFTWARE_VERSION_ADDR_HI
  N:006CH         SYMBOL        SOFTWARE_VERSION_ADDR_LO
  C:9950H         SYMBOL        SOME_ERROR_IN_CHARGGING_ELEMENTS
  C:8CB3H         SYMBOL        SOME_THING_WRONG
  N:0099H         SYMBOL        SOR
  N:0095H         SYMBOL        SOU
  D:0081H         SYMBOL        SP
  B:00B0H.2       SYMBOL        SPM_INT
  N:0010H         SYMBOL        SPM_MASK
  C:9384H         SYMBOL        SPM_OFFLINE
  C:93A2H         SYMBOL        SPM_OFFLINE_LBL
  C:9326H         SYMBOL        SPM_ONLINE
  C:D839H         SYMBOL        SQFR1
  C:9121H         SYMBOL        SRP11
  C:9148H         SYMBOL        SRP12
  C:7DC4H         SYMBOL        SST0
  C:7E44H         SYMBOL        SST1
  C:7EC4H         SYMBOL        SST2
  C:7F44H         SYMBOL        SST3
  C:7FC4H         SYMBOL        SST4
  C:8044H         SYMBOL        SST5
  C:80C4H         SYMBOL        SST6
  C:8144H         SYMBOL        SST7
  C:81C4H         SYMBOL        SST8
  C:8244H         SYMBOL        SST9
  C:8B67H         SYMBOL        ST1355
  B:0090H.5       SYMBOL        STANDBY_SW
  C:0B05H         SYMBOL        STAR
  C:9AADH         SYMBOL        START
  C:92F6H         SYMBOL        START_AUTO_CHARGE
  D:0025H         SYMBOL        START_COL
  N:001EH         SYMBOL        START_FREE_CALL
  C:92B3H         SYMBOL        START_OFFLINE_CHARGGING
  C:92ADH         SYMBOL        START_ONLINE_CHARGGING
  D:0024H         SYMBOL        START_ROW
  C:E5B6H         SYMBOL        START_SAM_KILL
  C:9594H         SYMBOL        START_SCHEDULING_ANSWER_TIME
  C:95BAH         SYMBOL        START_SCHEDULING_DIAL_WAIT_TIME
  C:DA5AH         SYMBOL        START_SCHEDULING_GUARD_TIME
  C:BC07H         SYMBOL        START_SCROLLING_MESSAGE
  C:BFAFH         SYMBOL        START_TIC_TAC
  D:0051H         SYMBOL        STATE
  D:002FH         SYMBOL        STATUS_FLAGS
  C:9ACCH         SYMBOL        STOP
  C:92B0H         SYMBOL        STOP_ONLINE_CHARGGING
  C:E5CEH         SYMBOL        STOP_SAM_KILL
  C:BFDFH         SYMBOL        STOP_TIC_TAC
BL51 BANKED LINKER/LOCATER V5.11                                                      07/04/2009  11:35:19  PAGE 40


  C:B520H         SYMBOL        STR30
  C:94F4H         SYMBOL        STRIKE
  C:A323H         SYMBOL        STRIKED
  C:04C0H         SYMBOL        SUCCESS_L
  C:0498H         SYMBOL        SUCCESS_R
  C:E6BCH         SYMBOL        SWD1
  C:9B82H         SYMBOL        SX48
  C:9B85H         SYMBOL        SX49
  C:DB97H         SYMBOL        SYNCHRONIZATION_ERROR
  C:DB9DH         SYMBOL        SYNCHRONIZATION_FGHR1
  C:DB9BH         SYMBOL        SYNCHRONIZATION_NORMAL_END
  C:DB51H         SYMBOL        SYNCHRONIZATION_ZX_0
  C:DB45H         SYMBOL        SYNCHRONIZATION_ZX_01
  C:DB78H         SYMBOL        SYNCHRONIZATION_ZX_3
  C:DB95H         SYMBOL        SYNCHRONIZATION_ZX_4
  C:D1ACH         SYMBOL        SYNCHRONIZE
  C:DBA0H         SYMBOL        SYNCHRONIZE_RTC
  C:BEFEH         SYMBOL        SZV1
  C:BF1DH         SYMBOL        SZV2
  D:0052H         SYMBOL        T0_C1
  D:0053H         SYMBOL        T0_C2
  D:0054H         SYMBOL        T1_C1
  D:0055H         SYMBOL        T1_C2
  D:0058H         SYMBOL        T1_C3
  N:00C8H         SYMBOL        T2CON
  N:00C9H         SYMBOL        T2MOD
  D:0076H         SYMBOL        T2_C1
  D:0077H         SYMBOL        T2_C2
  B:0090H.2       SYMBOL        TEL_SW
  D:0045H         SYMBOL        TEMP
  C:83BBH         SYMBOL        TERFUH26
  C:83C7H         SYMBOL        TERFUH27
  C:A252H         SYMBOL        TERG12
  C:A268H         SYMBOL        TERG13
  C:A86FH         SYMBOL        TEST_BUZZ
  C:E645H         SYMBOL        TEST_CARD_READER_SHORT_CONNECTION
  C:7C53H         SYMBOL        TEST_KEY_0
  C:7A3EH         SYMBOL        TEST_KEY_1
  C:7A5CH         SYMBOL        TEST_KEY_2
  C:7A7AH         SYMBOL        TEST_KEY_3
  C:7AE7H         SYMBOL        TEST_KEY_4
  C:7B05H         SYMBOL        TEST_KEY_5
  C:7B23H         SYMBOL        TEST_KEY_6
  C:7B90H         SYMBOL        TEST_KEY_7
  C:7BAEH         SYMBOL        TEST_KEY_8
  C:7BCCH         SYMBOL        TEST_KEY_9
  C:7B75H         SYMBOL        TEST_KEY_DOOR
  C:7CA5H         SYMBOL        TEST_KEY_EMERGENCY
  C:7C04H         SYMBOL        TEST_KEY_FIRE
  C:7BEAH         SYMBOL        TEST_KEY_FLASH
  C:7C8BH         SYMBOL        TEST_KEY_HELP
  C:7C1EH         SYMBOL        TEST_KEY_HOOK
  C:7AB2H         SYMBOL        TEST_KEY_LANG
  C:7B5BH         SYMBOL        TEST_KEY_POLICE
  C:7B41H         SYMBOL        TEST_KEY_REDIAL
  C:7CBFH         SYMBOL        TEST_KEY_RING
  C:7ACCH         SYMBOL        TEST_KEY_RTC
BL51 BANKED LINKER/LOCATER V5.11                                                      07/04/2009  11:35:19  PAGE 41


  C:7C71H         SYMBOL        TEST_KEY_SHARP
  C:7C39H         SYMBOL        TEST_KEY_STAR
  C:7A98H         SYMBOL        TEST_KEY_VOL
  C:8A8EH         SYMBOL        TEST_LEVEL_1
  C:8AADH         SYMBOL        TEST_LEVEL_2
  C:8AD9H         SYMBOL        TEST_LEVEL_3
  C:8B12H         SYMBOL        TEST_LEVEL_4
  C:E316H         SYMBOL        TEST_MONTH1
  C:E379H         SYMBOL        TEST_MONTH10
  C:E384H         SYMBOL        TEST_MONTH11
  C:E38FH         SYMBOL        TEST_MONTH12
  C:E321H         SYMBOL        TEST_MONTH2
  C:E32CH         SYMBOL        TEST_MONTH3
  C:E337H         SYMBOL        TEST_MONTH4
  C:E342H         SYMBOL        TEST_MONTH5
  C:E34DH         SYMBOL        TEST_MONTH6
  C:E358H         SYMBOL        TEST_MONTH7
  C:E363H         SYMBOL        TEST_MONTH8
  C:E36EH         SYMBOL        TEST_MONTH9
  C:7CE5H         SYMBOL        TEST_ROW1
  C:7D07H         SYMBOL        TEST_ROW2
  C:7D29H         SYMBOL        TEST_ROW3
  C:7D4BH         SYMBOL        TEST_ROW4
  C:E4DCH         SYMBOL        TEST_SAM
  C:E577H         SYMBOL        TEST_SAM_2
  D:0023H         SYMBOL        TEXTURE_LENGTH
  B:00C8H.7       SYMBOL        TF2
  C:A2FDH         SYMBOL        TFC1
  C:9F1BH         SYMBOL        TFWEKJ2
  C:9F7FH         SYMBOL        TFWEKJ234
  D:008CH         SYMBOL        TH0
  D:008DH         SYMBOL        TH1
  N:00CDH         SYMBOL        TH2
  C:0AFDH         SYMBOL        THICK_BAR
  C:8F34H         SYMBOL        THREE_0
  C:8F8CH         SYMBOL        THREE_1
  C:8FE7H         SYMBOL        THREE_2
  C:9045H         SYMBOL        THREE_3
  C:9095H         SYMBOL        THREE_4
  C:BF63H         SYMBOL        TIC_TAC
  C:C0B0H         SYMBOL        TIC_TAC_OR_SAM
  B:002AH.5       SYMBOL        TIME_SET_H_M
  C:0ACDH         SYMBOL        TIME_SIGN
  D:005AH         SYMBOL        TIME_SLOT_HI
  D:005BH         SYMBOL        TIME_SLOT_LO
  C:92E9H         SYMBOL        TJK1
  D:008AH         SYMBOL        TL0
  D:008BH         SYMBOL        TL1
  N:00CCH         SYMBOL        TL2
  D:0089H         SYMBOL        TMOD
  D:0032H         SYMBOL        TMP
  D:0034H         SYMBOL        TMP_BUF
  C:BD34H         SYMBOL        TMR_00
  C:C197H         SYMBOL        TONE_DIAL
  B:002DH.2       SYMBOL        TONE_DIALING
  B:0088H.4       SYMBOL        TR0
  B:0088H.6       SYMBOL        TR1
BL51 BANKED LINKER/LOCATER V5.11                                                      07/04/2009  11:35:19  PAGE 42


  B:00C8H.2       SYMBOL        TR2
  C:B4FDH         SYMBOL        TRGD1
  C:BF79H         SYMBOL        TRYEG1
  C:8F2EH         SYMBOL        TWO_0
  C:8F86H         SYMBOL        TWO_1
  C:8FE1H         SYMBOL        TWO_2
  C:903FH         SYMBOL        TWO_3
  C:908FH         SYMBOL        TWO_4
  C:A17BH         SYMBOL        TYFRE1
  C:A10AH         SYMBOL        TYFRE1I
  C:B64DH         SYMBOL        TZX1
  C:B653H         SYMBOL        TZX2
  C:B659H         SYMBOL        TZX3
  C:B65FH         SYMBOL        TZX4
  C:B665H         SYMBOL        TZX5
  C:B66BH         SYMBOL        TZX6
  C:B671H         SYMBOL        TZX7
  C:B677H         SYMBOL        TZX8
  C:B67DH         SYMBOL        TZX9
  C:B683H         SYMBOL        TZXOUT
  C:A2DEH         SYMBOL        UHEQ1
  C:8373H         SYMBOL        UHERFUH23
  C:837FH         SYMBOL        UHERFUH25
  C:8397H         SYMBOL        UHERFUH26
  C:83A3H         SYMBOL        UHERFUH27
  C:9FB5H         SYMBOL        UHEYG1
  C:9FBEH         SYMBOL        UHEYG2
  C:9FC7H         SYMBOL        UHEYG3
  C:9FDBH         SYMBOL        UHUWH1
  C:9FE5H         SYMBOL        UHUWH2
  C:9FEFH         SYMBOL        UHUWH3
  C:0A95H         SYMBOL        UNDERLINE
  C:85A0H         SYMBOL        UOHER1
  C:D14EH         SYMBOL        UPDATE
  C:DE6AH         SYMBOL        UPDATE_ALARM
  C:DE96H         SYMBOL        UPDATE_CLOCK
  C:D1B5H         SYMBOL        UPDATE_COMPLETE
  C:DDD4H         SYMBOL        UPDATE_DATE
  C:D1C5H         SYMBOL        UPDATE_ERROR
  N:00A1H         SYMBOL        UPDATE_MASK
  C:D1C9H         SYMBOL        UPDATE_NORMAL_END
  C:0A9DH         SYMBOL        UPPERLINE
  C:0AD5H         SYMBOL        UP_LEFT
  C:0ADDH         SYMBOL        UP_RIGHT
  C:7D9AH         SYMBOL        UR1
  C:7DA5H         SYMBOL        UR2
  C:8DE3H         SYMBOL        UYGEYFG1
  C:90E6H         SYMBOL        UYGEYFG2
  C:9FCDH         SYMBOL        UYTEW21
  C:958FH         SYMBOL        UYTR1
  C:DA53H         SYMBOL        UYTR1_FFF
  C:9188H         SYMBOL        U_CHECK1
  C:919EH         SYMBOL        U_CHECK2
  C:91B3H         SYMBOL        U_CHECK3
  B:002CH.4       SYMBOL        U_ERROR
  C:8E7AH         SYMBOL        VALID_0
  C:8E92H         SYMBOL        VALID_1
BL51 BANKED LINKER/LOCATER V5.11                                                      07/04/2009  11:35:19  PAGE 43


  B:002DH.7       SYMBOL        VALID_CARD
  C:B485H         SYMBOL        VALID_DISPLAY
  D:003BH         SYMBOL        VAR_1
  C:A0DBH         SYMBOL        VCDE1
  C:8C22H         SYMBOL        VERIFY_DECREASE_ACCOUNT
  C:01ADH         SYMBOL        VERSION
  C:BE70H         SYMBOL        VGY1
  C:BE79H         SYMBOL        VGY2
  C:BE7DH         SYMBOL        VGY3
  D:006BH         SYMBOL        VIRT_ACCOUNT_HI
  D:006CH         SYMBOL        VIRT_ACCOUNT_LO
  C:AE5CH         SYMBOL        VNDF1
  C:AE5FH         SYMBOL        VNDF2
  B:0090H.4       SYMBOL        VOICE_SW
  B:00A0H.3       SYMBOL        VOLUME0
  B:0090H.5       SYMBOL        VOLUME1
  D:0026H         SYMBOL        VOLUME_LEVEL
  C:8482H         SYMBOL        VOLUME_LEVEL_1
  C:848BH         SYMBOL        VOLUME_LEVEL_2
  C:8494H         SYMBOL        VOLUME_LEVEL_3
  C:849DH         SYMBOL        VOLUME_LEVEL_4
  C:D9ADH         SYMBOL        VX_0
  C:D9B3H         SYMBOL        VX_1
  C:D9C1H         SYMBOL        VX_2
  C:D9CCH         SYMBOL        VX_3
  N:0001H         SYMBOL        WAIT_FOR_DIAL
  C:A72BH         SYMBOL        WAIT_FOR_START
  C:A728H         SYMBOL        WAIT_FOR_SYNC
  C:A72EH         SYMBOL        WAIT_FOR_TRIGGER
  C:9C26H         SYMBOL        WAIT_IF_BUSY
  C:9C46H         SYMBOL        WAIT_IF_BUSY2
  B:002AH.1       SYMBOL        WAIT_SW
  C:D0C8H         SYMBOL        WD_0
  C:D0D1H         SYMBOL        WD_1
  C:D0DBH         SYMBOL        WD_2
  C:D0DDH         SYMBOL        WD_3
  C:D0BFH         SYMBOL        WD_34
  C:D0E2H         SYMBOL        WD_5
  C:D12BH         SYMBOL        WD_6
  C:D13FH         SYMBOL        WD_7
  C:D18CH         SYMBOL        WHITE_LIST
  N:0031H         SYMBOL        WHITE_LIST_ADDR_HI
  N:0029H         SYMBOL        WHITE_LIST_ADDR_LO
  C:D4F2H         SYMBOL        WHITE_LIST_FGHR1
  C:D724H         SYMBOL        WHITE_LIST_KF_1
  C:D72FH         SYMBOL        WHITE_LIST_KF_2
  C:D727H         SYMBOL        WHITE_LIST_KF_3
  N:03E8H         SYMBOL        WHITE_LIST_RAM_ADDR
  C:D4ECH         SYMBOL        WHITE_LIST_UPDATE_ERROR
  C:D4F0H         SYMBOL        WHITE_LIST_UPDATE_NORMAL_END
  C:D497H         SYMBOL        WHITE_LIST_ZX_0
  C:D48BH         SYMBOL        WHITE_LIST_ZX_01
  C:D4CDH         SYMBOL        WHITE_LIST_ZX_3
  C:D4EAH         SYMBOL        WHITE_LIST_ZX_4
  C:9E00H         SYMBOL        WMSJ1
  C:9D03H         SYMBOL        WORLD
  N:00A3H         SYMBOL        WORLD_CALL
BL51 BANKED LINKER/LOCATER V5.11                                                      07/04/2009  11:35:19  PAGE 44


  C:998AH         SYMBOL        WRITE_BLOCK
  C:F068H         SYMBOL        WRITE_BSB
  C:9B58H         SYMBOL        WRITE_BYTE
  C:89E9H         SYMBOL        WRITE_CARD
  C:89CDH         SYMBOL        WRITE_CARD2
  C:8A0CH         SYMBOL        WRITE_CARRY_CARD
  C:9953H         SYMBOL        WRITE_FF
  C:F07CH         SYMBOL        WRITE_FLASH_BYTE
  C:F088H         SYMBOL        WRITE_FLASH_PAGE
  C:9C3EH         SYMBOL        WRITE_INTERNAL_E2P
  C:99C4H         SYMBOL        WRITE_PAGE
  C:F09CH         SYMBOL        WRITE_SBV
  C:9B48H         SYMBOL        WRITE_TO_E2P
  C:9B86H         SYMBOL        WRITE_ZDATA
  C:0510H         SYMBOL        WRONG_PASS_L
  C:04E8H         SYMBOL        WRONG_PASS_R
  C:D14DH         SYMBOL        WRQW1
  C:C351H         SYMBOL        WRRTF1
  C:C64AH         SYMBOL        WRRTF10
  C:C680H         SYMBOL        WRRTF11
  C:C6B6H         SYMBOL        WRRTF12
  C:C466H         SYMBOL        WRRTF1X
  C:C49AH         SYMBOL        WRRTF2
  C:C4CEH         SYMBOL        WRRTF3
  C:C502H         SYMBOL        WRRTF4
  C:C536H         SYMBOL        WRRTF5
  C:C56AH         SYMBOL        WRRTF6
  C:C5A8H         SYMBOL        WRRTF7
  C:C5DEH         SYMBOL        WRRTF8
  C:C614H         SYMBOL        WRRTF9
  C:7DF2H         SYMBOL        WSFD10
  C:7E72H         SYMBOL        WSFD11
  C:7EF2H         SYMBOL        WSFD12
  C:7F72H         SYMBOL        WSFD13
  C:7FF2H         SYMBOL        WSFD14
  C:8072H         SYMBOL        WSFD15
  C:80F2H         SYMBOL        WSFD16
  C:8172H         SYMBOL        WSFD17
  C:81F2H         SYMBOL        WSFD18
  C:8272H         SYMBOL        WSFD19
  C:7DFCH         SYMBOL        WSFD20
  C:7E7CH         SYMBOL        WSFD21
  C:7EFCH         SYMBOL        WSFD22
  C:7F7CH         SYMBOL        WSFD23
  C:7FFCH         SYMBOL        WSFD24
  C:807CH         SYMBOL        WSFD25
  C:80FCH         SYMBOL        WSFD26
  C:817CH         SYMBOL        WSFD27
  C:81FCH         SYMBOL        WSFD28
  C:827CH         SYMBOL        WSFD29
  C:8EA3H         SYMBOL        WWW
  C:A52CH         SYMBOL        W_DELAY
  C:9A14H         SYMBOL        X31
  C:9A20H         SYMBOL        X32
  C:9A26H         SYMBOL        X33
  C:9A27H         SYMBOL        X34
  C:9A29H         SYMBOL        X35
BL51 BANKED LINKER/LOCATER V5.11                                                      07/04/2009  11:35:19  PAGE 45


  C:99B1H         SYMBOL        X36
  C:99BCH         SYMBOL        X37
  C:99BFH         SYMBOL        X38
  C:9ACAH         SYMBOL        X40
  C:9ACBH         SYMBOL        X41
  C:9AE1H         SYMBOL        X42
  C:9B17H         SYMBOL        X43
  C:9A47H         SYMBOL        X44
  C:9A4AH         SYMBOL        X45
  C:9A76H         SYMBOL        X46
  C:9A79H         SYMBOL        X47
  C:9BD5H         SYMBOL        X48
  C:9BD7H         SYMBOL        X49
  C:99C4H         SYMBOL        X63
  C:99CDH         SYMBOL        X64
  C:99DEH         SYMBOL        X72
  C:99E7H         SYMBOL        X74
  C:A687H         SYMBOL        XC0
  C:A692H         SYMBOL        XC1
  C:A69DH         SYMBOL        XC2
  C:A6A8H         SYMBOL        XC3
  C:A6B3H         SYMBOL        XC4
  C:A6BEH         SYMBOL        XC5
  C:A6C9H         SYMBOL        XC6
  C:A6D4H         SYMBOL        XC7
  C:86ECH         SYMBOL        XIUEFH1
  C:B7E9H         SYMBOL        XLINE_FA1
  C:B782H         SYMBOL        XLINE_SA1
  C:B79DH         SYMBOL        XLINE_SA2
  C:B7B8H         SYMBOL        XLINE_SA3
  C:B7D3H         SYMBOL        XLINE_SA4
  D:000BH         SYMBOL        XMTDAT
  C:BEEBH         SYMBOL        XRDG1
  C:B698H         SYMBOL        XTZX1
  C:B69EH         SYMBOL        XTZX2
  C:B6A4H         SYMBOL        XTZX3
  C:B6AAH         SYMBOL        XTZX4
  C:B6B0H         SYMBOL        XTZX5
  C:B6B6H         SYMBOL        XTZX6
  C:B6BCH         SYMBOL        XTZX7
  C:B6C2H         SYMBOL        XTZX8
  C:B6C8H         SYMBOL        XTZX9
  C:B6CEH         SYMBOL        XTZXOUT
  D:007EH         SYMBOL        YEAR
  C:CC98H         SYMBOL        YES_MAINTANENCE
  C:E501H         SYMBOL        YES_SAM1
  C:E51CH         SYMBOL        YES_SAM2
  C:E537H         SYMBOL        YES_SAM3
  C:E552H         SYMBOL        YES_SAM4
  C:C1F1H         SYMBOL        YEWA1
  C:C1F4H         SYMBOL        YEWA2
  C:A215H         SYMBOL        YOUR_IN_MAIN_STATE_1
  C:A1B0H         SYMBOL        YOUR_IN_MAIN_STATE_2
  C:8A5AH         SYMBOL        YRFG1
  C:7D8AH         SYMBOL        YS0
  C:7E1DH         SYMBOL        YS1
  C:7E9DH         SYMBOL        YS2
BL51 BANKED LINKER/LOCATER V5.11                                                      07/04/2009  11:35:19  PAGE 46


  C:7F1DH         SYMBOL        YS3
  C:7F9DH         SYMBOL        YS4
  C:801DH         SYMBOL        YS5
  C:809DH         SYMBOL        YS6
  C:811DH         SYMBOL        YS7
  C:819DH         SYMBOL        YS8
  C:821DH         SYMBOL        YS9
  C:9574H         SYMBOL        YUHG1
  C:843CH         SYMBOL        YULANG
  C:82C0H         SYMBOL        YUREDIAL
  C:8458H         SYMBOL        YUVOL
  C:A241H         SYMBOL        YYFGQ1
  D:004FH         SYMBOL        ZDATA
  C:A351H         SYMBOL        ZDRT1
  C:A34FH         SYMBOL        ZDRT2
  C:8F22H         SYMBOL        ZERRO_0
  C:8F72H         SYMBOL        ZERRO_1
  C:8FCAH         SYMBOL        ZERRO_2
  C:9025H         SYMBOL        ZERRO_3
  C:9083H         SYMBOL        ZERRO_4
  N:0038H         SYMBOL        ZERRO_PREVENT_ADDR_HI
  N:0044H         SYMBOL        ZERRO_PREVENT_ADDR_LO
  C:9BECH         SYMBOL        ZEWD_1
  C:9BF5H         SYMBOL        ZEWD_3
  C:D8BCH         SYMBOL        ZFR_1
  C:D8CEH         SYMBOL        ZGR_2
  D:0014H         SYMBOL        ZONE
  C:B4A4H         SYMBOL        ZX1
  C:B4AAH         SYMBOL        ZX2
  C:B4B0H         SYMBOL        ZX3
  C:B4B6H         SYMBOL        ZX4
  C:B4BCH         SYMBOL        ZX5
  C:B4C2H         SYMBOL        ZX6
  C:B4C8H         SYMBOL        ZX7
  C:B4CEH         SYMBOL        ZX8
  C:B4D4H         SYMBOL        ZX9
  C:B4DAH         SYMBOL        ZXOUT
  C:0000H         LINE#         8
  C:0003H         LINE#         12
  C:0006H         LINE#         13
  C:000BH         LINE#         16
  C:000EH         LINE#         17
  C:0013H         LINE#         20
  C:001BH         LINE#         23
  C:001EH         LINE#         24
  C:002BH         LINE#         27
  C:002EH         LINE#         28
  -------         ENDMOD        TEL

Program Size: data=8.0 xdata=0 code=62058
LINK/LOCATE RUN COMPLETE.  0 WARNING(S),  0 ERROR(S)
