BL51 BANKED LINKER/LOCATER V5.11                                                        03/14/2010  09:10:22  PAGE 1


BL51 BANKED LINKER/LOCATER V5.11, INVOKED BY:
C:\KEIL\C51\BIN\BL51.EXE Tel.obj TO tel RAMSIZE (256)


INPUT MODULES INCLUDED:
  Tel.obj (TEL)


LINK MAP OF MODULE:  tel (TEL)


            TYPE    BASE      LENGTH    RELOCATION   SEGMENT NAME
            -----------------------------------------------------

            * * * * * * *   D A T A   M E M O R Y   * * * * * * *
            REG     0000H     0008H     ABSOLUTE     "REG BANK 0"

            * * * * * * *   C O D E   M E M O R Y   * * * * * * *
            CODE    0000H     F26AH     ABSOLUTE     



SYMBOL TABLE OF MODULE:  tel (TEL)

  VALUE           TYPE          NAME
  ----------------------------------

  -------         MODULE        TEL
  B:00D0H.6       SYMBOL        AC
  D:00E0H         SYMBOL        ACC
  B:002FH.4       SYMBOL        ACCESS0
  B:002FH.5       SYMBOL        ACCESS1
  N:00A5H         SYMBOL        ACK
  C:9B67H         SYMBOL        ACKK
  B:0090H.0       SYMBOL        ADDR1_0
  B:0090H.1       SYMBOL        ADDR1_1
  D:004CH         SYMBOL        ADDR_HI
  D:004BH         SYMBOL        ADDR_LO
  C:E237H         SYMBOL        ADD_DAY_TO_INDEX_0
  C:8F25H         SYMBOL        ADD_IT
  C:A0DCH         SYMBOL        ADD_LANG_OFFSET
  C:A30BH         SYMBOL        ADD_MEMORY
  C:93CEH         SYMBOL        ADD_TO_PAYTEMP
  C:9185H         SYMBOL        AGAIN_BLACK
  C:9208H         SYMBOL        AGAIN_BLACK_MID
  C:A8D0H         SYMBOL        ALARM_BUZZ
  C:892FH         SYMBOL        ALARM_CARD_AGAIN
  N:0003H         SYMBOL        ALARM_EVENT
  B:002AH.6       SYMBOL        ALARM_SET_H_M
  N:0038H         SYMBOL        ALARM_UPDATE_MASK_ADDR_HI
  N:0033H         SYMBOL        ALARM_UPDATE_MASK_ADDR_LO
  C:920AH         SYMBOL        ALL_CHECKED_NO_BLACK
  C:CD7FH         SYMBOL        ANSWER
  C:CF5DH         SYMBOL        ANSWER_IS_ACK
  C:CF72H         SYMBOL        ANSWER_IS_NACK
  C:D7C4H         SYMBOL        ANSWER_MODE
  B:002BH.4       SYMBOL        ANSWER_RECEIVED
  D:0073H         SYMBOL        ANSWER_TIME
BL51 BANKED LINKER/LOCATER V5.11                                                      03/14/2010  09:10:22  PAGE 2


  N:0038H         SYMBOL        ANSWER_TIME_ADDR_HI
  N:0040H         SYMBOL        ANSWER_TIME_ADDR_LO
  N:0038H         SYMBOL        ANTITAPACTIVATE_ADDR_HI
  N:0057H         SYMBOL        ANTITAPACTIVATE_ADDR_LO
  B:00A0H.0       SYMBOL        ANTITAP_CLK
  B:00A0H.1       SYMBOL        ANTITAP_COM
  B:00A0H.2       SYMBOL        ANTITAP_CSN
  B:00B0H.1       SYMBOL        ANTITAP_REPLY
  C:A64DH         SYMBOL        ANTITAP_REPLYSYNC
  C:0C38H         SYMBOL        ANTI_TAP_VALUE
  C:A10AH         SYMBOL        ARABIC_1
  C:9EB9H         SYMBOL        ARMFT1
  C:8B8DH         SYMBOL        ATFX1
  C:8C1DH         SYMBOL        ATFX1_1
  C:8C2AH         SYMBOL        ATFX1_2
  C:8C31H         SYMBOL        ATFX1_3
  C:8C3BH         SYMBOL        ATFX1_4
  C:8BF8H         SYMBOL        ATFX2_1
  C:8C02H         SYMBOL        ATFX2_2
  C:8C09H         SYMBOL        ATFX2_3
  C:8C13H         SYMBOL        ATFX2_4
  C:8BD3H         SYMBOL        ATFX3_1
  C:8BDDH         SYMBOL        ATFX3_2
  C:8BE4H         SYMBOL        ATFX3_3
  C:8BEEH         SYMBOL        ATFX3_4
  C:8BAEH         SYMBOL        ATFX4_1
  C:8BB8H         SYMBOL        ATFX4_2
  C:8BBFH         SYMBOL        ATFX4_3
  C:8BC9H         SYMBOL        ATFX4_4
  C:8B79H         SYMBOL        ATF_RECOVERY
  C:0A05H         SYMBOL        ATLEAST
  C:A88FH         SYMBOL        ATTENTION_BUZZ
  C:A7CCH         SYMBOL        AT_CMX00
  C:A671H         SYMBOL        AT_CMX01
  C:A7DCH         SYMBOL        AT_CMX02
  C:A65BH         SYMBOL        AT_CMX03
  C:A7C1H         SYMBOL        AT_CMXCMDSYNC
  N:00A1H         SYMBOL        AUTHEN
  C:910BH         SYMBOL        AUTHENTICATE
  N:00A0H         SYMBOL        AUTO_CHARGE
  N:00A2H         SYMBOL        AUXR1
  D:00F0H         SYMBOL        B
  C:A604H         SYMBOL        BACK10
  C:A606H         SYMBOL        BACK11
  C:A644H         SYMBOL        BACK13
  C:A646H         SYMBOL        BACK14
  C:A611H         SYMBOL        BACK15
  C:A57DH         SYMBOL        BACK15_FLASH
  C:A633H         SYMBOL        BACK15_YY
  C:A622H         SYMBOL        BACK15_ZZ
  C:A613H         SYMBOL        BACK16
  C:A57FH         SYMBOL        BACK16_FLASH
  C:A635H         SYMBOL        BACK16_YY
  C:A624H         SYMBOL        BACK16_ZZ
  C:A615H         SYMBOL        BACK17
  C:A581H         SYMBOL        BACK17_FLASH
  C:A637H         SYMBOL        BACK17_YY
BL51 BANKED LINKER/LOCATER V5.11                                                      03/14/2010  09:10:22  PAGE 3


  C:A626H         SYMBOL        BACK17_ZZ
  C:A251H         SYMBOL        BACK_TO_MAIN_STATE1
  C:A1ECH         SYMBOL        BACK_TO_MAIN_STATE2
  C:0AF5H         SYMBOL        BAR
  N:0020H         SYMBOL        BATTERY_MASK
  C:9FBDH         SYMBOL        BCD_TO_DEC
  C:A2E8H         SYMBOL        BCEE1
  C:9C67H         SYMBOL        BGF1
  C:9C74H         SYMBOL        BGF2
  C:9C8AH         SYMBOL        BGH1
  C:9C99H         SYMBOL        BGH2
  D:0008H         SYMBOL        BITCNT
  C:DA9AH         SYMBOL        BITDLY
  C:CFCDH         SYMBOL        BLACK_LIST
  N:002CH         SYMBOL        BLACK_LIST_ADDR_HI
  N:0079H         SYMBOL        BLACK_LIST_ADDR_LO
  C:D2C4H         SYMBOL        BLACK_LIST_FGHR1
  C:D54EH         SYMBOL        BLACK_LIST_KF_1
  C:D559H         SYMBOL        BLACK_LIST_KF_2
  C:D551H         SYMBOL        BLACK_LIST_KF_3
  N:0000H         SYMBOL        BLACK_LIST_RAM_ADDR
  C:D2BEH         SYMBOL        BLACK_LIST_UPDATE_ERROR
  C:D2C2H         SYMBOL        BLACK_LIST_UPDATE_NORMAL_END
  C:D269H         SYMBOL        BLACK_LIST_ZX_0
  C:D25DH         SYMBOL        BLACK_LIST_ZX_01
  C:D29FH         SYMBOL        BLACK_LIST_ZX_3
  C:D2BCH         SYMBOL        BLACK_LIST_ZX_4
  B:002DH.3       SYMBOL        BLACK_WHITE
  N:0038H         SYMBOL        BL_TIME_ADDR_HI
  N:004CH         SYMBOL        BL_TIME_ADDR_LO
  C:F000H         SYMBOL        BOOT_LOADER
  B:0020H.1       SYMBOL        BUSFAULT
  C:A896H         SYMBOL        BUZZ0
  C:A8BEH         SYMBOL        BUZZ11
  C:A8B0H         SYMBOL        BUZZ2
  C:A8D7H         SYMBOL        BUZZ24
  B:00B0H.5       SYMBOL        BUZZER
  C:9536H         SYMBOL        BVCX2
  N:00BDH         SYMBOL        BYE
  C:A41AH         SYMBOL        BYE3
  D:0009H         SYMBOL        BYTECNT
  D:007AH         SYMBOL        CALL_DURATION_HI
  D:007BH         SYMBOL        CALL_DURATION_LO
  C:D744H         SYMBOL        CALL_MODE
  C:CCFAH         SYMBOL        CALL_PMS
  C:D7C0H         SYMBOL        CALL_RTHN1
  D:0074H         SYMBOL        CALL_TIMER_HOUR
  D:0075H         SYMBOL        CALL_TIMER_MINUTE
  D:0016H         SYMBOL        CALL_TYPE
  C:D76CH         SYMBOL        CALL_VX_0
  C:D772H         SYMBOL        CALL_VX_1
  C:D77BH         SYMBOL        CALL_VX_2
  C:D781H         SYMBOL        CALL_VX_3
  C:D78AH         SYMBOL        CALL_VX_4
  C:8DFEH         SYMBOL        CAL_ACCOUNT
  D:0029H         SYMBOL        CARD_ALARM_COUNTER
  N:0038H         SYMBOL        CARD_CHANGE_WAIT_TIME_ADDR_HI
BL51 BANKED LINKER/LOCATER V5.11                                                      03/14/2010  09:10:22  PAGE 4


  N:004AH         SYMBOL        CARD_CHANGE_WAIT_TIME_ADDR_LO
  B:002EH.0       SYMBOL        CARD_CHECK_POLICY
  N:0038H         SYMBOL        CARD_CHECK_POLICY_ADDR_HI
  N:004BH         SYMBOL        CARD_CHECK_POLICY_ADDR_LO
  B:00B0H.6       SYMBOL        CARD_CLOCK
  C:A564H         SYMBOL        CARD_DEL1
  C:A561H         SYMBOL        CARD_DEL2
  C:A55EH         SYMBOL        CARD_DELAY
  B:00A0H.6       SYMBOL        CARD_DETECT
  C:A571H         SYMBOL        CARD_DEWL1
  C:A56EH         SYMBOL        CARD_DEWL2
  C:7CE5H         SYMBOL        CARD_IN
  D:005FH         SYMBOL        CARD_INFO
  B:00B0H.4       SYMBOL        CARD_INPUT
  C:A22BH         SYMBOL        CARD_INSERTION
  N:0040H         SYMBOL        CARD_MASK
  C:9125H         SYMBOL        CARD_NOT_DETECTED
  C:9140H         SYMBOL        CARD_NOT_VALID
  B:00B0H.5       SYMBOL        CARD_OUTPUT
  N:000DH         SYMBOL        CARD_READER_EVENT
  B:00B0H.7       SYMBOL        CARD_RESET
  B:002FH.6       SYMBOL        CARD_STATUS
  B:0090H.4       SYMBOL        CARD_SW
  C:A778H         SYMBOL        CB1
  C:A780H         SYMBOL        CB2
  C:A788H         SYMBOL        CB3
  C:A790H         SYMBOL        CB4
  C:A798H         SYMBOL        CB5
  C:A7A0H         SYMBOL        CB6
  C:A7A8H         SYMBOL        CB7
  C:A7B0H         SYMBOL        CB8
  C:0D70H         SYMBOL        CHANGE1_L
  C:0D38H         SYMBOL        CHANGE1_R
  C:0DE0H         SYMBOL        CHANGE2_L
  C:0DA8H         SYMBOL        CHANGE2_R
  C:0E50H         SYMBOL        CHANGE3_L
  C:0E18H         SYMBOL        CHANGE3_R
  C:0EC0H         SYMBOL        CHANGE4_L
  C:0E88H         SYMBOL        CHANGE4_R
  C:83CFH         SYMBOL        CHANGE_NEW_DAY2
  C:837BH         SYMBOL        CHANGE_NEW_HOUR
  C:839FH         SYMBOL        CHANGE_NEW_HOUR2
  C:8387H         SYMBOL        CHANGE_NEW_MINUTE
  C:83ABH         SYMBOL        CHANGE_NEW_MINUTE2
  C:83C3H         SYMBOL        CHANGE_NEW_MONTH2
  D:0010H         SYMBOL        CHARGE_LEVEL
  C:975BH         SYMBOL        CHARGE_LEVEL_RDTG1
  C:9766H         SYMBOL        CHARGE_LEVEL_RDTG2
  C:976BH         SYMBOL        CHARGE_LEVEL_RDTG3
  C:974EH         SYMBOL        CHARGE_LEVEL_RDTG4
  N:0028H         SYMBOL        CHARGE_LEVEL_TABLE_ADDR_HI
  N:0062H         SYMBOL        CHARGE_LEVEL_TABLE_ADDR_LO
  N:0038H         SYMBOL        CHARGE_PRIORITY_ADDR_HI
  N:0051H         SYMBOL        CHARGE_PRIORITY_ADDR_LO
  C:CFC1H         SYMBOL        CHARGE_SCHEDULER
  C:D1DBH         SYMBOL        CHARGE_SCHEDULER_FGHR1
  C:D508H         SYMBOL        CHARGE_SCHEDULER_KF_1
BL51 BANKED LINKER/LOCATER V5.11                                                      03/14/2010  09:10:22  PAGE 5


  C:D513H         SYMBOL        CHARGE_SCHEDULER_KF_2
  C:D50BH         SYMBOL        CHARGE_SCHEDULER_KF_3
  C:D1D5H         SYMBOL        CHARGE_SCHEDULER_UPDATE_ERROR
  C:D1D9H         SYMBOL        CHARGE_SCHEDULER_UPDATE_NORMAL_END
  C:D18DH         SYMBOL        CHARGE_SCHEDULER_ZX_0
  C:D181H         SYMBOL        CHARGE_SCHEDULER_ZX_01
  C:D1B6H         SYMBOL        CHARGE_SCHEDULER_ZX_3
  C:D1D3H         SYMBOL        CHARGE_SCHEDULER_ZX_4
  N:002AH         SYMBOL        CHARGGINGSCHEDULLER_TABLE_ADDR_HI
  N:00BCH         SYMBOL        CHARGGINGSCHEDULLER_TABLE_ADDR_LO
  B:002EH.6       SYMBOL        CHARGGING_ROUTINE
  N:0038H         SYMBOL        CHARGGING_ROUTINE_ADDR_HI
  N:003FH         SYMBOL        CHARGGING_ROUTINE_ADDR_LO
  N:0038H         SYMBOL        CHARGGING_TYPE_ADDR_HI
  N:003EH         SYMBOL        CHARGGING_TYPE_ADDR_LO
  C:CFBBH         SYMBOL        CHARGING
  C:D16DH         SYMBOL        CHARGING_FGHR1
  C:D4E5H         SYMBOL        CHARGING_KF_1
  C:D4F0H         SYMBOL        CHARGING_KF_2
  C:D4E8H         SYMBOL        CHARGING_KF_3
  C:D167H         SYMBOL        CHARGING_UPDATE_ERROR
  C:D16BH         SYMBOL        CHARGING_UPDATE_NORMAL_END
  C:D112H         SYMBOL        CHARGING_ZX_0
  C:D106H         SYMBOL        CHARGING_ZX_01
  C:D148H         SYMBOL        CHARGING_ZX_3
  C:D165H         SYMBOL        CHARGING_ZX_4
  C:C266H         SYMBOL        CHECK_0
  C:C26CH         SYMBOL        CHECK_1
  C:C272H         SYMBOL        CHECK_2
  C:C278H         SYMBOL        CHECK_3
  C:C27EH         SYMBOL        CHECK_4
  C:C284H         SYMBOL        CHECK_5
  C:C28AH         SYMBOL        CHECK_6
  C:C290H         SYMBOL        CHECK_7
  C:C296H         SYMBOL        CHECK_8
  C:C29CH         SYMBOL        CHECK_9
  C:CF4FH         SYMBOL        CHECK_ANSWER
  C:A0C0H         SYMBOL        CHECK_ARABIC
  C:BFCCH         SYMBOL        CHECK_AUTO
  C:917AH         SYMBOL        CHECK_BLACK_LIST
  C:9221H         SYMBOL        CHECK_BLACK_WHITE_CONDITION
  C:9F59H         SYMBOL        CHECK_CALL_REPORT_TABLE_ADDRESS_VALIDITY
  C:9238H         SYMBOL        CHECK_CARD_ACCOUNT_LIMIT
  C:9F6AH         SYMBOL        CHECK_C_V_1
  C:9F7CH         SYMBOL        CHECK_C_V_2
  C:9F90H         SYMBOL        CHECK_C_V_3
  C:9FA5H         SYMBOL        CHECK_C_V_4
  C:DA62H         SYMBOL        CHECK_DIAL_TONE
  C:DA84H         SYMBOL        CHECK_DIAL_TONE_AGAIN
  C:79D3H         SYMBOL        CHECK_DOOR_CONDITION
  C:A0CBH         SYMBOL        CHECK_DUTCH
  C:A0B8H         SYMBOL        CHECK_ENGLISH
  C:9D4FH         SYMBOL        CHECK_FREE_2
  C:E310H         SYMBOL        CHECK_FREE_ACCESS_LEVEL
  C:945FH         SYMBOL        CHECK_FROM_FIELD
  C:E318H         SYMBOL        CHECK_FULL_BUT_NO_EMERGENCY_KEY
  C:E49BH         SYMBOL        CHECK_HANDSET
BL51 BANKED LINKER/LOCATER V5.11                                                      03/14/2010  09:10:22  PAGE 6


  C:7A07H         SYMBOL        CHECK_HOOK_CONDITION
  C:7A3EH         SYMBOL        CHECK_KEY_ROW1
  C:7AE7H         SYMBOL        CHECK_KEY_ROW2
  C:7B90H         SYMBOL        CHECK_KEY_ROW3
  C:7C39H         SYMBOL        CHECK_KEY_ROW4
  C:CAB4H         SYMBOL        CHECK_MAINTANENCE_CARD
  C:CA6CH         SYMBOL        CHECK_MAINTANENCE_PASSWORD
  C:C24EH         SYMBOL        CHECK_NEXT_STEP_DIAL
  C:A0D9H         SYMBOL        CHECK_OTHER
  C:9EF5H         SYMBOL        CHECK_OTHER_REPORT_TABLE_ADDRESS_VALIDITY
  C:9F06H         SYMBOL        CHECK_O_V_1
  C:9F18H         SYMBOL        CHECK_O_V_2
  C:9F2CH         SYMBOL        CHECK_O_V_3
  C:9F41H         SYMBOL        CHECK_O_V_4
  C:9333H         SYMBOL        CHECK_PAY_OVERLOAD
  C:A0B3H         SYMBOL        CHECK_PERSIAN
  C:799FH         SYMBOL        CHECK_RING_CONDITION
  C:E382H         SYMBOL        CHECK_SAM_1
  C:E39DH         SYMBOL        CHECK_SAM_2
  C:E3B8H         SYMBOL        CHECK_SAM_3
  C:E3D3H         SYMBOL        CHECK_SAM_4
  C:C2A8H         SYMBOL        CHECK_SHARP
  C:C2A2H         SYMBOL        CHECK_STAR
  C:94C6H         SYMBOL        CHECK_TO_FIELD
  C:925BH         SYMBOL        CHK_10000_TOMANI
  C:9241H         SYMBOL        CHK_2000_TOMANI
  C:924FH         SYMBOL        CHK_5000_TOMANI
  C:CF5AH         SYMBOL        CHK_ACK
  C:9637H         SYMBOL        CHK_DAY_TYPE_1
  C:9642H         SYMBOL        CHK_DAY_TYPE_2
  C:964DH         SYMBOL        CHK_DAY_TYPE_3
  C:9658H         SYMBOL        CHK_DAY_TYPE_4
  C:9663H         SYMBOL        CHK_DAY_TYPE_5
  C:A599H         SYMBOL        CHK_DELAY_DTMF_2
  C:A5A7H         SYMBOL        CHK_DELAY_DTMF_3
  C:A5B8H         SYMBOL        CHK_DELAY_DTMF_4
  C:8751H         SYMBOL        CHK_FIRE_MENU1
  C:881EH         SYMBOL        CHK_FIRE_MENU10
  C:8826H         SYMBOL        CHK_FIRE_MENU11
  C:8763H         SYMBOL        CHK_FIRE_MENU2
  C:877BH         SYMBOL        CHK_FIRE_MENU3
  C:878DH         SYMBOL        CHK_FIRE_MENU4
  C:879FH         SYMBOL        CHK_FIRE_MENU5
  C:87BCH         SYMBOL        CHK_FIRE_MENU6
  C:87D6H         SYMBOL        CHK_FIRE_MENU7
  C:87F0H         SYMBOL        CHK_FIRE_MENU8
  C:8801H         SYMBOL        CHK_FIRE_MENU9
  C:882EH         SYMBOL        CHK_FIRE_OTHER
  C:9D8BH         SYMBOL        CHK_FREE_2
  C:8337H         SYMBOL        CHK_LANG_MENU1
  C:840FH         SYMBOL        CHK_LANG_MENU10
  C:8438H         SYMBOL        CHK_LANG_MENU11
  C:8348H         SYMBOL        CHK_LANG_MENU2
  C:8359H         SYMBOL        CHK_LANG_MENU3
  C:8367H         SYMBOL        CHK_LANG_MENU4
  C:8375H         SYMBOL        CHK_LANG_MENU5
  C:8399H         SYMBOL        CHK_LANG_MENU6
BL51 BANKED LINKER/LOCATER V5.11                                                      03/14/2010  09:10:22  PAGE 7


  C:83BDH         SYMBOL        CHK_LANG_MENU7
  C:83E1H         SYMBOL        CHK_LANG_MENU8
  C:83F2H         SYMBOL        CHK_LANG_MENU9
  C:8455H         SYMBOL        CHK_LANG_OTHER
  C:BC5AH         SYMBOL        CHK_LEFT
  C:9777H         SYMBOL        CHK_LEVEL_1
  C:97DFH         SYMBOL        CHK_LEVEL_10
  C:97EAH         SYMBOL        CHK_LEVEL_11
  C:97F5H         SYMBOL        CHK_LEVEL_12
  C:9800H         SYMBOL        CHK_LEVEL_13
  C:980BH         SYMBOL        CHK_LEVEL_14
  C:9816H         SYMBOL        CHK_LEVEL_15
  C:9821H         SYMBOL        CHK_LEVEL_16
  C:982CH         SYMBOL        CHK_LEVEL_17
  C:9837H         SYMBOL        CHK_LEVEL_18
  C:9842H         SYMBOL        CHK_LEVEL_19
  C:9780H         SYMBOL        CHK_LEVEL_2
  C:984DH         SYMBOL        CHK_LEVEL_20
  C:978CH         SYMBOL        CHK_LEVEL_3
  C:9798H         SYMBOL        CHK_LEVEL_4
  C:97A4H         SYMBOL        CHK_LEVEL_5
  C:97B0H         SYMBOL        CHK_LEVEL_6
  C:97BCH         SYMBOL        CHK_LEVEL_7
  C:97C8H         SYMBOL        CHK_LEVEL_8
  C:97D4H         SYMBOL        CHK_LEVEL_9
  C:967AH         SYMBOL        CHK_MINUTE1
  C:96A1H         SYMBOL        CHK_MINUTE2
  C:96C8H         SYMBOL        CHK_MINUTE3
  C:96EFH         SYMBOL        CHK_MINUTE4
  C:9716H         SYMBOL        CHK_MINUTE5
  C:CF55H         SYMBOL        CHK_NACK
  C:84E3H         SYMBOL        CHK_POLICE_MENU1
  C:8576H         SYMBOL        CHK_POLICE_MENU10
  C:857EH         SYMBOL        CHK_POLICE_MENU11
  C:84F1H         SYMBOL        CHK_POLICE_MENU2
  C:8511H         SYMBOL        CHK_POLICE_MENU3
  C:851CH         SYMBOL        CHK_POLICE_MENU4
  C:852AH         SYMBOL        CHK_POLICE_MENU5
  C:8534H         SYMBOL        CHK_POLICE_MENU6
  C:853EH         SYMBOL        CHK_POLICE_MENU7
  C:8548H         SYMBOL        CHK_POLICE_MENU8
  C:8559H         SYMBOL        CHK_POLICE_MENU9
  C:8586H         SYMBOL        CHK_POLICE_OTHER
  C:9469H         SYMBOL        CHK_PRE1_F
  C:94D0H         SYMBOL        CHK_PRE1_T
  C:947AH         SYMBOL        CHK_PRE2_F
  C:94DEH         SYMBOL        CHK_PRE2_T
  C:948BH         SYMBOL        CHK_PRE3_F
  C:94ECH         SYMBOL        CHK_PRE3_T
  C:949CH         SYMBOL        CHK_PRE4_F
  C:94FAH         SYMBOL        CHK_PRE4_T
  C:94ADH         SYMBOL        CHK_PRE5_F
  C:9508H         SYMBOL        CHK_PRE5_T
  C:94BEH         SYMBOL        CHK_PRE6_F
  C:9516H         SYMBOL        CHK_PRE6_T
  C:BC53H         SYMBOL        CHK_RIGHT
  C:966BH         SYMBOL        CHK_SECTOR1
BL51 BANKED LINKER/LOCATER V5.11                                                      03/14/2010  09:10:22  PAGE 8


  C:968CH         SYMBOL        CHK_SECTOR2
  C:96B3H         SYMBOL        CHK_SECTOR3
  C:96DAH         SYMBOL        CHK_SECTOR4
  C:9701H         SYMBOL        CHK_SECTOR5
  C:9728H         SYMBOL        CHK_SECTOR6
  C:85F9H         SYMBOL        CHK_URGENT_MENU1
  C:8698H         SYMBOL        CHK_URGENT_MENU10
  C:86C1H         SYMBOL        CHK_URGENT_MENU11
  C:8604H         SYMBOL        CHK_URGENT_MENU2
  C:8615H         SYMBOL        CHK_URGENT_MENU3
  C:8626H         SYMBOL        CHK_URGENT_MENU4
  C:8637H         SYMBOL        CHK_URGENT_MENU5
  C:8648H         SYMBOL        CHK_URGENT_MENU6
  C:8659H         SYMBOL        CHK_URGENT_MENU7
  C:866AH         SYMBOL        CHK_URGENT_MENU8
  C:867BH         SYMBOL        CHK_URGENT_MENU9
  C:86DEH         SYMBOL        CHK_URGENT_OTHER
  C:985AH         SYMBOL        CHK_ZONE_1
  C:9874H         SYMBOL        CHK_ZONE_2
  C:9897H         SYMBOL        CHK_ZONE_3
  C:98C3H         SYMBOL        CHK_ZONE_4
  C:98F8H         SYMBOL        CHK_ZONE_5
  C:9936H         SYMBOL        CHK_ZONE_6
  C:9D48H         SYMBOL        CITY
  N:00A1H         SYMBOL        CITY_CALL
  C:8A67H         SYMBOL        CLEAR_CARD_ACCOUNT
  C:A055H         SYMBOL        CLEAR_CRC
  C:C1A9H         SYMBOL        CLEAR_DIAL_MEMORY
  C:7D01H         SYMBOL        CLEAR_KEY_STATUS_ROW1
  C:7D23H         SYMBOL        CLEAR_KEY_STATUS_ROW2
  C:7D45H         SYMBOL        CLEAR_KEY_STATUS_ROW3
  C:7D67H         SYMBOL        CLEAR_KEY_STATUS_ROW4
  C:A8E9H         SYMBOL        CLEAR_LCD
  C:B38FH         SYMBOL        CLEAR_LINE_1
  C:B3BEH         SYMBOL        CLEAR_LINE_2
  C:B3EDH         SYMBOL        CLEAR_LINE_3
  C:B41CH         SYMBOL        CLEAR_LINE_4
  C:B44BH         SYMBOL        CLEAR_LINE_5
  C:B47AH         SYMBOL        CLEAR_LINE_6
  C:B4ABH         SYMBOL        CLEAR_LINE_7
  C:B4DCH         SYMBOL        CLEAR_LINE_8
  C:BDE3H         SYMBOL        CLEAR_MESSAGE
  C:89DCH         SYMBOL        CLOCK_CARD
  C:89C1H         SYMBOL        CLOCK_LCD
  D:0033H         SYMBOL        CMD_BUF
  C:CBB9H         SYMBOL        CMX00
  C:CC05H         SYMBOL        CMX01
  C:CBC9H         SYMBOL        CMX02
  C:CBEFH         SYMBOL        CMX03
  C:CBAEH         SYMBOL        CMXCMDSYNC
  C:CB53H         SYMBOL        CMXINIT
  C:CE7FH         SYMBOL        CMXTONEDIAL
  C:CE96H         SYMBOL        CMXTONEDIAL2
  B:0080H.4       SYMBOL        COL1
  B:0080H.5       SYMBOL        COL2
  B:0080H.6       SYMBOL        COL3
  B:0080H.7       SYMBOL        COL4
BL51 BANKED LINKER/LOCATER V5.11                                                      03/14/2010  09:10:22  PAGE 9


  B:00A0H.4       SYMBOL        COL5
  B:00A0H.5       SYMBOL        COL6
  C:D6DEH         SYMBOL        COMMAND_ERROR
  C:89B0H         SYMBOL        COMMAND_LCD
  N:00C8H         SYMBOL        COMMON_CALL
  C:945BH         SYMBOL        COMPARE_FIELD
  C:8F26H         SYMBOL        CONTINUE
  C:A232H         SYMBOL        CONTINUE_CARD_INSERTION
  C:A277H         SYMBOL        CONTINUE_NO_CARD
  C:E2F8H         SYMBOL        CONTINUE_PHONE
  C:E346H         SYMBOL        CONTINUE_PHONE2
  C:A308H         SYMBOL        COUNTINUE
  C:A2F3H         SYMBOL        COUNTINUE_AAA
  C:A2F2H         SYMBOL        COUNTINUE_BBB
  C:9D44H         SYMBOL        COUNTRY
  N:00A2H         SYMBOL        COUNTRY_CALL
  N:000DH         SYMBOL        COUNT_DOWN_MODE
  B:002DH.1       SYMBOL        COUNT_DOWN_SW
  C:A034H         SYMBOL        CRC16
  C:0FF8H         SYMBOL        CRC16_TABHI
  C:0EF8H         SYMBOL        CRC16_TABLO
  D:0031H         SYMBOL        CRC_HI
  D:0030H         SYMBOL        CRC_LO
  D:0069H         SYMBOL        CURRENT_ACCOUNT_HI
  D:006AH         SYMBOL        CURRENT_ACCOUNT_LO
  C:1B61H         SYMBOL        CURRENT_ALARM
  D:0040H         SYMBOL        CURRENT_ALARM_HOUR
  D:0041H         SYMBOL        CURRENT_ALARM_MINUTE
  C:1B91H         SYMBOL        CURRENT_TIME
  D:0067H         SYMBOL        DATE_INDEX_HI
  D:0068H         SYMBOL        DATE_INDEX_LO
  B:002AH.6       SYMBOL        DATE_SET_D_M
  D:007CH         SYMBOL        DAY
  C:CFC7H         SYMBOL        DAY_TYPE
  C:D249H         SYMBOL        DAY_TYPE_FGHR1
  C:963AH         SYMBOL        DAY_TYPE_IS_1
  C:9645H         SYMBOL        DAY_TYPE_IS_2
  C:9650H         SYMBOL        DAY_TYPE_IS_3
  C:965BH         SYMBOL        DAY_TYPE_IS_4
  C:9663H         SYMBOL        DAY_TYPE_IS_5
  C:D52BH         SYMBOL        DAY_TYPE_KF_1
  C:D536H         SYMBOL        DAY_TYPE_KF_2
  C:D52EH         SYMBOL        DAY_TYPE_KF_3
  N:002BH         SYMBOL        DAY_TYPE_TABLE_ADDR_HI
  N:000BH         SYMBOL        DAY_TYPE_TABLE_ADDR_LO
  C:D243H         SYMBOL        DAY_TYPE_UPDATE_ERROR
  C:D247H         SYMBOL        DAY_TYPE_UPDATE_NORMAL_END
  C:D1FBH         SYMBOL        DAY_TYPE_ZX_0
  C:D1EFH         SYMBOL        DAY_TYPE_ZX_01
  C:D224H         SYMBOL        DAY_TYPE_ZX_3
  C:D241H         SYMBOL        DAY_TYPE_ZX_4
  N:0038H         SYMBOL        DAY_UPDATE_MASK_ADDR_HI
  N:0036H         SYMBOL        DAY_UPDATE_MASK_ADDR_LO
  C:A5DFH         SYMBOL        DE1
  C:A5DDH         SYMBOL        DE2
  C:A5EAH         SYMBOL        DE3
  C:A5ECH         SYMBOL        DE4
BL51 BANKED LINKER/LOCATER V5.11                                                      03/14/2010  09:10:22  PAGE 10


  C:A5F7H         SYMBOL        DE5
  C:A5F9H         SYMBOL        DE6
  C:A5C8H         SYMBOL        DE8
  C:A5D0H         SYMBOL        DE8S
  C:A5CAH         SYMBOL        DE9
  C:A5D2H         SYMBOL        DE9S
  C:8A94H         SYMBOL        DECREASE_CARD_ACCOUNT
  C:9167H         SYMBOL        DECREASE_VIRTUAL_ACCOUNT
  C:9550H         SYMBOL        DEC_R3_R2
  C:9FD8H         SYMBOL        DEC_TO_BCD
  C:A00DH         SYMBOL        DEC_TO_HEX
  N:0001H         SYMBOL        DEFAULT_LANG
  N:0038H         SYMBOL        DEFAULT_LANG_ADDR_HI
  N:004FH         SYMBOL        DEFAULT_LANG_ADDR_LO
  C:A640H         SYMBOL        DELAY110M
  C:A62FH         SYMBOL        DELAY1S
  C:A61EH         SYMBOL        DELAY2S
  C:A600H         SYMBOL        DELAY31M
  C:A60DH         SYMBOL        DELAY4S
  C:A58AH         SYMBOL        DELAY_DTMF
  C:A579H         SYMBOL        DELAY_FLASH
  C:A5C4H         SYMBOL        DELAY_MID_PULSE
  C:A5F3H         SYMBOL        DELAY_PULSE_FALL
  C:A5E6H         SYMBOL        DELAY_PULSE_RISE
  C:A5D9H         SYMBOL        DELAY_PULSE_WIDTH
  C:A112H         SYMBOL        DEUCH_1
  C:8CE1H         SYMBOL        DFB1
  C:892AH         SYMBOL        DFORG
  C:CE02H         SYMBOL        DHX
  C:C23EH         SYMBOL        DIAL
  N:0002H         SYMBOL        DIALED
  N:0038H         SYMBOL        DIALING_TYPE_ADDR_HI
  N:0047H         SYMBOL        DIALING_TYPE_ADDR_LO
  C:C17AH         SYMBOL        DIAL_ALL_IN_MEMORY
  D:0021H         SYMBOL        DIAL_BUF
  C:157CH         SYMBOL        DIAL_NUM_L
  C:15A5H         SYMBOL        DIAL_NUM_R
  B:002AH.2       SYMBOL        DIAL_NUM_SW
  C:CCD9H         SYMBOL        DIAL_PMS_NUMBER
  B:002AH.6       SYMBOL        DIAL_TONE
  C:DA91H         SYMBOL        DIAL_TONE_DETECTED
  N:0038H         SYMBOL        DIAL_WAIT_ADDR_HI
  N:0049H         SYMBOL        DIAL_WAIT_ADDR_LO
  D:0022H         SYMBOL        DISPLAY_BUF
  C:894FH         SYMBOL        DISPLAY_LCD
  C:CD51H         SYMBOL        DIZAH
  C:A371H         SYMBOL        DOES_NOT_MATCHED
  C:A2BDH         SYMBOL        DONT_CLEAR_LCD
  C:9E82H         SYMBOL        DONT_NEED_TO_SAVE
  C:1699H         SYMBOL        DOOR1_L
  C:1659H         SYMBOL        DOOR1_R
  C:1719H         SYMBOL        DOOR2_L
  C:16D9H         SYMBOL        DOOR2_R
  N:0004H         SYMBOL        DOOR_EVENT
  C:A3E9H         SYMBOL        DOOR_IS_OPEN
  N:0001H         SYMBOL        DOOR_MASK
  C:0218H         SYMBOL        DOWNLOAD_MAINTANENCE_L
BL51 BANKED LINKER/LOCATER V5.11                                                      03/14/2010  09:10:22  PAGE 11


  C:0240H         SYMBOL        DOWNLOAD_MAINTANENCE_R
  D:0079H         SYMBOL        DOWN_COUNTER
  C:0AE5H         SYMBOL        DOWN_LEFT
  C:0AEDH         SYMBOL        DOWN_RIGHT
  D:0083H         SYMBOL        DPH
  D:0082H         SYMBOL        DPL
  D:004DH         SYMBOL        DP_H
  D:004EH         SYMBOL        DP_L
  C:B5AAH         SYMBOL        DRT32
  C:9324H         SYMBOL        DTFE1
  C:9332H         SYMBOL        DTFE2
  D:006FH         SYMBOL        DTMF_DB
  N:0050H         SYMBOL        DTMF_DB_ADDR_HI
  N:0002H         SYMBOL        DTMF_DB_ADDR_LO
  D:006EH         SYMBOL        DTMF_DELAY
  N:0050H         SYMBOL        DTMF_DELAY_ADDR_HI
  N:0001H         SYMBOL        DTMF_DELAY_ADDR_LO
  C:0AB5H         SYMBOL        DUAL_LINE
  C:91E4H         SYMBOL        D_CHECK1
  C:91B0H         SYMBOL        D_CHECK1_A
  C:91C7H         SYMBOL        D_CHECK1_B
  C:91DCH         SYMBOL        D_CHECK1_C
  C:91F0H         SYMBOL        D_CHECK2
  C:91FCH         SYMBOL        D_CHECK3
  C:B649H         SYMBOL        EDRT32
  C:8F73H         SYMBOL        EIGHT_0
  C:8FCBH         SYMBOL        EIGHT_1
  C:9026H         SYMBOL        EIGHT_2
  C:9084H         SYMBOL        EIGHT_3
  C:90D4H         SYMBOL        EIGHT_4
  N:000AH         SYMBOL        EMERGENCY_EVENT
  N:0038H         SYMBOL        EMERGENCY_MAP_ADDR_HI
  N:0045H         SYMBOL        EMERGENCY_MAP_ADDR_LO
  C:D847H         SYMBOL        EMERGENCY_MODE
  C:CEADH         SYMBOL        EMERGENCY_REPORT
  C:D880H         SYMBOL        EMERGENCY_RTHN1
  C:D85EH         SYMBOL        EMERGENCY_VX_0
  C:D864H         SYMBOL        EMERGENCY_VX_1
  C:D872H         SYMBOL        EMERGENCY_VX_2
  C:D87AH         SYMBOL        EMERGENCY_VX_3
  C:A690H         SYMBOL        ENCRYPT_PACK
  C:8F31H         SYMBOL        ENDD
  C:8C40H         SYMBOL        END_ATF_RECOVERY
  C:DA97H         SYMBOL        END_DIAL_TONE_DETECTION
  C:CB3FH         SYMBOL        END_LOAD_PROGRAM_TO_ISP_E2P
  C:CF80H         SYMBOL        END_OF_REPORT
  C:D6E0H         SYMBOL        END_RCV_CMD
  C:C7BCH         SYMBOL        END_RUN_EEP_UPDATE
  C:95DBH         SYMBOL        END_SCHEDULING_ANSWER_TIME
  C:9608H         SYMBOL        END_SCHEDULING_DIAL_WAIT_TIME
  C:D8C7H         SYMBOL        END_SCHEDULING_GUARD_TIME
  C:BCEBH         SYMBOL        END_SCROLLING_MESSAGE
  C:B5BEH         SYMBOL        ENEXT_DIGIT_23
  C:A102H         SYMBOL        ENGLISH_1
  C:B619H         SYMBOL        ENO_DIGIT_TO_DISPLAY
  C:0290H         SYMBOL        ENTER_PASS_L
  C:0268H         SYMBOL        ENTER_PASS_R
BL51 BANKED LINKER/LOCATER V5.11                                                      03/14/2010  09:10:22  PAGE 12


  N:0091H         SYMBOL        EOR
  N:00E7H         SYMBOL        EOR_ACK
  N:00ADH         SYMBOL        EOR_NACK
  N:008DH         SYMBOL        EOU
  C:B63CH         SYMBOL        EOUT_YR3
  C:B642H         SYMBOL        EOUT_YR32
  B:002AH.4       SYMBOL        ERROR
  C:02E0H         SYMBOL        ERROR_L
  C:02B8H         SYMBOL        ERROR_R
  C:B60FH         SYMBOL        ESAME_POS_23
  C:B64CH         SYMBOL        ESTR30
  C:B623H         SYMBOL        ETRGD1
  B:00C8H.6       SYMBOL        EXF2
  C:A327H         SYMBOL        EXIT_TO_MAIN_STATE
  C:B5CAH         SYMBOL        EZX1
  C:B5D0H         SYMBOL        EZX2
  C:B5D6H         SYMBOL        EZX3
  C:B5DCH         SYMBOL        EZX4
  C:B5E2H         SYMBOL        EZX5
  C:B5E8H         SYMBOL        EZX6
  C:B5EEH         SYMBOL        EZX7
  C:B5F4H         SYMBOL        EZX8
  C:B5FAH         SYMBOL        EZX9
  C:B600H         SYMBOL        EZXOUT
  N:00A0H         SYMBOL        FADDR
  C:9524H         SYMBOL        FAILED_FROM
  C:9536H         SYMBOL        FAILED_TO
  N:00AAH         SYMBOL        FAILLED_CALL
  C:A0FAH         SYMBOL        FARSI_1
  C:DAF5H         SYMBOL        FAULT
  C:926EH         SYMBOL        FBCT0
  C:927AH         SYMBOL        FBCT1
  C:9287H         SYMBOL        FBCT2
  C:928FH         SYMBOL        FBCT3
  C:8314H         SYMBOL        FCX_10
  C:8310H         SYMBOL        FCX_11
  C:830AH         SYMBOL        FCX_12
  C:CAB3H         SYMBOL        FFFFF
  C:D018H         SYMBOL        FGHR1
  C:9CEBH         SYMBOL        FH1
  C:9CF3H         SYMBOL        FH2
  C:9CFBH         SYMBOL        FH3
  C:9D03H         SYMBOL        FH4
  C:9D0BH         SYMBOL        FH5
  C:9D13H         SYMBOL        FH6
  C:9D1BH         SYMBOL        FH7
  C:9D23H         SYMBOL        FH8
  C:9CE5H         SYMBOL        FHYT1
  C:9A0BH         SYMBOL        FILL_PAGE
  C:9637H         SYMBOL        FIND_CHARGGING_ZONE_FROM_DAY_TYPE
  C:9626H         SYMBOL        FIND_DAY_TYPE_FROM_DAY_INDEX
  B:002FH.0       SYMBOL        FIRST_KEY
  B:002DH.4       SYMBOL        FIRST_ZERRO
  C:8F61H         SYMBOL        FIVE_0
  C:8FB9H         SYMBOL        FIVE_1
  C:9014H         SYMBOL        FIVE_2
  C:9072H         SYMBOL        FIVE_3
BL51 BANKED LINKER/LOCATER V5.11                                                      03/14/2010  09:10:22  PAGE 13


  C:90C2H         SYMBOL        FIVE_4
  D:0020H         SYMBOL        FLAGS
  C:A1A9H         SYMBOL        FLASH
  C:832EH         SYMBOL        FLASHSST1
  D:006DH         SYMBOL        FLASH_DELAY
  N:0050H         SYMBOL        FLASH_DELAY_ADDR_HI
  N:0000H         SYMBOL        FLASH_DELAY_ADDR_LO
  C:1194H         SYMBOL        FMA1_L
  C:11BCH         SYMBOL        FMA1_R
  C:11E4H         SYMBOL        FMA2_L
  C:120CH         SYMBOL        FMA2_R
  C:1234H         SYMBOL        FMA3_L
  C:125CH         SYMBOL        FMA3_R
  C:1284H         SYMBOL        FMA4_L
  C:12ACH         SYMBOL        FMA4_R
  C:12D4H         SYMBOL        FMA5_L
  C:12FCH         SYMBOL        FMA5_R
  C:1324H         SYMBOL        FMA6_L
  C:134CH         SYMBOL        FMA6_R
  C:1374H         SYMBOL        FMA7_L
  C:139CH         SYMBOL        FMA7_R
  C:13C4H         SYMBOL        FMA8_L
  C:13ECH         SYMBOL        FMA8_R
  C:8F5BH         SYMBOL        FOUR_0
  C:8FB3H         SYMBOL        FOUR_1
  C:900EH         SYMBOL        FOUR_2
  C:906CH         SYMBOL        FOUR_3
  C:90BCH         SYMBOL        FOUR_4
  C:C18CH         SYMBOL        FRBC1
  C:9D54H         SYMBOL        FREE
  N:00A0H         SYMBOL        FREE_CALL
  D:0057H         SYMBOL        FREE_CALL_NUM_INDEX
  D:0056H         SYMBOL        FREE_CALL_STATUS
  C:A316H         SYMBOL        FREE_MEM
  C:CFB5H         SYMBOL        FREE_NUM
  N:0018H         SYMBOL        FREE_NUMS_TABLE_ADDR_HI
  N:0034H         SYMBOL        FREE_NUMS_TABLE_ADDR_LO
  C:D0F2H         SYMBOL        FREE_NUM_FGHR1
  C:D4C2H         SYMBOL        FREE_NUM_KF_1
  C:D4CDH         SYMBOL        FREE_NUM_KF_2
  C:D4C5H         SYMBOL        FREE_NUM_KF_3
  C:D0ECH         SYMBOL        FREE_NUM_UPDATE_ERROR
  C:D0F0H         SYMBOL        FREE_NUM_UPDATE_NORMAL_END
  C:D0A4H         SYMBOL        FREE_NUM_ZX_0
  C:D098H         SYMBOL        FREE_NUM_ZX_01
  C:D0CDH         SYMBOL        FREE_NUM_ZX_3
  C:D0EAH         SYMBOL        FREE_NUM_ZX_4
  N:0000H         SYMBOL        FULL_ACCESS
  C:E320H         SYMBOL        FULL_ACCESS_LEVEL
  N:00BEH         SYMBOL        FULL_BUT_NO_EMERGENCY_KEY
  C:99B4H         SYMBOL        FX36
  C:99BFH         SYMBOL        FX37
  C:99C2H         SYMBOL        FX38
  C:9A0EH         SYMBOL        FXF63
  C:9A17H         SYMBOL        FXF64
  C:DD29H         SYMBOL        GBDE1
  C:9D32H         SYMBOL        GENERATE_COMUNICATION_CODE
BL51 BANKED LINKER/LOCATER V5.11                                                      03/14/2010  09:10:22  PAGE 14


  C:8CE2H         SYMBOL        GET_CARD_RESPONSE
  N:00B3H         SYMBOL        GET_PACK
  C:CE7EH         SYMBOL        GFRTE1
  C:C161H         SYMBOL        GHFD1
  C:7DC9H         SYMBOL        GNV0
  C:7E49H         SYMBOL        GNV1
  C:7EC9H         SYMBOL        GNV2
  C:7F49H         SYMBOL        GNV3
  C:7FC9H         SYMBOL        GNV4
  C:8049H         SYMBOL        GNV5
  C:80C9H         SYMBOL        GNV6
  C:8149H         SYMBOL        GNV7
  C:81C9H         SYMBOL        GNV8
  C:8249H         SYMBOL        GNV9
  C:DAD9H         SYMBOL        GOMASTER
  C:8482H         SYMBOL        GO_AHEAD
  C:A382H         SYMBOL        GO_TO_NEXT_FREE_NUM
  C:AEB7H         SYMBOL        GO_UP
  C:93B4H         SYMBOL        GPFT23
  C:93B9H         SYMBOL        GPFT55
  C:9318H         SYMBOL        GTFH_1
  C:92EAH         SYMBOL        GTFH_2
  C:92E5H         SYMBOL        GTFH_ER
  B:002EH.7       SYMBOL        GUARD
  C:828DH         SYMBOL        GVUYHV65
  C:E323H         SYMBOL        GVZMP
  C:BE25H         SYMBOL        GYEHUI1
  C:BEA7H         SYMBOL        GYEHUI2
  C:A367H         SYMBOL        GYF1
  C:A340H         SYMBOL        GYF2
  C:CD14H         SYMBOL        HAND00
  C:CD27H         SYMBOL        HAND01
  C:CD4FH         SYMBOL        HAND02
  C:1899H         SYMBOL        HANDSET1_L
  C:1859H         SYMBOL        HANDSET1_R
  C:1919H         SYMBOL        HANDSET2_L
  C:18D9H         SYMBOL        HANDSET2_R
  N:0038H         SYMBOL        HANDSET_ADDR_HI
  N:00A5H         SYMBOL        HANDSET_ADDR_LO
  B:00B0H.0       SYMBOL        HANDSET_CHK_OUT
  C:E4A5H         SYMBOL        HANDSET_DAMAGED
  N:0005H         SYMBOL        HANDSET_EVENT
  N:0002H         SYMBOL        HANDSET_MASK
  C:9FE7H         SYMBOL        HEX_TO_DEC
  C:9B0FH         SYMBOL        HH_1
  C:9B2BH         SYMBOL        HH_2
  C:9B3BH         SYMBOL        HH_3
  C:9B6CH         SYMBOL        HH_4
  C:9B7BH         SYMBOL        HH_5
  C:9B59H         SYMBOL        HH_6
  C:9AEFH         SYMBOL        HH_7
  N:0081H         SYMBOL        HI
  C:8F05H         SYMBOL        HIGH_BYTE
  N:00DDH         SYMBOL        HI_ACK
  N:00C9H         SYMBOL        HI_NACK
  C:BCA3H         SYMBOL        HJBRT21
  C:BCC2H         SYMBOL        HJBRT22
BL51 BANKED LINKER/LOCATER V5.11                                                      03/14/2010  09:10:22  PAGE 15


  C:F031H         SYMBOL        HJSX1
  C:7A35H         SYMBOL        HOOKED
  D:005DH         SYMBOL        HOUR
  N:0008H         SYMBOL        HOUR_ADDR_LO
  N:0038H         SYMBOL        HOUR_UPDATE_MASK_ADDR_HI
  N:002FH         SYMBOL        HOUR_UPDATE_MASK_ADDR_LO
  C:92F2H         SYMBOL        HWDQA1
  C:92FFH         SYMBOL        HWDQA2
  C:DD6AH         SYMBOL        HYTP1
  C:DCA8H         SYMBOL        HYTP1C
  C:DD9BH         SYMBOL        HYTP2
  C:DCF1H         SYMBOL        HYTP2C
  B:0020H.2       SYMBOL        I2CBUSY
  N:00A2H         SYMBOL        I2CRTC
  D:00A8H         SYMBOL        IE
  C:E2F8H         SYMBOL        IJCV1
  C:A138H         SYMBOL        IMIDIATE_FLASH
  N:0046H         SYMBOL        IM_ANTITAP_AGENT
  N:000CH         SYMBOL        INCOMMING_CALL_EVENT
  C:0A45H         SYMBOL        INCOM_L
  C:0A6DH         SYMBOL        INCOM_R
  C:C04EH         SYMBOL        INC_CALL_DURATION
  C:C136H         SYMBOL        INC_CALL_TIMER
  C:9C45H         SYMBOL        INC_E2P_COUNTER
  C:BD18H         SYMBOL        INC_MSG_ADDR
  C:9610H         SYMBOL        INC_PULSE_COUNT
  C:953EH         SYMBOL        INC_R2_R1
  C:0ABDH         SYMBOL        INDICATE
  C:A857H         SYMBOL        INITIALIZE_ANTITAP
  C:CB40H         SYMBOL        INITIALIZE_EEP
  C:8991H         SYMBOL        INITIALIZE_LCD
  C:BF8DH         SYMBOL        INITIALIZE_VOLUME
  B:002EH.1       SYMBOL        INITIAL_ACCOUNT
  B:002AH.0       SYMBOL        INSERT_CARD_SW
  C:15CEH         SYMBOL        INVALID_L
  C:15F7H         SYMBOL        INVALID_R
  B:002BH.7       SYMBOL        INVALID_SW
  C:E34FH         SYMBOL        INVERSE_CONVERTION
  D:00B8H         SYMBOL        IP
  C:F16CH         SYMBOL        ISP_ACKK
  C:F21CH         SYMBOL        ISP_BACK13
  C:F21EH         SYMBOL        ISP_BACK14
  C:F254H         SYMBOL        ISP_BYE
  C:F21AH         SYMBOL        ISP_DELAY110M
  C:F114H         SYMBOL        ISP_HH_1
  C:F130H         SYMBOL        ISP_HH_2
  C:F140H         SYMBOL        ISP_HH_3
  C:F171H         SYMBOL        ISP_HH_4
  C:F180H         SYMBOL        ISP_HH_5
  C:F15EH         SYMBOL        ISP_HH_6
  C:F0F4H         SYMBOL        ISP_HH_7
  C:F1E4H         SYMBOL        ISP_INC_E2P_COUNTER
  C:F22DH         SYMBOL        ISP_KFD_1
  C:F237H         SYMBOL        ISP_KFD_3
  C:F22AH         SYMBOL        ISP_KFD_45
  C:F217H         SYMBOL        ISP_KYF_2
  C:F20FH         SYMBOL        ISP_KYF_3
BL51 BANKED LINKER/LOCATER V5.11                                                      03/14/2010  09:10:22  PAGE 16


  C:F223H         SYMBOL        ISP_LOAD_E2P_TO_XRAM
  C:F1E0H         SYMBOL        ISP_MX48
  C:F1E3H         SYMBOL        ISP_MX49
  C:F17BH         SYMBOL        ISP_NAK
  C:F0A1H         SYMBOL        ISP_READ_CURRENT
  C:F1FAH         SYMBOL        ISP_READ_E2P_BYTE
  C:F0BEH         SYMBOL        ISP_READ_RANDOM
  C:F247H         SYMBOL        ISP_SET_E2P_BUS
  C:F152H         SYMBOL        ISP_SHIN
  C:F24FH         SYMBOL        ISP_SHORT
  C:F24CH         SYMBOL        ISP_SHORT_DELAY
  C:F11EH         SYMBOL        ISP_SHOUT
  C:F0EFH         SYMBOL        ISP_START
  C:F10EH         SYMBOL        ISP_STOP
  C:F1FEH         SYMBOL        ISP_WDH_1
  C:F207H         SYMBOL        ISP_WDH_3
  C:F18AH         SYMBOL        ISP_WRITE_BYTE
  C:F20AH         SYMBOL        ISP_WRITE_TO_E2P
  C:F1B6H         SYMBOL        ISP_WRITE_ZDATA
  C:F10CH         SYMBOL        ISP_X40
  C:F10DH         SYMBOL        ISP_X41
  C:F123H         SYMBOL        ISP_X42
  C:F159H         SYMBOL        ISP_X43
  C:F0BAH         SYMBOL        ISP_X44
  C:F0BDH         SYMBOL        ISP_X45
  C:F0E9H         SYMBOL        ISP_X46
  C:F0ECH         SYMBOL        ISP_X47
  C:F1B2H         SYMBOL        ISP_X48
  C:F1B5H         SYMBOL        ISP_X49
  C:9592H         SYMBOL        ITS_AUTO_CHARGGING
  C:8965H         SYMBOL        ITS_A_SIGN
  C:9213H         SYMBOL        ITS_BLACK
  N:0050H         SYMBOL        ITS_EMERGENCY_REPORT
  C:958FH         SYMBOL        ITS_MANUAL_CHARGGING
  C:9203H         SYMBOL        ITS_NOT_BLACK
  C:919BH         SYMBOL        ITS_NOT_BLACK_0
  C:919CH         SYMBOL        ITS_NOT_BLACK_1
  C:919DH         SYMBOL        ITS_NOT_BLACK_2
  C:919EH         SYMBOL        ITS_NOT_BLACK_3
  C:91B5H         SYMBOL        ITS_NOT_BLACK_A
  C:91CBH         SYMBOL        ITS_NOT_BLACK_B
  C:91DFH         SYMBOL        ITS_NOT_BLACK_C
  C:C176H         SYMBOL        ITS_NOT_SAM_CHECK
  C:9237H         SYMBOL        ITS_NOT_VALID_CARD
  C:8CDDH         SYMBOL        ITS_OK
  C:BFF4H         SYMBOL        ITS_POST_CHARGE
  C:BFF0H         SYMBOL        ITS_PRE_CHARGE
  C:DC58H         SYMBOL        ITS_RTC_ALARM
  C:C1E5H         SYMBOL        JBS1
  C:C239H         SYMBOL        JBS10
  C:C1ECH         SYMBOL        JBS2
  C:C1F3H         SYMBOL        JBS3
  C:C1FAH         SYMBOL        JBS4
  C:C201H         SYMBOL        JBS5
  C:C208H         SYMBOL        JBS6
  C:C20FH         SYMBOL        JBS7
  C:C216H         SYMBOL        JBS8
BL51 BANKED LINKER/LOCATER V5.11                                                      03/14/2010  09:10:22  PAGE 17


  C:C21DH         SYMBOL        JBS9
  C:C224H         SYMBOL        JBSCOMPLETE
  C:8B73H         SYMBOL        JFH1
  C:8B76H         SYMBOL        JFH2
  C:A881H         SYMBOL        JICK_BUZZ
  C:9CB6H         SYMBOL        JUMP_DOWN_E2P
  C:9CA0H         SYMBOL        JUMP_UP_E2P
  C:922FH         SYMBOL        JUST_CHECK_BLACK_LIST
  C:A376H         SYMBOL        JUST_MATCHED
  B:002BH.3       SYMBOL        KEY0_PRESSED
  B:002CH.2       SYMBOL        KEY1_PRESSED
  B:002CH.3       SYMBOL        KEY2_PRESSED
  B:002CH.4       SYMBOL        KEY3_PRESSED
  B:002CH.5       SYMBOL        KEY4_PRESSED
  B:002CH.6       SYMBOL        KEY5_PRESSED
  B:002CH.7       SYMBOL        KEY6_PRESSED
  B:002BH.0       SYMBOL        KEY7_PRESSED
  B:002BH.1       SYMBOL        KEY8_PRESSED
  B:002BH.2       SYMBOL        KEY9_PRESSED
  B:00A0H.4       SYMBOL        KEYBOARD_CLK
  B:00A0H.6       SYMBOL        KEYBOARD_INPUT
  B:00A0H.5       SYMBOL        KEYBOARD_RST
  C:7D6CH         SYMBOL        KEY_0
  C:7DFFH         SYMBOL        KEY_1
  C:7E7FH         SYMBOL        KEY_2
  C:7EFFH         SYMBOL        KEY_3
  C:7F7FH         SYMBOL        KEY_4
  C:7FFFH         SYMBOL        KEY_5
  C:807FH         SYMBOL        KEY_6
  C:80FFH         SYMBOL        KEY_7
  C:817FH         SYMBOL        KEY_8
  C:81FFH         SYMBOL        KEY_9
  C:874FH         SYMBOL        KEY_FIRE
  C:8325H         SYMBOL        KEY_FLASH
  C:889AH         SYMBOL        KEY_HELP
  C:88E9H         SYMBOL        KEY_HOOK
  C:8335H         SYMBOL        KEY_LANG
  C:84E1H         SYMBOL        KEY_POLICE
  C:82B9H         SYMBOL        KEY_REDIAL
  C:82A3H         SYMBOL        KEY_SHARP
  C:827FH         SYMBOL        KEY_STAR
  C:85F7H         SYMBOL        KEY_URGENT
  C:846FH         SYMBOL        KEY_VOL
  C:9C17H         SYMBOL        KF_1
  C:9C22H         SYMBOL        KF_2
  C:9C1AH         SYMBOL        KF_3
  C:88A1H         SYMBOL        KJHGA1
  C:88AEH         SYMBOL        KJHGA2
  C:8CC3H         SYMBOL        KMUL_FIVE
  C:8C5BH         SYMBOL        KN1
  C:8C62H         SYMBOL        KN2
  C:8C66H         SYMBOL        KN3
  C:8C7BH         SYMBOL        KN4
  C:8C7FH         SYMBOL        KN5
  C:8C94H         SYMBOL        KN6
  C:8C98H         SYMBOL        KN7
  C:8CADH         SYMBOL        KN8
BL51 BANKED LINKER/LOCATER V5.11                                                      03/14/2010  09:10:22  PAGE 18


  C:8CB1H         SYMBOL        KN9
  B:002DH.0       SYMBOL        KOLANG
  D:0013H         SYMBOL        KOUNT
  C:9B92H         SYMBOL        KYF_2
  C:9B8AH         SYMBOL        KYF_3
  C:6B1DH         SYMBOL        L10A
  C:6B31H         SYMBOL        L10B
  C:6B45H         SYMBOL        L11A
  C:6B59H         SYMBOL        L11B
  C:6B6DH         SYMBOL        L12A
  C:6B81H         SYMBOL        L12B
  C:6B95H         SYMBOL        L13A
  C:6BA9H         SYMBOL        L13B
  C:6BBDH         SYMBOL        L14A
  C:6BD1H         SYMBOL        L14B
  C:6BE5H         SYMBOL        L15A
  C:6BF9H         SYMBOL        L15B
  C:6C0DH         SYMBOL        L15C
  C:6C21H         SYMBOL        L15D
  C:6C35H         SYMBOL        L16A
  C:6C49H         SYMBOL        L16B
  C:6C5DH         SYMBOL        L16C
  C:6C71H         SYMBOL        L16D
  C:6C85H         SYMBOL        L17A
  C:6C99H         SYMBOL        L17B
  C:6CADH         SYMBOL        L17C
  C:6CC1H         SYMBOL        L17D
  C:6CD5H         SYMBOL        L18A
  C:6CE9H         SYMBOL        L18B
  C:6CFDH         SYMBOL        L18C
  C:6D11H         SYMBOL        L18D
  C:6D25H         SYMBOL        L19A
  C:6D39H         SYMBOL        L19B
  C:6D4DH         SYMBOL        L19C
  C:6D61H         SYMBOL        L19D
  C:6861H         SYMBOL        L1A
  C:6875H         SYMBOL        L1B
  C:6889H         SYMBOL        L1C
  C:6D75H         SYMBOL        L20A
  C:6D89H         SYMBOL        L20B
  C:6D9DH         SYMBOL        L20C
  C:6DB1H         SYMBOL        L20D
  C:6DC5H         SYMBOL        L21A
  C:6DD9H         SYMBOL        L21B
  C:6DEDH         SYMBOL        L21C
  C:6E01H         SYMBOL        L21D
  C:6E15H         SYMBOL        L22A
  C:6E29H         SYMBOL        L22B
  C:6E3DH         SYMBOL        L22C
  C:6E51H         SYMBOL        L22D
  C:6E65H         SYMBOL        L23A
  C:6E79H         SYMBOL        L23B
  C:6E8DH         SYMBOL        L23C
  C:6EA1H         SYMBOL        L23D
  C:6EB5H         SYMBOL        L24A
  C:6EC9H         SYMBOL        L24B
  C:6EDDH         SYMBOL        L24C
BL51 BANKED LINKER/LOCATER V5.11                                                      03/14/2010  09:10:22  PAGE 19


  C:6EF1H         SYMBOL        L24D
  C:6F05H         SYMBOL        L25A
  C:6F19H         SYMBOL        L25B
  C:6F2DH         SYMBOL        L25C
  C:6F41H         SYMBOL        L25D
  C:6F55H         SYMBOL        L26A
  C:6F69H         SYMBOL        L26B
  C:6F7DH         SYMBOL        L26C
  C:6F91H         SYMBOL        L26D
  C:6FA5H         SYMBOL        L27A
  C:6FB9H         SYMBOL        L27B
  C:6FCDH         SYMBOL        L27C
  C:6FE1H         SYMBOL        L27D
  C:6FF5H         SYMBOL        L28A
  C:7009H         SYMBOL        L28B
  C:701DH         SYMBOL        L28C
  C:7031H         SYMBOL        L28D
  C:7045H         SYMBOL        L29A
  C:7059H         SYMBOL        L29B
  C:706DH         SYMBOL        L29C
  C:7081H         SYMBOL        L29D
  C:689DH         SYMBOL        L2A
  C:68B1H         SYMBOL        L2B
  C:68C5H         SYMBOL        L2C
  C:68D9H         SYMBOL        L2D
  C:7095H         SYMBOL        L30A
  C:70A9H         SYMBOL        L30B
  C:70BDH         SYMBOL        L31A
  C:70D1H         SYMBOL        L31B
  C:70E5H         SYMBOL        L31C
  C:70F9H         SYMBOL        L31D
  C:710DH         SYMBOL        L32A
  C:7121H         SYMBOL        L32B
  C:7135H         SYMBOL        L32C
  C:7149H         SYMBOL        L32D
  C:715DH         SYMBOL        L33A
  C:7171H         SYMBOL        L34
  C:7185H         SYMBOL        L35
  C:7199H         SYMBOL        L36
  C:71ADH         SYMBOL        L37
  C:71C1H         SYMBOL        L38
  C:71D5H         SYMBOL        L39
  C:68EDH         SYMBOL        L3A
  C:6901H         SYMBOL        L3B
  C:6915H         SYMBOL        L3C
  C:6929H         SYMBOL        L3D
  C:71E9H         SYMBOL        L40
  C:71FDH         SYMBOL        L41
  C:7211H         SYMBOL        L42
  C:7225H         SYMBOL        L43
  C:7239H         SYMBOL        L44
  C:724DH         SYMBOL        L45
  C:7261H         SYMBOL        L46
  C:7275H         SYMBOL        L47
  C:7289H         SYMBOL        L48
  C:729DH         SYMBOL        L49
  C:693DH         SYMBOL        L4A
BL51 BANKED LINKER/LOCATER V5.11                                                      03/14/2010  09:10:22  PAGE 20


  C:6951H         SYMBOL        L4B
  C:6965H         SYMBOL        L4C
  C:6979H         SYMBOL        L4D
  C:72B1H         SYMBOL        L50
  C:72C5H         SYMBOL        L51
  C:72D9H         SYMBOL        L52
  C:72EDH         SYMBOL        L53
  C:7301H         SYMBOL        L54
  C:7315H         SYMBOL        L55
  C:7329H         SYMBOL        L56
  C:733DH         SYMBOL        L57
  C:7351H         SYMBOL        L58
  C:7365H         SYMBOL        L59
  C:698DH         SYMBOL        L5A
  C:69A1H         SYMBOL        L5B
  C:69B5H         SYMBOL        L5C
  C:69C9H         SYMBOL        L5D
  C:7379H         SYMBOL        L60
  C:738DH         SYMBOL        L61
  C:73A1H         SYMBOL        L62
  C:73B5H         SYMBOL        L63
  C:73C9H         SYMBOL        L64
  C:73DDH         SYMBOL        L65
  C:73F1H         SYMBOL        L66
  C:7405H         SYMBOL        L67
  C:7419H         SYMBOL        L68
  C:742DH         SYMBOL        L69
  C:69DDH         SYMBOL        L6A
  C:69F1H         SYMBOL        L6B
  C:6A05H         SYMBOL        L6C
  C:6A19H         SYMBOL        L6D
  C:7441H         SYMBOL        L70
  C:7455H         SYMBOL        L71
  C:7469H         SYMBOL        L72
  C:747DH         SYMBOL        L73
  C:7491H         SYMBOL        L74
  C:74A5H         SYMBOL        L75
  C:74B9H         SYMBOL        L76
  C:74CDH         SYMBOL        L77
  C:74E1H         SYMBOL        L78
  C:74F5H         SYMBOL        L79
  C:6A2DH         SYMBOL        L7A
  C:6A41H         SYMBOL        L7B
  C:6A55H         SYMBOL        L7C
  C:6A69H         SYMBOL        L7D
  C:7509H         SYMBOL        L80
  C:6A7DH         SYMBOL        L8A
  C:6A91H         SYMBOL        L8B
  C:6AA5H         SYMBOL        L8C
  C:6AB9H         SYMBOL        L8D
  C:6ACDH         SYMBOL        L9A
  C:6AE1H         SYMBOL        L9B
  C:6AF5H         SYMBOL        L9C
  C:6B09H         SYMBOL        L9D
  D:0050H         SYMBOL        LANG
  N:000CH         SYMBOL        LANGUAGE_MENU
  C:4CD0H         SYMBOL        LANG_ARABIC
BL51 BANKED LINKER/LOCATER V5.11                                                      03/14/2010  09:10:22  PAGE 21


  C:A0D9H         SYMBOL        LANG_CHECK_COMPLETE
  C:6828H         SYMBOL        LANG_DEUTSCHE
  C:3178H         SYMBOL        LANG_ENGLISH
  C:1620H         SYMBOL        LANG_FARSI
  N:001BH         SYMBOL        LANG_OFFSET_HI
  N:0058H         SYMBOL        LANG_OFFSET_LO
  B:002EH.4       SYMBOL        LATCH_UP_PULSE_DURATION
  C:933AH         SYMBOL        LBG1
  C:9343H         SYMBOL        LBG2
  D:0020H         SYMBOL        LCD_COMMAND_BUF
  B:002FH.1       SYMBOL        LCD_CS
  B:00B0H.6       SYMBOL        LCD_CS1
  B:00B0H.7       SYMBOL        LCD_CS2
  B:00B0H.5       SYMBOL        LCD_E
  B:00B0H.4       SYMBOL        LCD_RS
  B:0090H.3       SYMBOL        LCD_SW
  C:8976H         SYMBOL        LEFT
  C:0AA5H         SYMBOL        LEFT_LINE
  C:B371H         SYMBOL        LEFT_TO_RIGHT_1
  C:B052H         SYMBOL        LEFT_TO_RIGHT_DS1
  C:BC67H         SYMBOL        LEFT_W
  C:BDCBH         SYMBOL        LEFT_X
  C:9D94H         SYMBOL        LETS_SAVE
  C:8AA8H         SYMBOL        LEVEL_1
  C:8AE0H         SYMBOL        LEVEL_1_2
  C:8B19H         SYMBOL        LEVEL_1_3
  C:8B5FH         SYMBOL        LEVEL_1_4
  C:8AC2H         SYMBOL        LEVEL_1_EMPTY
  C:8AB9H         SYMBOL        LEVEL_1_FULL
  C:8AC7H         SYMBOL        LEVEL_2
  C:8B0CH         SYMBOL        LEVEL_2_3
  C:8B52H         SYMBOL        LEVEL_2_4
  C:8AEEH         SYMBOL        LEVEL_2_EMPTY
  C:8AD8H         SYMBOL        LEVEL_2_FULL
  C:8AF3H         SYMBOL        LEVEL_3
  C:8B45H         SYMBOL        LEVEL_3_4
  C:8B27H         SYMBOL        LEVEL_3_EMPTY
  C:8B04H         SYMBOL        LEVEL_3_FULL
  C:8B2CH         SYMBOL        LEVEL_4
  C:8B6DH         SYMBOL        LEVEL_4_EMPTY
  C:8B3DH         SYMBOL        LEVEL_4_FULL
  N:0007H         SYMBOL        LINE_EVENT
  C:AE29H         SYMBOL        LINE_FA1
  N:0004H         SYMBOL        LINE_MASK
  C:ADC2H         SYMBOL        LINE_SA1
  C:B9DFH         SYMBOL        LINE_SA1J
  C:BA55H         SYMBOL        LINE_SA1JK
  C:ADDDH         SYMBOL        LINE_SA2
  C:B9FAH         SYMBOL        LINE_SA2J
  C:BA70H         SYMBOL        LINE_SA2JK
  C:ADF8H         SYMBOL        LINE_SA3
  C:BA15H         SYMBOL        LINE_SA3J
  C:AE13H         SYMBOL        LINE_SA4
  C:BA30H         SYMBOL        LINE_SA4J
  B:0090H.7       SYMBOL        LINE_SW
  N:0002H         SYMBOL        LINE_SW_EVENT
  C:A031H         SYMBOL        LJIIUR34
BL51 BANKED LINKER/LOCATER V5.11                                                      03/14/2010  09:10:22  PAGE 22


  C:B101H         SYMBOL        LLJ1
  C:BE18H         SYMBOL        LOAD_BLACK_LIST_TO_RAM
  C:9736H         SYMBOL        LOAD_CHARGE_LEVEL_FROM_PRE_NUM
  C:9451H         SYMBOL        LOAD_CHARGGING_ZONE
  C:DBDEH         SYMBOL        LOAD_CURRENT_ALARM
  C:BF1AH         SYMBOL        LOAD_DIALING_RULE
  C:BDF4H         SYMBOL        LOAD_E2P_TO_RAM2
  C:DC0EH         SYMBOL        LOAD_EVENT_TIME
  C:9EBAH         SYMBOL        LOAD_OTHER_REPORT_TABLE_CURRENT_ADDR
  C:BFF7H         SYMBOL        LOAD_PAYTOL
  C:BF3AH         SYMBOL        LOAD_PHONE_SETTING
  C:CC24H         SYMBOL        LOAD_PMS_NUM_ADDRESS
  C:93F0H         SYMBOL        LOAD_PRE_NUM
  C:CB00H         SYMBOL        LOAD_PROGRAM_TO_ISP_E2P
  C:CB06H         SYMBOL        LOAD_PROGRAM_TO_ISP_E2P_LOOP
  C:9770H         SYMBOL        LOAD_PULSE_AND_TIMESLOT_FROM_ZONE_AND_LEVEL
  C:9D5DH         SYMBOL        LOAD_REPORT_TABLE_CURRENT_ADDR
  C:B64DH         SYMBOL        LOAD_TIME
  C:BE96H         SYMBOL        LOAD_WHITE_LIST_TO_RAM
  C:A551H         SYMBOL        LONG1
  C:A54EH         SYMBOL        LONG2
  C:A54BH         SYMBOL        LONG_DELAY
  C:A3CCH         SYMBOL        LOOP_CHECK_HOOK_INCOMMING
  N:000BH         SYMBOL        LOW_BATTERY_EVENT
  C:93BCH         SYMBOL        LTMR
  C:7950H         SYMBOL        MAIN
  N:0081H         SYMBOL        MAINTANENCE_CARD_OK
  C:0330H         SYMBOL        MAINTANENCE_L
  N:0083H         SYMBOL        MAINTANENCE_MENU1
  N:008CH         SYMBOL        MAINTANENCE_MENU10
  N:008DH         SYMBOL        MAINTANENCE_MENU11
  N:0084H         SYMBOL        MAINTANENCE_MENU2
  N:0085H         SYMBOL        MAINTANENCE_MENU3
  N:0086H         SYMBOL        MAINTANENCE_MENU4
  N:0087H         SYMBOL        MAINTANENCE_MENU5
  N:0088H         SYMBOL        MAINTANENCE_MENU6
  N:0089H         SYMBOL        MAINTANENCE_MENU7
  N:008AH         SYMBOL        MAINTANENCE_MENU8
  N:008BH         SYMBOL        MAINTANENCE_MENU9
  N:0082H         SYMBOL        MAINTANENCE_PASSWORD_OK
  C:0308H         SYMBOL        MAINTANENCE_R
  C:C398H         SYMBOL        MAINTENANCE_ACKK
  C:C334H         SYMBOL        MAINTENANCE_HH_1
  C:C358H         SYMBOL        MAINTENANCE_HH_2
  C:C36CH         SYMBOL        MAINTENANCE_HH_3
  C:C39DH         SYMBOL        MAINTENANCE_HH_4
  C:C3ACH         SYMBOL        MAINTENANCE_HH_5
  C:C38AH         SYMBOL        MAINTENANCE_HH_6
  C:C314H         SYMBOL        MAINTENANCE_HH_7
  C:7D8DH         SYMBOL        MAINTENANCE_KEY0
  C:7E20H         SYMBOL        MAINTENANCE_KEY1
  C:7EA0H         SYMBOL        MAINTENANCE_KEY2
  C:7F20H         SYMBOL        MAINTENANCE_KEY3
  C:7FA0H         SYMBOL        MAINTENANCE_KEY4
  C:8020H         SYMBOL        MAINTENANCE_KEY5
  C:80A0H         SYMBOL        MAINTENANCE_KEY6
  C:8120H         SYMBOL        MAINTENANCE_KEY7
BL51 BANKED LINKER/LOCATER V5.11                                                      03/14/2010  09:10:22  PAGE 23


  C:81A0H         SYMBOL        MAINTENANCE_KEY8
  C:8220H         SYMBOL        MAINTENANCE_KEY9
  C:82AAH         SYMBOL        MAINTENANCE_KEYSHARP
  C:8294H         SYMBOL        MAINTENANCE_KEYSTAR
  C:C3E6H         SYMBOL        MAINTENANCE_KF_1
  C:C3F1H         SYMBOL        MAINTENANCE_KF_2
  C:C3E9H         SYMBOL        MAINTENANCE_KF_3
  C:C3A7H         SYMBOL        MAINTENANCE_NAK
  C:C459H         SYMBOL        MAINTENANCE_READ_BLOCK
  C:C2C1H         SYMBOL        MAINTENANCE_READ_CURRENT
  C:C3F4H         SYMBOL        MAINTENANCE_READ_E2P_BYTE
  C:C44CH         SYMBOL        MAINTENANCE_READ_PAGE
  C:C2DEH         SYMBOL        MAINTENANCE_READ_RANDOM
  C:82C3H         SYMBOL        MAINTENANCE_REDIAL
  C:C3E4H         SYMBOL        MAINTENANCE_SAVE_TO_E2P
  B:00B0H.7       SYMBOL        MAINTENANCE_SCL
  B:00B0H.6       SYMBOL        MAINTENANCE_SDA
  C:C37EH         SYMBOL        MAINTENANCE_SHIN
  C:C33EH         SYMBOL        MAINTENANCE_SHOUT
  C:C30FH         SYMBOL        MAINTENANCE_START
  C:C32EH         SYMBOL        MAINTENANCE_STOP
  C:C3F8H         SYMBOL        MAINTENANCE_WD_1
  C:C401H         SYMBOL        MAINTENANCE_WD_3
  C:C404H         SYMBOL        MAINTENANCE_WRITE_BLOCK
  C:C3B6H         SYMBOL        MAINTENANCE_WRITE_BYTE
  C:C43FH         SYMBOL        MAINTENANCE_WRITE_PAGE
  C:C488H         SYMBOL        MAINTENANCE_X31
  C:C495H         SYMBOL        MAINTENANCE_X32
  C:C49CH         SYMBOL        MAINTENANCE_X33
  C:C49DH         SYMBOL        MAINTENANCE_X34
  C:C49FH         SYMBOL        MAINTENANCE_X35
  C:C42BH         SYMBOL        MAINTENANCE_X36
  C:C437H         SYMBOL        MAINTENANCE_X37
  C:C43AH         SYMBOL        MAINTENANCE_X38
  C:C32CH         SYMBOL        MAINTENANCE_X40
  C:C32DH         SYMBOL        MAINTENANCE_X41
  C:C343H         SYMBOL        MAINTENANCE_X42
  C:C385H         SYMBOL        MAINTENANCE_X43
  C:C2DAH         SYMBOL        MAINTENANCE_X44
  C:C2DDH         SYMBOL        MAINTENANCE_X45
  C:C309H         SYMBOL        MAINTENANCE_X46
  C:C30CH         SYMBOL        MAINTENANCE_X47
  C:C3E0H         SYMBOL        MAINTENANCE_X48
  C:C3E3H         SYMBOL        MAINTENANCE_X49
  C:C442H         SYMBOL        MAINTENANCE_X63
  C:C44BH         SYMBOL        MAINTENANCE_X64
  C:C44FH         SYMBOL        MAINTENANCE_X72
  C:C458H         SYMBOL        MAINTENANCE_X74
  C:A39CH         SYMBOL        MANAGE_INCOMMING_CALL
  C:DF23H         SYMBOL        MANUAL_ALARM_SETTING
  N:00AAH         SYMBOL        MANUAL_CHARGE
  C:E06AH         SYMBOL        MANUAL_DATE_SETTING
  C:BFC6H         SYMBOL        MANUAL_SELECTED
  C:CB44H         SYMBOL        MANUAL_SETTINGS
  C:DDDCH         SYMBOL        MANUAL_TIME_SETTING
  C:31B1H         SYMBOL        MENU1_1_L
  C:1414H         SYMBOL        MENU1_1_R
BL51 BANKED LINKER/LOCATER V5.11                                                      03/14/2010  09:10:22  PAGE 24


  C:3231H         SYMBOL        MENU1_2_L
  C:31F1H         SYMBOL        MENU1_2_R
  C:32B9H         SYMBOL        MENU1_3_L
  C:3279H         SYMBOL        MENU1_3_R
  C:3339H         SYMBOL        MENU1_4_L
  C:32F9H         SYMBOL        MENU1_4_R
  C:33B9H         SYMBOL        MENU2_1_L
  C:3379H         SYMBOL        MENU2_1_R
  C:3439H         SYMBOL        MENU2_2_L
  C:33F9H         SYMBOL        MENU2_2_R
  C:34B9H         SYMBOL        MENU2_3_L
  C:3479H         SYMBOL        MENU2_3_R
  C:3539H         SYMBOL        MENU2_4_L
  C:34F9H         SYMBOL        MENU2_4_R
  C:35B9H         SYMBOL        MENU3_1_L
  C:3579H         SYMBOL        MENU3_1_R
  C:3639H         SYMBOL        MENU3_2_L
  C:35F9H         SYMBOL        MENU3_2_R
  C:36B9H         SYMBOL        MENU3_3_L
  C:3679H         SYMBOL        MENU3_3_R
  C:3739H         SYMBOL        MENU3_4_L
  C:36F9H         SYMBOL        MENU3_4_R
  C:27D0H         SYMBOL        MENU4_1_L
  C:2790H         SYMBOL        MENU4_1_R
  C:2850H         SYMBOL        MENU4_2_L
  C:2810H         SYMBOL        MENU4_2_R
  C:28D0H         SYMBOL        MENU4_3_L
  C:2890H         SYMBOL        MENU4_3_R
  C:2950H         SYMBOL        MENU4_4_L
  C:2910H         SYMBOL        MENU4_4_R
  C:29D0H         SYMBOL        MENU5_1_L
  C:2990H         SYMBOL        MENU5_1_R
  C:2A50H         SYMBOL        MENU5_2_L
  C:2A10H         SYMBOL        MENU5_2_R
  C:2AD0H         SYMBOL        MENU5_3_L
  C:2A90H         SYMBOL        MENU5_3_R
  C:2B50H         SYMBOL        MENU5_4_L
  C:2B10H         SYMBOL        MENU5_4_R
  C:1D70H         SYMBOL        MENU6_1_L
  C:1E70H         SYMBOL        MENU6_1_R
  C:1DB0H         SYMBOL        MENU6_2_L
  C:1EB0H         SYMBOL        MENU6_2_R
  C:1DF0H         SYMBOL        MENU6_3_L
  C:1EF0H         SYMBOL        MENU6_3_R
  C:1E30H         SYMBOL        MENU6_4_L
  C:1F30H         SYMBOL        MENU6_4_R
  C:1959H         SYMBOL        MENU7_1_L
  C:1A61H         SYMBOL        MENU7_1_R
  C:1999H         SYMBOL        MENU7_2_L
  C:1AA1H         SYMBOL        MENU7_2_R
  C:19D9H         SYMBOL        MENU7_3_L
  C:1AE1H         SYMBOL        MENU7_3_R
  C:1A21H         SYMBOL        MENU7_4_L
  C:1B21H         SYMBOL        MENU7_4_R
  C:4EC9H         SYMBOL        MENU8_1_L
  C:4E89H         SYMBOL        MENU8_1_R
  C:4E49H         SYMBOL        MENU8_2_L
BL51 BANKED LINKER/LOCATER V5.11                                                      03/14/2010  09:10:22  PAGE 25


  C:4E09H         SYMBOL        MENU8_2_R
  C:4DC9H         SYMBOL        MENU8_3_L
  C:4D89H         SYMBOL        MENU8_3_R
  C:4D49H         SYMBOL        MENU8_4_L
  C:4D09H         SYMBOL        MENU8_4_R
  C:D61FH         SYMBOL        MERGHT1
  C:D607H         SYMBOL        MERGHT2
  C:CFDFH         SYMBOL        MESSAGE
  N:0036H         SYMBOL        MESSAGE_ADDR_HI
  N:002FH         SYMBOL        MESSAGE_ADDR_LO
  C:D428H         SYMBOL        MESSAGE_FGHR1
  C:D5B7H         SYMBOL        MESSAGE_KF_1
  C:D5C2H         SYMBOL        MESSAGE_KF_2
  C:D5BAH         SYMBOL        MESSAGE_KF_3
  C:D422H         SYMBOL        MESSAGE_UPDATE_ERROR
  C:D426H         SYMBOL        MESSAGE_UPDATE_NORMAL_END
  C:D3CDH         SYMBOL        MESSAGE_ZX_0
  C:D3C1H         SYMBOL        MESSAGE_ZX_01
  C:D403H         SYMBOL        MESSAGE_ZX_3
  C:D420H         SYMBOL        MESSAGE_ZX_4
  C:8916H         SYMBOL        METF1
  B:00A0H.7       SYMBOL        MIC_MUTE
  C:A544H         SYMBOL        MID1
  C:A541H         SYMBOL        MID2
  C:A517H         SYMBOL        MID21
  C:A524H         SYMBOL        MID211
  C:A531H         SYMBOL        MID2111
  C:A534H         SYMBOL        MID2121
  C:A514H         SYMBOL        MID22
  C:A521H         SYMBOL        MID222
  C:A52EH         SYMBOL        MID2222
  C:A511H         SYMBOL        MID2_DELAY
  C:A51EH         SYMBOL        MID3_DELAY
  C:A52BH         SYMBOL        MID4_DELAY
  C:A50AH         SYMBOL        MID51
  C:A507H         SYMBOL        MID52
  C:A504H         SYMBOL        MID5_DELAY
  C:A53EH         SYMBOL        MID_DELAY
  C:A119H         SYMBOL        MINI_FLASH
  D:005EH         SYMBOL        MINUTE
  N:0009H         SYMBOL        MINUTE_ADDR_LO
  N:0038H         SYMBOL        MINUTE_UPDATE_MASK_ADDR_HI
  N:0031H         SYMBOL        MINUTE_UPDATE_MASK_ADDR_LO
  C:A26BH         SYMBOL        MKHG1
  B:00B0H.6       SYMBOL        MODEM_CLK
  B:00B0H.7       SYMBOL        MODEM_CMD
  N:000FH         SYMBOL        MODEM_CONDITION
  B:00B0H.5       SYMBOL        MODEM_CS
  B:00B0H.3       SYMBOL        MODEM_INT
  B:00B0H.4       SYMBOL        MODEM_REPLY
  C:CBE4H         SYMBOL        MODEM_REPLYSYNC
  B:0090H.6       SYMBOL        MODEM_SW
  C:9BF1H         SYMBOL        MODEM_WRITE_BYTE
  C:BFF6H         SYMBOL        MOGT1
  D:007DH         SYMBOL        MONTH
  N:0038H         SYMBOL        MONTH_UPDATE_MASK_ADDR_HI
  N:0038H         SYMBOL        MONTH_UPDATE_MASK_ADDR_LO
BL51 BANKED LINKER/LOCATER V5.11                                                      03/14/2010  09:10:22  PAGE 26


  D:0027H         SYMBOL        MSG_ADDR_HI
  D:0028H         SYMBOL        MSG_ADDR_LO
  C:9AB9H         SYMBOL        MSG_READ_RANDOM
  C:BD0DH         SYMBOL        MSG_SCR_OUT_TIMER1_1_FFF
  C:BD0FH         SYMBOL        MSG_SCR_OUT_TIMER1_2_FFF
  C:BD11H         SYMBOL        MSG_SCR_UYTR1_FFF
  C:9AE4H         SYMBOL        MSG_X46
  C:9AE7H         SYMBOL        MSG_X47
  C:9C39H         SYMBOL        MSG_ZEWD_1
  C:9C42H         SYMBOL        MSG_ZEWD_3
  C:8EBBH         SYMBOL        MUL_FIVE
  C:8ED2H         SYMBOL        MUL_TEN
  C:A6C3H         SYMBOL        MV0
  C:A6CEH         SYMBOL        MV1
  C:A6D9H         SYMBOL        MV2
  C:A6E4H         SYMBOL        MV3
  C:A6EFH         SYMBOL        MV4
  C:A6FAH         SYMBOL        MV5
  C:A705H         SYMBOL        MV6
  C:A710H         SYMBOL        MV7
  C:9BEDH         SYMBOL        MX48
  C:9BF0H         SYMBOL        MX49
  C:B775H         SYMBOL        MXTZX1
  C:B77BH         SYMBOL        MXTZX2
  C:B781H         SYMBOL        MXTZX3
  C:B787H         SYMBOL        MXTZX4
  C:B78DH         SYMBOL        MXTZX5
  C:B793H         SYMBOL        MXTZX6
  C:B799H         SYMBOL        MXTZX7
  C:B79FH         SYMBOL        MXTZX8
  C:B7A5H         SYMBOL        MXTZX9
  C:B7ABH         SYMBOL        MXTZXOUT
  C:8E20H         SYMBOL        N1
  C:8E27H         SYMBOL        N2
  C:8E2BH         SYMBOL        N3
  C:8E40H         SYMBOL        N4
  C:8E44H         SYMBOL        N5
  C:8E59H         SYMBOL        N6
  C:8E5DH         SYMBOL        N7
  C:8E72H         SYMBOL        N8
  C:8E76H         SYMBOL        N9
  N:00C3H         SYMBOL        NACK
  C:9B76H         SYMBOL        NAK
  B:002EH.5       SYMBOL        NEED_TO_ALERT
  C:DD59H         SYMBOL        NEGATIVE_HYTP2
  C:DC97H         SYMBOL        NEGATIVE_HYTP2C
  C:DD8AH         SYMBOL        NEGATIVE_HYTP3
  C:DCD6H         SYMBOL        NEGATIVE_HYTP3C
  C:1BC1H         SYMBOL        NEW_ALARM
  D:003EH         SYMBOL        NEW_ALARM_HOUR
  D:003FH         SYMBOL        NEW_ALARM_MINUTE
  D:0042H         SYMBOL        NEW_DAY
  D:003CH         SYMBOL        NEW_HOUR
  D:003DH         SYMBOL        NEW_MINUTE
  D:0043H         SYMBOL        NEW_MONTH
  C:1BF1H         SYMBOL        NEW_TIME
  C:C4B4H         SYMBOL        NEXT_0_RUN_EEP_UPDATE
BL51 BANKED LINKER/LOCATER V5.11                                                      03/14/2010  09:10:22  PAGE 27


  C:C5E8H         SYMBOL        NEXT_10_RUN_EEP_UPDATE
  C:C615H         SYMBOL        NEXT_11_RUN_EEP_UPDATE
  C:C624H         SYMBOL        NEXT_12_RUN_EEP_UPDATE
  C:C65BH         SYMBOL        NEXT_13_RUN_EEP_UPDATE
  C:C66AH         SYMBOL        NEXT_14_RUN_EEP_UPDATE
  C:C699H         SYMBOL        NEXT_15_RUN_EEP_UPDATE
  C:C6A8H         SYMBOL        NEXT_16_RUN_EEP_UPDATE
  C:C6D7H         SYMBOL        NEXT_17_RUN_EEP_UPDATE
  C:C6E6H         SYMBOL        NEXT_18_RUN_EEP_UPDATE
  C:C715H         SYMBOL        NEXT_19_RUN_EEP_UPDATE
  C:C4E9H         SYMBOL        NEXT_1_RUN_EEP_UPDATE
  C:C724H         SYMBOL        NEXT_20_RUN_EEP_UPDATE
  C:C753H         SYMBOL        NEXT_21_RUN_EEP_UPDATE
  C:C762H         SYMBOL        NEXT_22_RUN_EEP_UPDATE
  C:C791H         SYMBOL        NEXT_23_RUN_EEP_UPDATE
  C:C7A0H         SYMBOL        NEXT_24_RUN_EEP_UPDATE
  C:C4F8H         SYMBOL        NEXT_2_RUN_EEP_UPDATE
  C:C525H         SYMBOL        NEXT_3_RUN_EEP_UPDATE
  C:C534H         SYMBOL        NEXT_4_RUN_EEP_UPDATE
  C:C561H         SYMBOL        NEXT_5_RUN_EEP_UPDATE
  C:C570H         SYMBOL        NEXT_6_RUN_EEP_UPDATE
  C:C59DH         SYMBOL        NEXT_7_RUN_EEP_UPDATE
  C:C5ACH         SYMBOL        NEXT_8_RUN_EEP_UPDATE
  C:C5D9H         SYMBOL        NEXT_9_RUN_EEP_UPDATE
  C:8980H         SYMBOL        NEXT_BYTE
  C:BDD5H         SYMBOL        NEXT_BYTE_X
  C:BC4AH         SYMBOL        NEXT_CHAR
  C:A8FEH         SYMBOL        NEXT_COL
  C:82F0H         SYMBOL        NEXT_DIGIT
  C:B525H         SYMBOL        NEXT_DIGIT_23
  C:A2C1H         SYMBOL        NEXT_NUMBER
  C:93F8H         SYMBOL        NEXT_PRE1
  C:9408H         SYMBOL        NEXT_PRE2
  C:9418H         SYMBOL        NEXT_PRE3
  C:9428H         SYMBOL        NEXT_PRE4
  C:9438H         SYMBOL        NEXT_PRE5
  C:9448H         SYMBOL        NEXT_PRE6
  C:A8F8H         SYMBOL        NEXT_ROW
  C:8F79H         SYMBOL        NINE_0
  C:8FD1H         SYMBOL        NINE_1
  C:902CH         SYMBOL        NINE_2
  C:908AH         SYMBOL        NINE_3
  C:90DAH         SYMBOL        NINE_4
  B:0020H.0       SYMBOL        NOACK
  C:7D8FH         SYMBOL        NORMAL_KEY0
  C:7DCDH         SYMBOL        NORMAL_KEY0_0
  C:7D92H         SYMBOL        NORMAL_KEY0_1
  C:7E22H         SYMBOL        NORMAL_KEY1
  C:7E4DH         SYMBOL        NORMAL_KEY1_0
  C:7E25H         SYMBOL        NORMAL_KEY1_1
  C:7EA2H         SYMBOL        NORMAL_KEY2
  C:7ECDH         SYMBOL        NORMAL_KEY2_0
  C:7EA5H         SYMBOL        NORMAL_KEY2_1
  C:7F22H         SYMBOL        NORMAL_KEY3
  C:7F4DH         SYMBOL        NORMAL_KEY3_0
  C:7F25H         SYMBOL        NORMAL_KEY3_1
  C:7FA2H         SYMBOL        NORMAL_KEY4
BL51 BANKED LINKER/LOCATER V5.11                                                      03/14/2010  09:10:22  PAGE 28


  C:7FCDH         SYMBOL        NORMAL_KEY4_0
  C:7FA5H         SYMBOL        NORMAL_KEY4_1
  C:8022H         SYMBOL        NORMAL_KEY5
  C:804DH         SYMBOL        NORMAL_KEY5_0
  C:8025H         SYMBOL        NORMAL_KEY5_1
  C:80A2H         SYMBOL        NORMAL_KEY6
  C:80CDH         SYMBOL        NORMAL_KEY6_0
  C:80A5H         SYMBOL        NORMAL_KEY6_1
  C:8122H         SYMBOL        NORMAL_KEY7
  C:814DH         SYMBOL        NORMAL_KEY7_0
  C:8125H         SYMBOL        NORMAL_KEY7_1
  C:81A2H         SYMBOL        NORMAL_KEY8
  C:81CDH         SYMBOL        NORMAL_KEY8_0
  C:81A5H         SYMBOL        NORMAL_KEY8_1
  C:8222H         SYMBOL        NORMAL_KEY9
  C:824DH         SYMBOL        NORMAL_KEY9_0
  C:8225H         SYMBOL        NORMAL_KEY9_1
  C:82ABH         SYMBOL        NORMAL_KEYSHARP
  C:82B8H         SYMBOL        NORMAL_KEYSHARP_0
  C:82AEH         SYMBOL        NORMAL_KEYSHARP_1
  C:8295H         SYMBOL        NORMAL_KEYSTAR
  C:82A2H         SYMBOL        NORMAL_KEYSTAR_0
  C:8298H         SYMBOL        NORMAL_KEYSTAR_1
  C:A3B0H         SYMBOL        NORMAL_MANAGE_INCOMMING_CALL
  N:000BH         SYMBOL        NORMAL_PHONE
  C:82C4H         SYMBOL        NORMAL_REDIAL
  C:8324H         SYMBOL        NORMAL_REDIAL_0
  C:82C7H         SYMBOL        NORMAL_REDIAL_1
  C:A8A9H         SYMBOL        NOTICE_BUZZ
  C:A2E9H         SYMBOL        NOT_FIRST
  C:9D58H         SYMBOL        NOT_FREE
  N:00AAH         SYMBOL        NO_ACCESS
  C:799CH         SYMBOL        NO_ALARM
  C:0636H         SYMBOL        NO_BALANCE_L
  C:0604H         SYMBOL        NO_BALANCE_R
  C:8F9EH         SYMBOL        NO_BLANK_1
  C:8FF9H         SYMBOL        NO_BLANK_2
  C:9057H         SYMBOL        NO_BLANK_3
  N:0000H         SYMBOL        NO_CALL
  C:A270H         SYMBOL        NO_CARD
  C:7CE2H         SYMBOL        NO_CARD_DETECTED
  N:0009H         SYMBOL        NO_CHARGE_PULSE_EVENT
  C:DA95H         SYMBOL        NO_DIAL_TONE
  C:B580H         SYMBOL        NO_DIGIT_TO_DISPLAY
  C:7A04H         SYMBOL        NO_DOOR
  N:0000H         SYMBOL        NO_EVENT
  N:00B4H         SYMBOL        NO_FREE_CALL
  C:7A38H         SYMBOL        NO_HOOK
  C:CAE9H         SYMBOL        NO_MAINTANENCE
  C:79D0H         SYMBOL        NO_RING
  C:E3F0H         SYMBOL        NO_SAM
  C:0208H         SYMBOL        NUM0
  C:01AEH         SYMBOL        NUM1
  C:01B8H         SYMBOL        NUM2
  C:01C2H         SYMBOL        NUM3
  C:01CCH         SYMBOL        NUM4
  C:01D6H         SYMBOL        NUM5
BL51 BANKED LINKER/LOCATER V5.11                                                      03/14/2010  09:10:22  PAGE 29


  C:01E0H         SYMBOL        NUM6
  C:01EAH         SYMBOL        NUM7
  C:01F4H         SYMBOL        NUM8
  C:01FEH         SYMBOL        NUM9
  N:00A0H         SYMBOL        OFFLINE_CHARGE
  C:9268H         SYMBOL        OFFLINE_DECREASE_ACCOUNT
  N:0019H         SYMBOL        OFF_CHARGE_TABLE_HI
  N:0026H         SYMBOL        OFF_CHARGE_TABLE_LO
  C:A3E5H         SYMBOL        OFF_HOOK_INCOMMING_CALL
  C:8F49H         SYMBOL        ONE_0
  C:8FA1H         SYMBOL        ONE_1
  C:8FFCH         SYMBOL        ONE_2
  C:905AH         SYMBOL        ONE_3
  C:90AAH         SYMBOL        ONE_4
  N:00AAH         SYMBOL        ONLINE_CHARGE
  B:002CH.1       SYMBOL        ONLINE_CHARGGING
  C:9375H         SYMBOL        ONLINE_GO_ON
  C:BFB8H         SYMBOL        ONLINE_SELECTED
  C:8466H         SYMBOL        OSD_4
  C:C0CAH         SYMBOL        OTFD1
  C:C0CDH         SYMBOL        OTFD2
  N:0017H         SYMBOL        OTHER_REPORT_ADDR_HI
  C:9F43H         SYMBOL        OTHER_REPORT_ADDR_IS_NOT_VALID
  C:9F41H         SYMBOL        OTHER_REPORT_ADDR_IS_VALID
  N:004CH         SYMBOL        OTHER_REPORT_ADDR_LO
  N:0017H         SYMBOL        OTHER_TABLE_END_ADDR_HI
  N:006CH         SYMBOL        OTHER_TABLE_END_ADDR_LO
  C:1799H         SYMBOL        OUTORDER1_L
  C:1759H         SYMBOL        OUTORDER1_R
  C:17D9H         SYMBOL        OUTORDER2_L
  C:1819H         SYMBOL        OUTORDER2_R
  C:9D5AH         SYMBOL        OUTZJ
  C:8F7FH         SYMBOL        OUT_0
  C:8FD7H         SYMBOL        OUT_1
  C:9032H         SYMBOL        OUT_2
  C:9090H         SYMBOL        OUT_3
  C:90E0H         SYMBOL        OUT_4
  C:A416H         SYMBOL        OUT_7YG
  C:E4CAH         SYMBOL        OUT_8YG
  C:E48FH         SYMBOL        OUT_9YG
  C:F057H         SYMBOL        OUT_BOOT_LOADER
  C:A26DH         SYMBOL        OUT_CARD
  C:8940H         SYMBOL        OUT_CARD_ALARM
  C:A26FH         SYMBOL        OUT_CARD_INSERTION
  C:83B5H         SYMBOL        OUT_CHANGE_NEW_ALARM
  C:83D9H         SYMBOL        OUT_CHANGE_NEW_DATE
  C:8391H         SYMBOL        OUT_CHANGE_NEW_TIME
  C:9265H         SYMBOL        OUT_CHECK_CARD_ACCOUNT_LIMIT
  C:7AE6H         SYMBOL        OUT_CHECK_KEY_ROW1
  C:7B8FH         SYMBOL        OUT_CHECK_KEY_ROW2
  C:7C38H         SYMBOL        OUT_CHECK_KEY_ROW3
  C:7CD9H         SYMBOL        OUT_CHECK_KEY_ROW4
  C:A5C1H         SYMBOL        OUT_DELAY_DTMF
  C:9735H         SYMBOL        OUT_FIND_CHARGGING_ZONE_FROM_DAY_TYPE
  C:966BH         SYMBOL        OUT_FIND_CHARGGING_ZONE_FROM_DAY_TYPE_ADDR
  C:9858H         SYMBOL        OUT_FIND_LEVEL_ADDR
  C:997DH         SYMBOL        OUT_FIND_ZONE
BL51 BANKED LINKER/LOCATER V5.11                                                      03/14/2010  09:10:22  PAGE 30


  C:AF24H         SYMBOL        OUT_FRG34
  C:B329H         SYMBOL        OUT_GBJ8
  C:B367H         SYMBOL        OUT_GBJU
  C:88E5H         SYMBOL        OUT_KEY_HELP
  C:BE13H         SYMBOL        OUT_LOAD_E2P_TO_RAM
  C:998FH         SYMBOL        OUT_LOAD_PULSE_AND_TIMESLOT_FROM_ZONE_AND_LEVEL
  C:CAE9H         SYMBOL        OUT_MAINTANENCE
  C:BC6BH         SYMBOL        OUT_NEXT_CHAR
  C:A2C0H         SYMBOL        OUT_NO_CARD
  C:A289H         SYMBOL        OUT_NO_CARD1
  C:A7BEH         SYMBOL        OUT_OF_ANTITAP_WAIT
  C:921AH         SYMBOL        OUT_OF_BLACK_LIST_CHECK
  C:7DFEH         SYMBOL        OUT_OF_KEY_0
  C:7E7EH         SYMBOL        OUT_OF_KEY_1
  C:7EFEH         SYMBOL        OUT_OF_KEY_2
  C:7F7EH         SYMBOL        OUT_OF_KEY_3
  C:7FFEH         SYMBOL        OUT_OF_KEY_4
  C:807EH         SYMBOL        OUT_OF_KEY_5
  C:80FEH         SYMBOL        OUT_OF_KEY_6
  C:817EH         SYMBOL        OUT_OF_KEY_7
  C:81FEH         SYMBOL        OUT_OF_KEY_8
  C:827EH         SYMBOL        OUT_OF_KEY_9
  C:8899H         SYMBOL        OUT_OF_KEY_FIRE
  C:846EH         SYMBOL        OUT_OF_KEY_LANG
  C:85F6H         SYMBOL        OUT_OF_KEY_POLICE
  C:8324H         SYMBOL        OUT_OF_KEY_REDIAL
  C:82B8H         SYMBOL        OUT_OF_KEY_SHARP
  C:82A2H         SYMBOL        OUT_OF_KEY_STAR
  C:874EH         SYMBOL        OUT_OF_KEY_URGENT
  C:84E0H         SYMBOL        OUT_OF_KEY_VOL
  B:002EH.2       SYMBOL        OUT_OF_SERVICE1
  B:002EH.3       SYMBOL        OUT_OF_SERVICE2
  C:E3FFH         SYMBOL        OUT_SAM_TEST
  C:A854H         SYMBOL        OUT_SEND_ANTITAP_SIGNAL
  C:CAFFH         SYMBOL        OUT_SOFTWARE_UPDATE
  C:C179H         SYMBOL        OUT_TIC_TAC
  C:9597H         SYMBOL        OUT_TIMER1_1
  C:95B4H         SYMBOL        OUT_TIMER1_1F
  C:D89FH         SYMBOL        OUT_TIMER1_1_FFF
  C:C043H         SYMBOL        OUT_TIMER1_1_W
  C:92BCH         SYMBOL        OUT_TIMER1_1_X
  C:9599H         SYMBOL        OUT_TIMER1_2
  C:95B6H         SYMBOL        OUT_TIMER1_2F
  C:D8A1H         SYMBOL        OUT_TIMER1_2_FFF
  C:E492H         SYMBOL        OUT_TIMER1_2_H
  C:C045H         SYMBOL        OUT_TIMER1_2_W
  C:92C0H         SYMBOL        OUT_TIMER1_2_X
  C:93CBH         SYMBOL        OUT_TIMER2_LBL
  C:B12FH         SYMBOL        OUT_TYH5
  C:B16BH         SYMBOL        OUT_TYH7
  C:B0FCH         SYMBOL        OUT_TYHHH
  C:B377H         SYMBOL        OUT_VBG15
  C:B0E8H         SYMBOL        OUT_VBGDS15
  C:84C2H         SYMBOL        OUT_VOLUME_LEVEL
  C:B5A3H         SYMBOL        OUT_YR3
  C:B598H         SYMBOL        OUT_YR32
  D:0044H         SYMBOL        OVERLOAD
BL51 BANKED LINKER/LOCATER V5.11                                                      03/14/2010  09:10:22  PAGE 31


  C:82CFH         SYMBOL        OVER_KEY_DIALED
  C:82CBH         SYMBOL        OVER_NO_MEM
  C:8980H         SYMBOL        OVER_RIGHT
  C:BDD5H         SYMBOL        OVER_RIGHT_X
  D:0080H         SYMBOL        P0
  D:0090H         SYMBOL        P1
  D:00A0H         SYMBOL        P2
  D:00B0H         SYMBOL        P3
  N:0000H         SYMBOL        PADDR
  N:0001H         SYMBOL        PADDR2
  D:0041H         SYMBOL        PAYTEMP_HI
  D:0040H         SYMBOL        PAYTEMP_LO
  N:0038H         SYMBOL        PAYTOL_ADDR_HI
  N:003AH         SYMBOL        PAYTOL_ADDR_LO
  D:0043H         SYMBOL        PAYTOL_HI
  D:0042H         SYMBOL        PAYTOL_LO
  C:E25EH         SYMBOL        PHONE
  D:0015H         SYMBOL        PHONE_ACCESS_LEVEL
  N:0038H         SYMBOL        PHONE_ACTIVITY_LEVEL_ADDR_HI
  N:0046H         SYMBOL        PHONE_ACTIVITY_LEVEL_ADDR_LO
  N:0038H         SYMBOL        PHONE_GROUP_ADDR_HI
  N:0050H         SYMBOL        PHONE_GROUP_ADDR_LO
  C:0380H         SYMBOL        PHONE_SETTINGS_L
  C:0358H         SYMBOL        PHONE_SETTINGS_R
  C:A3AAH         SYMBOL        PMS_MANAGE_INCOMMING_CALL
  C:CFAFH         SYMBOL        PMS_NUM
  C:D084H         SYMBOL        PMS_NUM_FGHR1
  C:D49FH         SYMBOL        PMS_NUM_KF_1
  C:D4AAH         SYMBOL        PMS_NUM_KF_2
  C:D4A2H         SYMBOL        PMS_NUM_KF_3
  C:D07EH         SYMBOL        PMS_NUM_UPDATE_ERROR
  C:D082H         SYMBOL        PMS_NUM_UPDATE_NORMAL_END
  C:D036H         SYMBOL        PMS_NUM_ZX_0
  C:D02AH         SYMBOL        PMS_NUM_ZX_01
  C:D05FH         SYMBOL        PMS_NUM_ZX_3
  C:D07CH         SYMBOL        PMS_NUM_ZX_4
  C:BF4DH         SYMBOL        POIKIJ2
  C:BF55H         SYMBOL        POIKIJ3
  C:BF5DH         SYMBOL        POIKIJ4
  C:BF65H         SYMBOL        POIKIJ5
[...]
  C:8D93H         SYMBOL        SKX_26
  C:8D9DH         SYMBOL        SKX_27
  C:8D9DH         SYMBOL        SKX_28
  C:8DA7H         SYMBOL        SKX_29
  C:8D09H         SYMBOL        SKX_3
  C:8DA7H         SYMBOL        SKX_30
  C:8DB1H         SYMBOL        SKX_31
  C:8DB1H         SYMBOL        SKX_32
  C:8DBBH         SYMBOL        SKX_33
  C:8DBBH         SYMBOL        SKX_34
  C:8DC5H         SYMBOL        SKX_35
  C:8DC5H         SYMBOL        SKX_36
  C:8DCFH         SYMBOL        SKX_37
  C:8D17H         SYMBOL        SKX_4
  C:8D21H         SYMBOL        SKX_5
  C:8D23H         SYMBOL        SKX_6
  C:8D2DH         SYMBOL        SKX_7
  C:8D2FH         SYMBOL        SKX_8
  C:8D39H         SYMBOL        SKX_9
  C:0AC5H         SYMBOL        SLASH
  D:000AH         SYMBOL        SLVADR
  C:D6F0H         SYMBOL        SM_1
  C:CAEAH         SYMBOL        SOFTWARE_UPDATE
  C:0470H         SYMBOL        SOFTWARE_UPDATE_L
  C:0448H         SYMBOL        SOFTWARE_UPDATE_R
  N:0017H         SYMBOL        SOFTWARE_VERSION_ADDR_HI
  N:006CH         SYMBOL        SOFTWARE_VERSION_ADDR_LO
  C:998DH         SYMBOL        SOME_ERROR_IN_CHARGGING_ELEMENTS
  C:CB30H         SYMBOL        SOME_ERROR_LOAD_PROGRAM_TO_ISP_E2P
  C:C7ADH         SYMBOL        SOME_ERROR_RUN_EEP_UPDATE
  C:8CD4H         SYMBOL        SOME_THING_WRONG
BL51 BANKED LINKER/LOCATER V5.11                                                      03/14/2010  09:10:22  PAGE 40


  N:0099H         SYMBOL        SOR
  N:0095H         SYMBOL        SOU
  D:0081H         SYMBOL        SP
  B:00B0H.2       SYMBOL        SPM_INT
  N:0010H         SYMBOL        SPM_MASK
  C:93AAH         SYMBOL        SPM_OFFLINE
  C:93C8H         SYMBOL        SPM_OFFLINE_LBL
  C:934BH         SYMBOL        SPM_ONLINE
  C:D686H         SYMBOL        SQFR1
  C:913FH         SYMBOL        SRP11
  C:9166H         SYMBOL        SRP12
  C:7DC4H         SYMBOL        SST0
  C:7E44H         SYMBOL        SST1
  C:7EC4H         SYMBOL        SST2
  C:7F44H         SYMBOL        SST3
  C:7FC4H         SYMBOL        SST4
  C:8044H         SYMBOL        SST5
  C:80C4H         SYMBOL        SST6
  C:8144H         SYMBOL        SST7
  C:81C4H         SYMBOL        SST8
  C:8244H         SYMBOL        SST9
  C:8B88H         SYMBOL        ST1355
  B:0090H.5       SYMBOL        STANDBY_SW
  C:0B05H         SYMBOL        STAR
  C:9AEAH         SYMBOL        START
  C:931BH         SYMBOL        START_AUTO_CHARGE
  D:0025H         SYMBOL        START_COL
  N:001EH         SYMBOL        START_FREE_CALL
  C:92D1H         SYMBOL        START_OFFLINE_CHARGGING
  C:92CBH         SYMBOL        START_ONLINE_CHARGGING
  D:0024H         SYMBOL        START_ROW
  C:E40CH         SYMBOL        START_SAM_KILL
  C:95BDH         SYMBOL        START_SCHEDULING_ANSWER_TIME
  C:95E3H         SYMBOL        START_SCHEDULING_DIAL_WAIT_TIME
  C:D8AAH         SYMBOL        START_SCHEDULING_GUARD_TIME
  C:BCC3H         SYMBOL        START_SCROLLING_MESSAGE
  C:C06BH         SYMBOL        START_TIC_TAC
  D:0051H         SYMBOL        STATE
  D:002FH         SYMBOL        STATUS_FLAGS
  C:9B09H         SYMBOL        STOP
  C:92CEH         SYMBOL        STOP_ONLINE_CHARGGING
  C:E424H         SYMBOL        STOP_SAM_KILL
  C:C09BH         SYMBOL        STOP_TIC_TAC
  C:B5ADH         SYMBOL        STR30
  C:951DH         SYMBOL        STRIKE
  C:A362H         SYMBOL        STRIKED
  C:04C0H         SYMBOL        SUCCESS_L
  C:0498H         SYMBOL        SUCCESS_R
  C:E4CDH         SYMBOL        SWD1
  C:9BBFH         SYMBOL        SX48
  C:9BC2H         SYMBOL        SX49
  C:D9EDH         SYMBOL        SYNCHRONIZATION_ERROR
  C:D9F3H         SYMBOL        SYNCHRONIZATION_FGHR1
  C:D9F1H         SYMBOL        SYNCHRONIZATION_NORMAL_END
  C:D9A7H         SYMBOL        SYNCHRONIZATION_ZX_0
  C:D99BH         SYMBOL        SYNCHRONIZATION_ZX_01
  C:D9CEH         SYMBOL        SYNCHRONIZATION_ZX_3
BL51 BANKED LINKER/LOCATER V5.11                                                      03/14/2010  09:10:22  PAGE 41


  C:D9EBH         SYMBOL        SYNCHRONIZATION_ZX_4
  C:CFF3H         SYMBOL        SYNCHRONIZE
  C:D9F6H         SYMBOL        SYNCHRONIZE_RTC
  C:BFBAH         SYMBOL        SZV1
  C:BFD9H         SYMBOL        SZV2
  D:0052H         SYMBOL        T0_C1
  D:0053H         SYMBOL        T0_C2
  D:0054H         SYMBOL        T1_C1
  D:0055H         SYMBOL        T1_C2
  D:0058H         SYMBOL        T1_C3
  N:00C8H         SYMBOL        T2CON
  N:00C9H         SYMBOL        T2MOD
  D:0076H         SYMBOL        T2_C1
  D:0077H         SYMBOL        T2_C2
  B:0090H.2       SYMBOL        TEL_SW
  D:0045H         SYMBOL        TEMP
  C:83CDH         SYMBOL        TERFUH26
  C:83D9H         SYMBOL        TERFUH27
  C:A291H         SYMBOL        TERG12
  C:A2A7H         SYMBOL        TERG13
  C:A873H         SYMBOL        TEST_BUZZ
  C:7C53H         SYMBOL        TEST_KEY_0
  C:7A3EH         SYMBOL        TEST_KEY_1
  C:7A5CH         SYMBOL        TEST_KEY_2
  C:7A7AH         SYMBOL        TEST_KEY_3
  C:7AE7H         SYMBOL        TEST_KEY_4
  C:7B05H         SYMBOL        TEST_KEY_5
  C:7B23H         SYMBOL        TEST_KEY_6
  C:7B90H         SYMBOL        TEST_KEY_7
  C:7BAEH         SYMBOL        TEST_KEY_8
  C:7BCCH         SYMBOL        TEST_KEY_9
  C:7B75H         SYMBOL        TEST_KEY_DOOR
  C:7CA5H         SYMBOL        TEST_KEY_EMERGENCY
  C:7C04H         SYMBOL        TEST_KEY_FIRE
  C:7BEAH         SYMBOL        TEST_KEY_FLASH
  C:7C8BH         SYMBOL        TEST_KEY_HELP
  C:7C1EH         SYMBOL        TEST_KEY_HOOK
  C:7AB2H         SYMBOL        TEST_KEY_LANG
  C:7B5BH         SYMBOL        TEST_KEY_POLICE
  C:7B41H         SYMBOL        TEST_KEY_REDIAL
  C:7CBFH         SYMBOL        TEST_KEY_RING
  C:7ACCH         SYMBOL        TEST_KEY_RTC
  C:7C71H         SYMBOL        TEST_KEY_SHARP
  C:7C39H         SYMBOL        TEST_KEY_STAR
  C:7A98H         SYMBOL        TEST_KEY_VOL
  C:8AAFH         SYMBOL        TEST_LEVEL_1
  C:8ACEH         SYMBOL        TEST_LEVEL_2
  C:8AFAH         SYMBOL        TEST_LEVEL_3
  C:8B33H         SYMBOL        TEST_LEVEL_4
  C:E1B6H         SYMBOL        TEST_MONTH1
  C:E219H         SYMBOL        TEST_MONTH10
  C:E224H         SYMBOL        TEST_MONTH11
  C:E22FH         SYMBOL        TEST_MONTH12
  C:E1C1H         SYMBOL        TEST_MONTH2
  C:E1CCH         SYMBOL        TEST_MONTH3
  C:E1D7H         SYMBOL        TEST_MONTH4
  C:E1E2H         SYMBOL        TEST_MONTH5
BL51 BANKED LINKER/LOCATER V5.11                                                      03/14/2010  09:10:22  PAGE 42


  C:E1EDH         SYMBOL        TEST_MONTH6
  C:E1F8H         SYMBOL        TEST_MONTH7
  C:E203H         SYMBOL        TEST_MONTH8
  C:E20EH         SYMBOL        TEST_MONTH9
  C:7CE5H         SYMBOL        TEST_ROW1
  C:7D07H         SYMBOL        TEST_ROW2
  C:7D29H         SYMBOL        TEST_ROW3
  C:7D4BH         SYMBOL        TEST_ROW4
  C:E37CH         SYMBOL        TEST_SAM
  D:0023H         SYMBOL        TEXTURE_LENGTH
  B:00C8H.7       SYMBOL        TF2
  C:A33CH         SYMBOL        TFC1
  C:9F58H         SYMBOL        TFWEKJ2
  C:9FBCH         SYMBOL        TFWEKJ234
  D:008CH         SYMBOL        TH0
  D:008DH         SYMBOL        TH1
  N:00CDH         SYMBOL        TH2
  C:0AFDH         SYMBOL        THICK_BAR
  C:8F55H         SYMBOL        THREE_0
  C:8FADH         SYMBOL        THREE_1
  C:9008H         SYMBOL        THREE_2
  C:9066H         SYMBOL        THREE_3
  C:90B6H         SYMBOL        THREE_4
  C:C01FH         SYMBOL        TIC_TAC
  C:C16CH         SYMBOL        TIC_TAC_OR_SAM
  B:002AH.5       SYMBOL        TIME_SET_H_M
  C:0ACDH         SYMBOL        TIME_SIGN
  D:005AH         SYMBOL        TIME_SLOT_HI
  D:005BH         SYMBOL        TIME_SLOT_LO
  C:930EH         SYMBOL        TJK1
  D:008AH         SYMBOL        TL0
  D:008BH         SYMBOL        TL1
  N:00CCH         SYMBOL        TL2
  D:0089H         SYMBOL        TMOD
  D:0032H         SYMBOL        TMP
  D:0034H         SYMBOL        TMP_BUF
  C:BDF0H         SYMBOL        TMR_00
  C:C25CH         SYMBOL        TONE_DIAL
  B:002DH.2       SYMBOL        TONE_DIALING
  B:0088H.4       SYMBOL        TR0
  B:0088H.6       SYMBOL        TR1
  B:00C8H.2       SYMBOL        TR2
  C:B58AH         SYMBOL        TRGD1
  C:C035H         SYMBOL        TRYEG1
  C:8F4FH         SYMBOL        TWO_0
  C:8FA7H         SYMBOL        TWO_1
  C:9002H         SYMBOL        TWO_2
  C:9060H         SYMBOL        TWO_3
  C:90B0H         SYMBOL        TWO_4
  C:A1BAH         SYMBOL        TYFRE1
  C:A149H         SYMBOL        TYFRE1I
  C:B6DAH         SYMBOL        TZX1
  C:B6E0H         SYMBOL        TZX2
  C:B6E6H         SYMBOL        TZX3
  C:B6ECH         SYMBOL        TZX4
  C:B6F2H         SYMBOL        TZX5
  C:B6F8H         SYMBOL        TZX6
BL51 BANKED LINKER/LOCATER V5.11                                                      03/14/2010  09:10:22  PAGE 43


  C:B6FEH         SYMBOL        TZX7
  C:B704H         SYMBOL        TZX8
  C:B70AH         SYMBOL        TZX9
  C:B710H         SYMBOL        TZXOUT
  C:A31DH         SYMBOL        UHEQ1
  C:8385H         SYMBOL        UHERFUH23
  C:8391H         SYMBOL        UHERFUH25
  C:83A9H         SYMBOL        UHERFUH26
  C:83B5H         SYMBOL        UHERFUH27
  C:9FF2H         SYMBOL        UHEYG1
  C:9FFBH         SYMBOL        UHEYG2
  C:A004H         SYMBOL        UHEYG3
  C:A018H         SYMBOL        UHUWH1
  C:A022H         SYMBOL        UHUWH2
  C:A02CH         SYMBOL        UHUWH3
  C:0A95H         SYMBOL        UNDERLINE
  C:8594H         SYMBOL        UOHER1
  C:CF92H         SYMBOL        UPDATE
  C:DD0AH         SYMBOL        UPDATE_ALARM
  C:DD36H         SYMBOL        UPDATE_CLOCK
  C:CFFCH         SYMBOL        UPDATE_COMPLETE
  C:DC74H         SYMBOL        UPDATE_DATE
  C:D012H         SYMBOL        UPDATE_ERROR
  N:00A1H         SYMBOL        UPDATE_MASK
  C:D016H         SYMBOL        UPDATE_NORMAL_END
  C:0A9DH         SYMBOL        UPPERLINE
  C:0AD5H         SYMBOL        UP_LEFT
  C:0ADDH         SYMBOL        UP_RIGHT
  C:7D9AH         SYMBOL        UR1
  C:7DA5H         SYMBOL        UR2
  C:8E04H         SYMBOL        UYGEYFG1
  C:9107H         SYMBOL        UYGEYFG2
  C:A00AH         SYMBOL        UYTEW21
  C:95B8H         SYMBOL        UYTR1
  C:D8A3H         SYMBOL        UYTR1_FFF
  C:91A6H         SYMBOL        U_CHECK1
  C:91BCH         SYMBOL        U_CHECK2
  C:91D1H         SYMBOL        U_CHECK3
  B:002CH.4       SYMBOL        U_ERROR
  C:8E9BH         SYMBOL        VALID_0
  C:8EB3H         SYMBOL        VALID_1
  B:002DH.7       SYMBOL        VALID_CARD
  C:B512H         SYMBOL        VALID_DISPLAY
  D:003BH         SYMBOL        VAR_1
  C:A118H         SYMBOL        VCDE1
  C:8C43H         SYMBOL        VERIFY_DECREASE_ACCOUNT
  C:01ADH         SYMBOL        VERSION
  C:BF2CH         SYMBOL        VGY1
  C:BF35H         SYMBOL        VGY2
  C:BF39H         SYMBOL        VGY3
  D:006BH         SYMBOL        VIRT_ACCOUNT_HI
  D:006CH         SYMBOL        VIRT_ACCOUNT_LO
  C:AEE9H         SYMBOL        VNDF1
  C:AEECH         SYMBOL        VNDF2
  B:0090H.4       SYMBOL        VOICE_SW
  B:00A0H.3       SYMBOL        VOLUME0
  B:0090H.5       SYMBOL        VOLUME1
BL51 BANKED LINKER/LOCATER V5.11                                                      03/14/2010  09:10:22  PAGE 44


  D:0026H         SYMBOL        VOLUME_LEVEL
  C:84A0H         SYMBOL        VOLUME_LEVEL_1
  C:84A9H         SYMBOL        VOLUME_LEVEL_2
  C:84B2H         SYMBOL        VOLUME_LEVEL_3
  C:84BBH         SYMBOL        VOLUME_LEVEL_4
  C:D7FDH         SYMBOL        VX_0
  C:D803H         SYMBOL        VX_1
  C:D811H         SYMBOL        VX_2
  C:D81CH         SYMBOL        VX_3
  N:0001H         SYMBOL        WAIT_FOR_DIAL
  C:CF86H         SYMBOL        WAIT_FOR_EOR_ACK
  C:A76AH         SYMBOL        WAIT_FOR_START
  C:A767H         SYMBOL        WAIT_FOR_SYNC
  C:A76DH         SYMBOL        WAIT_FOR_TRIGGER
  C:9C63H         SYMBOL        WAIT_IF_BUSY
  C:9C83H         SYMBOL        WAIT_IF_BUSY2
  B:002AH.1       SYMBOL        WAIT_SW
  C:CF0FH         SYMBOL        WD_0
  C:CF18H         SYMBOL        WD_1
  C:CF22H         SYMBOL        WD_2
  C:CF24H         SYMBOL        WD_3
  C:CF29H         SYMBOL        WD_5
  C:CFD3H         SYMBOL        WHITE_LIST
  N:0031H         SYMBOL        WHITE_LIST_ADDR_HI
  N:0029H         SYMBOL        WHITE_LIST_ADDR_LO
  C:D33FH         SYMBOL        WHITE_LIST_FGHR1
  C:D571H         SYMBOL        WHITE_LIST_KF_1
  C:D57CH         SYMBOL        WHITE_LIST_KF_2
  C:D574H         SYMBOL        WHITE_LIST_KF_3
  N:03E8H         SYMBOL        WHITE_LIST_RAM_ADDR
  C:D339H         SYMBOL        WHITE_LIST_UPDATE_ERROR
  C:D33DH         SYMBOL        WHITE_LIST_UPDATE_NORMAL_END
  C:D2E4H         SYMBOL        WHITE_LIST_ZX_0
  C:D2D8H         SYMBOL        WHITE_LIST_ZX_01
  C:D31AH         SYMBOL        WHITE_LIST_ZX_3
  C:D337H         SYMBOL        WHITE_LIST_ZX_4
  C:9E3DH         SYMBOL        WMSJ1
  C:9D40H         SYMBOL        WORLD
  N:00A3H         SYMBOL        WORLD_CALL
  C:99C7H         SYMBOL        WRITE_BLOCK
  C:F068H         SYMBOL        WRITE_BSB
  C:9B95H         SYMBOL        WRITE_BYTE
  C:8A0AH         SYMBOL        WRITE_CARD
  C:89EEH         SYMBOL        WRITE_CARD2
  C:8A2DH         SYMBOL        WRITE_CARRY_CARD
  C:9990H         SYMBOL        WRITE_FF
  C:F07CH         SYMBOL        WRITE_FLASH_BYTE
  C:F088H         SYMBOL        WRITE_FLASH_PAGE
  C:9C7BH         SYMBOL        WRITE_INTERNAL_E2P
  C:9A01H         SYMBOL        WRITE_PAGE
  C:F09CH         SYMBOL        WRITE_SBV
  C:9B85H         SYMBOL        WRITE_TO_E2P
  C:9BC3H         SYMBOL        WRITE_ZDATA
  C:88D3H         SYMBOL        WRONG_MAIN_PASS1
  C:0510H         SYMBOL        WRONG_PASS_L
  C:04E8H         SYMBOL        WRONG_PASS_R
  C:C708H         SYMBOL        WRRTF10
BL51 BANKED LINKER/LOCATER V5.11                                                      03/14/2010  09:10:22  PAGE 45


  C:C746H         SYMBOL        WRRTF11
  C:C784H         SYMBOL        WRRTF12
  C:C4DCH         SYMBOL        WRRTF1X
  C:C518H         SYMBOL        WRRTF2
  C:C554H         SYMBOL        WRRTF3
  C:C590H         SYMBOL        WRRTF4
  C:C5CCH         SYMBOL        WRRTF5
  C:C608H         SYMBOL        WRRTF6
  C:C64EH         SYMBOL        WRRTF7
  C:C68CH         SYMBOL        WRRTF8
  C:C6CAH         SYMBOL        WRRTF9
  C:7DF2H         SYMBOL        WSFD10
  C:7E72H         SYMBOL        WSFD11
  C:7EF2H         SYMBOL        WSFD12
  C:7F72H         SYMBOL        WSFD13
  C:7FF2H         SYMBOL        WSFD14
  C:8072H         SYMBOL        WSFD15
  C:80F2H         SYMBOL        WSFD16
  C:8172H         SYMBOL        WSFD17
  C:81F2H         SYMBOL        WSFD18
  C:8272H         SYMBOL        WSFD19
  C:7DFCH         SYMBOL        WSFD20
  C:7E7CH         SYMBOL        WSFD21
  C:7EFCH         SYMBOL        WSFD22
  C:7F7CH         SYMBOL        WSFD23
  C:7FFCH         SYMBOL        WSFD24
  C:807CH         SYMBOL        WSFD25
  C:80FCH         SYMBOL        WSFD26
  C:817CH         SYMBOL        WSFD27
  C:81FCH         SYMBOL        WSFD28
  C:827CH         SYMBOL        WSFD29
  C:8EC4H         SYMBOL        WWW
  C:A56BH         SYMBOL        W_DELAY
  C:9A51H         SYMBOL        X31
  C:9A5DH         SYMBOL        X32
  C:9A63H         SYMBOL        X33
  C:9A64H         SYMBOL        X34
  C:9A66H         SYMBOL        X35
  C:99EEH         SYMBOL        X36
  C:99F9H         SYMBOL        X37
  C:99FCH         SYMBOL        X38
  C:9B07H         SYMBOL        X40
  C:9B08H         SYMBOL        X41
  C:9B1EH         SYMBOL        X42
  C:9B54H         SYMBOL        X43
  C:9A84H         SYMBOL        X44
  C:9A87H         SYMBOL        X45
  C:9AB3H         SYMBOL        X46
  C:9AB6H         SYMBOL        X47
  C:9C12H         SYMBOL        X48
  C:9C14H         SYMBOL        X49
  C:9A01H         SYMBOL        X63
  C:9A0AH         SYMBOL        X64
  C:9A1BH         SYMBOL        X72
  C:9A24H         SYMBOL        X74
  C:A6C6H         SYMBOL        XC0
  C:A6D1H         SYMBOL        XC1
BL51 BANKED LINKER/LOCATER V5.11                                                      03/14/2010  09:10:22  PAGE 46


  C:A6DCH         SYMBOL        XC2
  C:A6E7H         SYMBOL        XC3
  C:A6F2H         SYMBOL        XC4
  C:A6FDH         SYMBOL        XC5
  C:A708H         SYMBOL        XC6
  C:A713H         SYMBOL        XC7
  C:86ECH         SYMBOL        XIUEFH1
  C:B876H         SYMBOL        XLINE_FA1
  C:B80FH         SYMBOL        XLINE_SA1
  C:B82AH         SYMBOL        XLINE_SA2
  C:B845H         SYMBOL        XLINE_SA3
  C:B860H         SYMBOL        XLINE_SA4
  D:000BH         SYMBOL        XMTDAT
  C:BFA7H         SYMBOL        XRDG1
  C:B725H         SYMBOL        XTZX1
  C:B72BH         SYMBOL        XTZX2
  C:B731H         SYMBOL        XTZX3
  C:B737H         SYMBOL        XTZX4
  C:B73DH         SYMBOL        XTZX5
  C:B743H         SYMBOL        XTZX6
  C:B749H         SYMBOL        XTZX7
  C:B74FH         SYMBOL        XTZX8
  C:B755H         SYMBOL        XTZX9
  C:B75BH         SYMBOL        XTZXOUT
  D:007EH         SYMBOL        YEAR
  C:CAE4H         SYMBOL        YES_MAINTANENCE
  C:E39AH         SYMBOL        YES_SAM1
  C:E3B5H         SYMBOL        YES_SAM2
  C:E3D0H         SYMBOL        YES_SAM3
  C:E3EBH         SYMBOL        YES_SAM4
  C:C2AEH         SYMBOL        YEWA1
  C:C2B1H         SYMBOL        YEWA2
  C:A254H         SYMBOL        YOUR_IN_MAIN_STATE_1
  C:A1EFH         SYMBOL        YOUR_IN_MAIN_STATE_2
  C:8A7BH         SYMBOL        YRFG1
  C:7D8AH         SYMBOL        YS0
  C:7E1DH         SYMBOL        YS1
  C:7E9DH         SYMBOL        YS2
  C:7F1DH         SYMBOL        YS3
  C:7F9DH         SYMBOL        YS4
  C:801DH         SYMBOL        YS5
  C:809DH         SYMBOL        YS6
  C:811DH         SYMBOL        YS7
  C:819DH         SYMBOL        YS8
  C:821DH         SYMBOL        YS9
  C:959DH         SYMBOL        YUHG1
  C:845AH         SYMBOL        YULANG
  C:82C0H         SYMBOL        YUREDIAL
  C:8476H         SYMBOL        YUVOL
  C:A280H         SYMBOL        YYFGQ1
  D:004FH         SYMBOL        ZDATA
  C:A390H         SYMBOL        ZDRT1
  C:A38EH         SYMBOL        ZDRT2
  C:8F43H         SYMBOL        ZERRO_0
  C:8F93H         SYMBOL        ZERRO_1
  C:8FEBH         SYMBOL        ZERRO_2
  C:9046H         SYMBOL        ZERRO_3
BL51 BANKED LINKER/LOCATER V5.11                                                      03/14/2010  09:10:22  PAGE 47


  C:90A4H         SYMBOL        ZERRO_4
  N:0038H         SYMBOL        ZERRO_PREVENT_ADDR_HI
  N:0044H         SYMBOL        ZERRO_PREVENT_ADDR_LO
  C:9C29H         SYMBOL        ZEWD_1
  C:9C32H         SYMBOL        ZEWD_3
  C:D700H         SYMBOL        ZFR_1
  C:D712H         SYMBOL        ZGR_2
  D:0014H         SYMBOL        ZONE
  C:B531H         SYMBOL        ZX1
  C:B537H         SYMBOL        ZX2
  C:B53DH         SYMBOL        ZX3
  C:B543H         SYMBOL        ZX4
  C:B549H         SYMBOL        ZX5
  C:B54FH         SYMBOL        ZX6
  C:B555H         SYMBOL        ZX7
  C:B55BH         SYMBOL        ZX8
  C:B561H         SYMBOL        ZX9
  C:B567H         SYMBOL        ZXOUT
  C:0000H         LINE#         8
  C:0003H         LINE#         12
  C:0006H         LINE#         13
  C:000BH         LINE#         16
  C:000EH         LINE#         17
  C:0013H         LINE#         20
  C:001BH         LINE#         23
  C:001EH         LINE#         24
  C:002BH         LINE#         27
  C:002EH         LINE#         28
  -------         ENDMOD        TEL

Program Size: data=8.0 xdata=0 code=62058
LINK/LOCATE RUN COMPLETE.  0 WARNING(S),  0 ERROR(S)
