BL51 BANKED LINKER/LOCATER V5.11                                                        04/12/2009  12:57:14  PAGE 1


BL51 BANKED LINKER/LOCATER V5.11, INVOKED BY:
C:\KEIL\C51\BIN\BL51.EXE Tel.obj TO tel RAMSIZE (256)


INPUT MODULES INCLUDED:
  Tel.obj (TEL)


LINK MAP OF MODULE:  tel (TEL)


            TYPE    BASE      LENGTH    RELOCATION   SEGMENT NAME
            -----------------------------------------------------

            * * * * * * *   D A T A   M E M O R Y   * * * * * * *
            REG     0000H     0008H     ABSOLUTE     "REG BANK 0"

            * * * * * * *   C O D E   M E M O R Y   * * * * * * *
            CODE    0000H     F26AH     ABSOLUTE     



SYMBOL TABLE OF MODULE:  tel (TEL)

  VALUE           TYPE          NAME
  ----------------------------------

  -------         MODULE        TEL
  B:00D0H.6       SYMBOL        AC
  D:00E0H         SYMBOL        ACC
  B:002FH.4       SYMBOL        ACCESS0
  B:002FH.5       SYMBOL        ACCESS1
  N:0085H         SYMBOL        ACK
  C:9BA2H         SYMBOL        ACKK
  B:0090H.0       SYMBOL        ADDR1_0
  B:0090H.1       SYMBOL        ADDR1_1
  D:004CH         SYMBOL        ADDR_HI
  D:004BH         SYMBOL        ADDR_LO
  C:E3DFH         SYMBOL        ADD_DAY_TO_INDEX_0
  C:8F60H         SYMBOL        ADD_IT
  C:A117H         SYMBOL        ADD_LANG_OFFSET
  C:A344H         SYMBOL        ADD_MEMORY
  C:940BH         SYMBOL        ADD_TO_PAYTEMP
  C:91C3H         SYMBOL        AGAIN_BLACK
  C:9246H         SYMBOL        AGAIN_BLACK_MID
  C:A91CH         SYMBOL        ALARM_BUZZ
  C:896AH         SYMBOL        ALARM_CARD_AGAIN
  N:0003H         SYMBOL        ALARM_EVENT
  B:002AH.6       SYMBOL        ALARM_SET_H_M
  N:0038H         SYMBOL        ALARM_UPDATE_MASK_ADDR_HI
  N:0033H         SYMBOL        ALARM_UPDATE_MASK_ADDR_LO
  C:9248H         SYMBOL        ALL_CHECKED_NO_BLACK
  C:CF70H         SYMBOL        ANSWER
  C:D9C0H         SYMBOL        ANSWER_MODE
  B:002BH.4       SYMBOL        ANSWER_RECEIVED
  D:0073H         SYMBOL        ANSWER_TIME
  N:0038H         SYMBOL        ANSWER_TIME_ADDR_HI
  N:0040H         SYMBOL        ANSWER_TIME_ADDR_LO
BL51 BANKED LINKER/LOCATER V5.11                                                      04/12/2009  12:57:14  PAGE 2


  N:0038H         SYMBOL        ANTITAPACTIVATE_ADDR_HI
  N:0057H         SYMBOL        ANTITAPACTIVATE_ADDR_LO
  B:00A0H.0       SYMBOL        ANTITAP_CLK
  B:00A0H.1       SYMBOL        ANTITAP_COM
  B:00A0H.2       SYMBOL        ANTITAP_CSN
  B:00B0H.1       SYMBOL        ANTITAP_REPLY
  C:A684H         SYMBOL        ANTITAP_REPLYSYNC
  C:0C38H         SYMBOL        ANTI_TAP_VALUE
  C:A145H         SYMBOL        ARABIC_1
  C:9EF4H         SYMBOL        ARMFT1
  C:8BC8H         SYMBOL        ATFX1
  C:8C58H         SYMBOL        ATFX1_1
  C:8C65H         SYMBOL        ATFX1_2
  C:8C6CH         SYMBOL        ATFX1_3
  C:8C76H         SYMBOL        ATFX1_4
  C:8C33H         SYMBOL        ATFX2_1
  C:8C3DH         SYMBOL        ATFX2_2
  C:8C44H         SYMBOL        ATFX2_3
  C:8C4EH         SYMBOL        ATFX2_4
  C:8C0EH         SYMBOL        ATFX3_1
  C:8C18H         SYMBOL        ATFX3_2
  C:8C1FH         SYMBOL        ATFX3_3
  C:8C29H         SYMBOL        ATFX3_4
  C:8BE9H         SYMBOL        ATFX4_1
  C:8BF3H         SYMBOL        ATFX4_2
  C:8BFAH         SYMBOL        ATFX4_3
  C:8C04H         SYMBOL        ATFX4_4
  C:8BB4H         SYMBOL        ATF_RECOVERY
  C:0A05H         SYMBOL        ATLEAST
  C:A8DBH         SYMBOL        ATTENTION_BUZZ
  C:A803H         SYMBOL        AT_CMX00
  C:A6A8H         SYMBOL        AT_CMX01
  C:A813H         SYMBOL        AT_CMX02
  C:A692H         SYMBOL        AT_CMX03
  C:A7F8H         SYMBOL        AT_CMXCMDSYNC
  N:00A1H         SYMBOL        AUTHEN
  C:9146H         SYMBOL        AUTHENTICATE
  N:00A0H         SYMBOL        AUTO_CHARGE
  N:00A2H         SYMBOL        AUXR1
  D:00F0H         SYMBOL        B
  C:A63BH         SYMBOL        BACK10
  C:A63DH         SYMBOL        BACK11
  C:A67BH         SYMBOL        BACK13
  C:A67DH         SYMBOL        BACK14
  C:A648H         SYMBOL        BACK15
  C:A5B4H         SYMBOL        BACK15_FLASH
  C:A66AH         SYMBOL        BACK15_YY
  C:A659H         SYMBOL        BACK15_ZZ
  C:A64AH         SYMBOL        BACK16
  C:A5B6H         SYMBOL        BACK16_FLASH
  C:A66CH         SYMBOL        BACK16_YY
  C:A65BH         SYMBOL        BACK16_ZZ
  C:A64CH         SYMBOL        BACK17
  C:A5B8H         SYMBOL        BACK17_FLASH
  C:A66EH         SYMBOL        BACK17_YY
  C:A65DH         SYMBOL        BACK17_ZZ
  C:A28AH         SYMBOL        BACK_TO_MAIN_STATE1
BL51 BANKED LINKER/LOCATER V5.11                                                      04/12/2009  12:57:14  PAGE 3


  C:A225H         SYMBOL        BACK_TO_MAIN_STATE2
  C:0AF5H         SYMBOL        BAR
  N:0020H         SYMBOL        BATTERY_MASK
  C:9FF8H         SYMBOL        BCD_TO_DEC
  C:A321H         SYMBOL        BCEE1
  C:9CA2H         SYMBOL        BGF1
  C:9CAFH         SYMBOL        BGF2
  C:9CC5H         SYMBOL        BGH1
  C:9CD4H         SYMBOL        BGH2
  D:0008H         SYMBOL        BITCNT
  C:DC42H         SYMBOL        BITDLY
  C:D1CEH         SYMBOL        BLACK_LIST
  N:002CH         SYMBOL        BLACK_LIST_ADDR_HI
  N:0079H         SYMBOL        BLACK_LIST_ADDR_LO
  C:D4BFH         SYMBOL        BLACK_LIST_FGHR1
  C:D749H         SYMBOL        BLACK_LIST_KF_1
  C:D754H         SYMBOL        BLACK_LIST_KF_2
  C:D74CH         SYMBOL        BLACK_LIST_KF_3
  N:0000H         SYMBOL        BLACK_LIST_RAM_ADDR
  C:D4B9H         SYMBOL        BLACK_LIST_UPDATE_ERROR
  C:D4BDH         SYMBOL        BLACK_LIST_UPDATE_NORMAL_END
  C:D464H         SYMBOL        BLACK_LIST_ZX_0
  C:D458H         SYMBOL        BLACK_LIST_ZX_01
  C:D49AH         SYMBOL        BLACK_LIST_ZX_3
  C:D4B7H         SYMBOL        BLACK_LIST_ZX_4
  B:002DH.3       SYMBOL        BLACK_WHITE
  N:0038H         SYMBOL        BL_TIME_ADDR_HI
  N:004CH         SYMBOL        BL_TIME_ADDR_LO
  C:F000H         SYMBOL        BOOT_LOADER
  B:0020H.1       SYMBOL        BUSFAULT
  C:A8E2H         SYMBOL        BUZZ0
  C:A90AH         SYMBOL        BUZZ11
  C:A8FCH         SYMBOL        BUZZ2
  C:A923H         SYMBOL        BUZZ24
  B:00B0H.5       SYMBOL        BUZZER
  C:9573H         SYMBOL        BVCX2
  N:00BDH         SYMBOL        BYE
  C:A451H         SYMBOL        BYE3
  D:0009H         SYMBOL        BYTECNT
  D:007AH         SYMBOL        CALL_DURATION_HI
  D:007BH         SYMBOL        CALL_DURATION_LO
  C:D948H         SYMBOL        CALL_MODE
  C:CEE1H         SYMBOL        CALL_PMS
  C:D9BCH         SYMBOL        CALL_RTHN1
  D:0074H         SYMBOL        CALL_TIMER_HOUR
  D:0075H         SYMBOL        CALL_TIMER_MINUTE
  D:0016H         SYMBOL        CALL_TYPE
  C:D96DH         SYMBOL        CALL_VX_0
  C:D973H         SYMBOL        CALL_VX_1
  C:D981H         SYMBOL        CALL_VX_2
  C:D98CH         SYMBOL        CALL_VX_3
  C:8E39H         SYMBOL        CAL_ACCOUNT
  D:0029H         SYMBOL        CARD_ALARM_COUNTER
  N:0038H         SYMBOL        CARD_CHANGE_WAIT_TIME_ADDR_HI
  N:004AH         SYMBOL        CARD_CHANGE_WAIT_TIME_ADDR_LO
  B:002EH.0       SYMBOL        CARD_CHECK_POLICY
  N:0038H         SYMBOL        CARD_CHECK_POLICY_ADDR_HI
BL51 BANKED LINKER/LOCATER V5.11                                                      04/12/2009  12:57:14  PAGE 4


  N:004BH         SYMBOL        CARD_CHECK_POLICY_ADDR_LO
  B:00B0H.6       SYMBOL        CARD_CLOCK
  C:A59BH         SYMBOL        CARD_DEL1
  C:A598H         SYMBOL        CARD_DEL2
  C:A595H         SYMBOL        CARD_DELAY
  B:00A0H.6       SYMBOL        CARD_DETECT
  C:A5A8H         SYMBOL        CARD_DEWL1
  C:A5A5H         SYMBOL        CARD_DEWL2
  C:7CE5H         SYMBOL        CARD_IN
  D:005FH         SYMBOL        CARD_INFO
  B:00B0H.4       SYMBOL        CARD_INPUT
  C:A264H         SYMBOL        CARD_INSERTION
  N:0040H         SYMBOL        CARD_MASK
  C:9163H         SYMBOL        CARD_NOT_DETECTED
  C:917EH         SYMBOL        CARD_NOT_VALID
  B:00B0H.5       SYMBOL        CARD_OUTPUT
  N:000DH         SYMBOL        CARD_READER_EVENT
  B:00B0H.7       SYMBOL        CARD_RESET
  B:002FH.6       SYMBOL        CARD_STATUS
  B:0090H.4       SYMBOL        CARD_SW
  C:A7AFH         SYMBOL        CB1
  C:A7B7H         SYMBOL        CB2
  C:A7BFH         SYMBOL        CB3
  C:A7C7H         SYMBOL        CB4
  C:A7CFH         SYMBOL        CB5
  C:A7D7H         SYMBOL        CB6
  C:A7DFH         SYMBOL        CB7
  C:A7E7H         SYMBOL        CB8
  C:0D70H         SYMBOL        CHANGE1_L
  C:0D38H         SYMBOL        CHANGE1_R
  C:0DE0H         SYMBOL        CHANGE2_L
  C:0DA8H         SYMBOL        CHANGE2_R
  C:0E50H         SYMBOL        CHANGE3_L
  C:0E18H         SYMBOL        CHANGE3_R
  C:0EC0H         SYMBOL        CHANGE4_L
  C:0E88H         SYMBOL        CHANGE4_R
  C:83CFH         SYMBOL        CHANGE_NEW_DAY2
  C:837BH         SYMBOL        CHANGE_NEW_HOUR
  C:839FH         SYMBOL        CHANGE_NEW_HOUR2
  C:8387H         SYMBOL        CHANGE_NEW_MINUTE
  C:83ABH         SYMBOL        CHANGE_NEW_MINUTE2
  C:83C3H         SYMBOL        CHANGE_NEW_MONTH2
  D:0010H         SYMBOL        CHARGE_LEVEL
  C:9798H         SYMBOL        CHARGE_LEVEL_RDTG1
  C:97A3H         SYMBOL        CHARGE_LEVEL_RDTG2
  C:97A8H         SYMBOL        CHARGE_LEVEL_RDTG3
  C:978BH         SYMBOL        CHARGE_LEVEL_RDTG4
  N:0028H         SYMBOL        CHARGE_LEVEL_TABLE_ADDR_HI
  N:0062H         SYMBOL        CHARGE_LEVEL_TABLE_ADDR_LO
  N:0038H         SYMBOL        CHARGE_PRIORITY_ADDR_HI
  N:0051H         SYMBOL        CHARGE_PRIORITY_ADDR_LO
  C:D1C2H         SYMBOL        CHARGE_SCHEDULER
  C:D3D6H         SYMBOL        CHARGE_SCHEDULER_FGHR1
  C:D703H         SYMBOL        CHARGE_SCHEDULER_KF_1
  C:D70EH         SYMBOL        CHARGE_SCHEDULER_KF_2
  C:D706H         SYMBOL        CHARGE_SCHEDULER_KF_3
  C:D3D0H         SYMBOL        CHARGE_SCHEDULER_UPDATE_ERROR
BL51 BANKED LINKER/LOCATER V5.11                                                      04/12/2009  12:57:14  PAGE 5


  C:D3D4H         SYMBOL        CHARGE_SCHEDULER_UPDATE_NORMAL_END
  C:D388H         SYMBOL        CHARGE_SCHEDULER_ZX_0
  C:D37CH         SYMBOL        CHARGE_SCHEDULER_ZX_01
  C:D3B1H         SYMBOL        CHARGE_SCHEDULER_ZX_3
  C:D3CEH         SYMBOL        CHARGE_SCHEDULER_ZX_4
  N:002AH         SYMBOL        CHARGGINGSCHEDULLER_TABLE_ADDR_HI
  N:00BCH         SYMBOL        CHARGGINGSCHEDULLER_TABLE_ADDR_LO
  B:002EH.6       SYMBOL        CHARGGING_ROUTINE
  N:0038H         SYMBOL        CHARGGING_ROUTINE_ADDR_HI
  N:003FH         SYMBOL        CHARGGING_ROUTINE_ADDR_LO
  N:0038H         SYMBOL        CHARGGING_TYPE_ADDR_HI
  N:003EH         SYMBOL        CHARGGING_TYPE_ADDR_LO
  C:D1BCH         SYMBOL        CHARGING
  C:D368H         SYMBOL        CHARGING_FGHR1
  C:D6E0H         SYMBOL        CHARGING_KF_1
  C:D6EBH         SYMBOL        CHARGING_KF_2
  C:D6E3H         SYMBOL        CHARGING_KF_3
  C:D362H         SYMBOL        CHARGING_UPDATE_ERROR
  C:D366H         SYMBOL        CHARGING_UPDATE_NORMAL_END
  C:D30DH         SYMBOL        CHARGING_ZX_0
  C:D301H         SYMBOL        CHARGING_ZX_01
  C:D343H         SYMBOL        CHARGING_ZX_3
  C:D360H         SYMBOL        CHARGING_ZX_4
  C:C1F1H         SYMBOL        CHECK_0
  C:C1F7H         SYMBOL        CHECK_1
  C:C1FDH         SYMBOL        CHECK_2
  C:C203H         SYMBOL        CHECK_3
  C:C209H         SYMBOL        CHECK_4
  C:C20FH         SYMBOL        CHECK_5
  C:C215H         SYMBOL        CHECK_6
  C:C21BH         SYMBOL        CHECK_7
  C:C221H         SYMBOL        CHECK_8
  C:C227H         SYMBOL        CHECK_9
  C:A0FBH         SYMBOL        CHECK_ARABIC
  C:BF60H         SYMBOL        CHECK_AUTO
  C:91B8H         SYMBOL        CHECK_BLACK_LIST
  C:925FH         SYMBOL        CHECK_BLACK_WHITE_CONDITION
  C:9F94H         SYMBOL        CHECK_CALL_REPORT_TABLE_ADDRESS_VALIDITY
  C:9276H         SYMBOL        CHECK_CARD_ACCOUNT_LIMIT
  C:9FA5H         SYMBOL        CHECK_C_V_1
  C:9FB7H         SYMBOL        CHECK_C_V_2
  C:9FCBH         SYMBOL        CHECK_C_V_3
  C:9FE0H         SYMBOL        CHECK_C_V_4
  C:79D3H         SYMBOL        CHECK_DOOR_CONDITION
  C:A106H         SYMBOL        CHECK_DUTCH
  C:A0F3H         SYMBOL        CHECK_ENGLISH
  C:9D8AH         SYMBOL        CHECK_FREE_2
  C:E4B8H         SYMBOL        CHECK_FREE_ACCESS_LEVEL
  C:949CH         SYMBOL        CHECK_FROM_FIELD
  C:E4C0H         SYMBOL        CHECK_FULL_BUT_NO_EMERGENCY_KEY
  C:E693H         SYMBOL        CHECK_HANDSET
  C:7A07H         SYMBOL        CHECK_HOOK_CONDITION
  C:7A3EH         SYMBOL        CHECK_KEY_ROW1
  C:7AE7H         SYMBOL        CHECK_KEY_ROW2
  C:7B90H         SYMBOL        CHECK_KEY_ROW3
  C:7C39H         SYMBOL        CHECK_KEY_ROW4
  C:CCB0H         SYMBOL        CHECK_MAINTANENCE_CARD
BL51 BANKED LINKER/LOCATER V5.11                                                      04/12/2009  12:57:14  PAGE 6


  C:CC68H         SYMBOL        CHECK_MAINTANENCE_PASSWORD
  C:A114H         SYMBOL        CHECK_OTHER
  C:9F30H         SYMBOL        CHECK_OTHER_REPORT_TABLE_ADDRESS_VALIDITY
  C:9F41H         SYMBOL        CHECK_O_V_1
  C:9F53H         SYMBOL        CHECK_O_V_2
  C:9F67H         SYMBOL        CHECK_O_V_3
  C:9F7CH         SYMBOL        CHECK_O_V_4
  C:9371H         SYMBOL        CHECK_PAY_OVERLOAD
  C:A0EEH         SYMBOL        CHECK_PERSIAN
  C:799FH         SYMBOL        CHECK_RING_CONDITION
  C:E531H         SYMBOL        CHECK_SAM_1
  C:E54CH         SYMBOL        CHECK_SAM_2
  C:E567H         SYMBOL        CHECK_SAM_3
  C:E582H         SYMBOL        CHECK_SAM_4
  C:C233H         SYMBOL        CHECK_SHARP
  C:C22DH         SYMBOL        CHECK_STAR
  C:9503H         SYMBOL        CHECK_TO_FIELD
  C:9299H         SYMBOL        CHK_10000_TOMANI
  C:927FH         SYMBOL        CHK_2000_TOMANI
  C:928DH         SYMBOL        CHK_5000_TOMANI
  C:9674H         SYMBOL        CHK_DAY_TYPE_1
  C:967FH         SYMBOL        CHK_DAY_TYPE_2
  C:968AH         SYMBOL        CHK_DAY_TYPE_3
  C:9695H         SYMBOL        CHK_DAY_TYPE_4
  C:96A0H         SYMBOL        CHK_DAY_TYPE_5
  C:A5D0H         SYMBOL        CHK_DELAY_DTMF_2
  C:A5DEH         SYMBOL        CHK_DELAY_DTMF_3
  C:A5EFH         SYMBOL        CHK_DELAY_DTMF_4
  C:8763H         SYMBOL        CHK_FIRE_MENU1
  C:882FH         SYMBOL        CHK_FIRE_MENU10
  C:884CH         SYMBOL        CHK_FIRE_MENU11
  C:8775H         SYMBOL        CHK_FIRE_MENU2
  C:878DH         SYMBOL        CHK_FIRE_MENU3
  C:879FH         SYMBOL        CHK_FIRE_MENU4
  C:87B1H         SYMBOL        CHK_FIRE_MENU5
  C:87CEH         SYMBOL        CHK_FIRE_MENU6
  C:87E8H         SYMBOL        CHK_FIRE_MENU7
  C:8801H         SYMBOL        CHK_FIRE_MENU8
  C:8812H         SYMBOL        CHK_FIRE_MENU9
  C:8869H         SYMBOL        CHK_FIRE_OTHER
  C:9DC6H         SYMBOL        CHK_FREE_2
  C:8337H         SYMBOL        CHK_LANG_MENU1
  C:840FH         SYMBOL        CHK_LANG_MENU10
  C:842CH         SYMBOL        CHK_LANG_MENU11
  C:8348H         SYMBOL        CHK_LANG_MENU2
  C:8359H         SYMBOL        CHK_LANG_MENU3
  C:8367H         SYMBOL        CHK_LANG_MENU4
  C:8375H         SYMBOL        CHK_LANG_MENU5
  C:8399H         SYMBOL        CHK_LANG_MENU6
  C:83BDH         SYMBOL        CHK_LANG_MENU7
  C:83E1H         SYMBOL        CHK_LANG_MENU8
  C:83F2H         SYMBOL        CHK_LANG_MENU9
  C:8449H         SYMBOL        CHK_LANG_OTHER
  C:BBEEH         SYMBOL        CHK_LEFT
  C:97B4H         SYMBOL        CHK_LEVEL_1
  C:981AH         SYMBOL        CHK_LEVEL_10
  C:9825H         SYMBOL        CHK_LEVEL_11
BL51 BANKED LINKER/LOCATER V5.11                                                      04/12/2009  12:57:14  PAGE 7


  C:9830H         SYMBOL        CHK_LEVEL_12
  C:983BH         SYMBOL        CHK_LEVEL_13
  C:9846H         SYMBOL        CHK_LEVEL_14
  C:9851H         SYMBOL        CHK_LEVEL_15
  C:985CH         SYMBOL        CHK_LEVEL_16
  C:9867H         SYMBOL        CHK_LEVEL_17
  C:9872H         SYMBOL        CHK_LEVEL_18
  C:987DH         SYMBOL        CHK_LEVEL_19
  C:97BDH         SYMBOL        CHK_LEVEL_2
  C:9888H         SYMBOL        CHK_LEVEL_20
  C:97C9H         SYMBOL        CHK_LEVEL_3
  C:97D5H         SYMBOL        CHK_LEVEL_4
  C:97E1H         SYMBOL        CHK_LEVEL_5
  C:97EDH         SYMBOL        CHK_LEVEL_6
  C:97F9H         SYMBOL        CHK_LEVEL_7
  C:9804H         SYMBOL        CHK_LEVEL_8
  C:980FH         SYMBOL        CHK_LEVEL_9
  C:96B7H         SYMBOL        CHK_MINUTE1
  C:96DEH         SYMBOL        CHK_MINUTE2
  C:9705H         SYMBOL        CHK_MINUTE3
  C:972CH         SYMBOL        CHK_MINUTE4
  C:9753H         SYMBOL        CHK_MINUTE5
  C:84D7H         SYMBOL        CHK_POLICE_MENU1
  C:856AH         SYMBOL        CHK_POLICE_MENU10
  C:8587H         SYMBOL        CHK_POLICE_MENU11
  C:84E5H         SYMBOL        CHK_POLICE_MENU2
  C:8505H         SYMBOL        CHK_POLICE_MENU3
  C:8510H         SYMBOL        CHK_POLICE_MENU4
  C:851EH         SYMBOL        CHK_POLICE_MENU5
  C:8528H         SYMBOL        CHK_POLICE_MENU6
  C:8532H         SYMBOL        CHK_POLICE_MENU7
  C:853CH         SYMBOL        CHK_POLICE_MENU8
  C:854DH         SYMBOL        CHK_POLICE_MENU9
  C:85A4H         SYMBOL        CHK_POLICE_OTHER
  C:94A6H         SYMBOL        CHK_PRE1_F
  C:950DH         SYMBOL        CHK_PRE1_T
  C:94B7H         SYMBOL        CHK_PRE2_F
  C:951BH         SYMBOL        CHK_PRE2_T
  C:94C8H         SYMBOL        CHK_PRE3_F
  C:9529H         SYMBOL        CHK_PRE3_T
  C:94D9H         SYMBOL        CHK_PRE4_F
  C:9537H         SYMBOL        CHK_PRE4_T
  C:94EAH         SYMBOL        CHK_PRE5_F
  C:9545H         SYMBOL        CHK_PRE5_T
  C:94FBH         SYMBOL        CHK_PRE6_F
  C:9553H         SYMBOL        CHK_PRE6_T
  C:BBE7H         SYMBOL        CHK_RIGHT
  C:96A8H         SYMBOL        CHK_SECTOR1
  C:96C9H         SYMBOL        CHK_SECTOR2
  C:96F0H         SYMBOL        CHK_SECTOR3
  C:9717H         SYMBOL        CHK_SECTOR4
  C:973EH         SYMBOL        CHK_SECTOR5
  C:9765H         SYMBOL        CHK_SECTOR6
  C:8617H         SYMBOL        CHK_URGENT_MENU1
  C:86B6H         SYMBOL        CHK_URGENT_MENU10
  C:86D3H         SYMBOL        CHK_URGENT_MENU11
  C:8622H         SYMBOL        CHK_URGENT_MENU2
BL51 BANKED LINKER/LOCATER V5.11                                                      04/12/2009  12:57:14  PAGE 8


  C:8633H         SYMBOL        CHK_URGENT_MENU3
  C:8644H         SYMBOL        CHK_URGENT_MENU4
  C:8655H         SYMBOL        CHK_URGENT_MENU5
  C:8666H         SYMBOL        CHK_URGENT_MENU6
  C:8677H         SYMBOL        CHK_URGENT_MENU7
  C:8688H         SYMBOL        CHK_URGENT_MENU8
  C:8699H         SYMBOL        CHK_URGENT_MENU9
  C:86F0H         SYMBOL        CHK_URGENT_OTHER
  C:9895H         SYMBOL        CHK_ZONE_1
  C:98AFH         SYMBOL        CHK_ZONE_2
  C:98D2H         SYMBOL        CHK_ZONE_3
  C:98FEH         SYMBOL        CHK_ZONE_4
  C:9933H         SYMBOL        CHK_ZONE_5
  C:9971H         SYMBOL        CHK_ZONE_6
  C:9D83H         SYMBOL        CITY
  N:00A1H         SYMBOL        CITY_CALL
  C:8AA2H         SYMBOL        CLEAR_CARD_ACCOUNT
  C:A090H         SYMBOL        CLEAR_CRC
  C:C13AH         SYMBOL        CLEAR_DIAL_MEMORY
  C:7D01H         SYMBOL        CLEAR_KEY_STATUS_ROW1
  C:7D23H         SYMBOL        CLEAR_KEY_STATUS_ROW2
  C:7D45H         SYMBOL        CLEAR_KEY_STATUS_ROW3
  C:7D67H         SYMBOL        CLEAR_KEY_STATUS_ROW4
  C:A935H         SYMBOL        CLEAR_LCD
  C:B352H         SYMBOL        CLEAR_LINE_1
  C:B381H         SYMBOL        CLEAR_LINE_2
  C:B3B0H         SYMBOL        CLEAR_LINE_3
  C:B3DFH         SYMBOL        CLEAR_LINE_4
  C:B40EH         SYMBOL        CLEAR_LINE_5
  C:B43DH         SYMBOL        CLEAR_LINE_6
  C:B46EH         SYMBOL        CLEAR_LINE_7
  C:B49FH         SYMBOL        CLEAR_LINE_8
  C:BD77H         SYMBOL        CLEAR_MESSAGE
  C:8A17H         SYMBOL        CLOCK_CARD
  C:89FCH         SYMBOL        CLOCK_LCD
  D:0033H         SYMBOL        CMD_BUF
  C:CDA0H         SYMBOL        CMX00
  C:CDECH         SYMBOL        CMX01
  C:CDB0H         SYMBOL        CMX02
  C:CDD6H         SYMBOL        CMX03
  C:CD95H         SYMBOL        CMXCMDSYNC
  C:CD3AH         SYMBOL        CMXINIT
  C:D070H         SYMBOL        CMXTONEDIAL
  C:D087H         SYMBOL        CMXTONEDIAL2
  B:0080H.4       SYMBOL        COL1
  B:0080H.5       SYMBOL        COL2
  B:0080H.6       SYMBOL        COL3
  B:0080H.7       SYMBOL        COL4
  B:00A0H.4       SYMBOL        COL5
  B:00A0H.5       SYMBOL        COL6
  C:D8D9H         SYMBOL        COMMAND_ERROR
  C:89EBH         SYMBOL        COMMAND_LCD
  N:00C8H         SYMBOL        COMMON_CALL
  C:9498H         SYMBOL        COMPARE_FIELD
  C:8F61H         SYMBOL        CONTINUE
  C:A26BH         SYMBOL        CONTINUE_CARD_INSERTION
  C:A2B0H         SYMBOL        CONTINUE_NO_CARD
BL51 BANKED LINKER/LOCATER V5.11                                                      04/12/2009  12:57:14  PAGE 9


  C:E4A0H         SYMBOL        CONTINUE_PHONE
  C:E4EEH         SYMBOL        CONTINUE_PHONE2
  C:A341H         SYMBOL        COUNTINUE
  C:A32CH         SYMBOL        COUNTINUE_AAA
  C:A32BH         SYMBOL        COUNTINUE_BBB
  C:9D7FH         SYMBOL        COUNTRY
  N:00A2H         SYMBOL        COUNTRY_CALL
  N:000DH         SYMBOL        COUNT_DOWN_MODE
  B:002DH.1       SYMBOL        COUNT_DOWN_SW
  C:A06FH         SYMBOL        CRC16
  C:0FF8H         SYMBOL        CRC16_TABHI
  C:0EF8H         SYMBOL        CRC16_TABLO
  D:0031H         SYMBOL        CRC_HI
  D:0030H         SYMBOL        CRC_LO
  D:0069H         SYMBOL        CURRENT_ACCOUNT_HI
  D:006AH         SYMBOL        CURRENT_ACCOUNT_LO
  C:1B61H         SYMBOL        CURRENT_ALARM
  D:0040H         SYMBOL        CURRENT_ALARM_HOUR
  D:0041H         SYMBOL        CURRENT_ALARM_MINUTE
  C:1B91H         SYMBOL        CURRENT_TIME
  D:0067H         SYMBOL        DATE_INDEX_HI
  D:0068H         SYMBOL        DATE_INDEX_LO
  B:002AH.6       SYMBOL        DATE_SET_D_M
  D:007CH         SYMBOL        DAY
  C:D1C8H         SYMBOL        DAY_TYPE
  C:D444H         SYMBOL        DAY_TYPE_FGHR1
  C:9677H         SYMBOL        DAY_TYPE_IS_1
  C:9682H         SYMBOL        DAY_TYPE_IS_2
  C:968DH         SYMBOL        DAY_TYPE_IS_3
  C:9698H         SYMBOL        DAY_TYPE_IS_4
  C:96A0H         SYMBOL        DAY_TYPE_IS_5
  C:D726H         SYMBOL        DAY_TYPE_KF_1
  C:D731H         SYMBOL        DAY_TYPE_KF_2
  C:D729H         SYMBOL        DAY_TYPE_KF_3
  N:002BH         SYMBOL        DAY_TYPE_TABLE_ADDR_HI
  N:000BH         SYMBOL        DAY_TYPE_TABLE_ADDR_LO
  C:D43EH         SYMBOL        DAY_TYPE_UPDATE_ERROR
  C:D442H         SYMBOL        DAY_TYPE_UPDATE_NORMAL_END
  C:D3F6H         SYMBOL        DAY_TYPE_ZX_0
  C:D3EAH         SYMBOL        DAY_TYPE_ZX_01
  C:D41FH         SYMBOL        DAY_TYPE_ZX_3
  C:D43CH         SYMBOL        DAY_TYPE_ZX_4
  N:0038H         SYMBOL        DAY_UPDATE_MASK_ADDR_HI
  N:0036H         SYMBOL        DAY_UPDATE_MASK_ADDR_LO
  C:A616H         SYMBOL        DE1
  C:A614H         SYMBOL        DE2
  C:A621H         SYMBOL        DE3
  C:A623H         SYMBOL        DE4
  C:A62EH         SYMBOL        DE5
  C:A630H         SYMBOL        DE6
  C:A5FFH         SYMBOL        DE8
  C:A607H         SYMBOL        DE8S
  C:A601H         SYMBOL        DE9
  C:A609H         SYMBOL        DE9S
  C:8ACFH         SYMBOL        DECREASE_CARD_ACCOUNT
  C:91A5H         SYMBOL        DECREASE_VIRTUAL_ACCOUNT
  C:958DH         SYMBOL        DEC_R3_R2
BL51 BANKED LINKER/LOCATER V5.11                                                      04/12/2009  12:57:14  PAGE 10


  C:A013H         SYMBOL        DEC_TO_BCD
  C:A048H         SYMBOL        DEC_TO_HEX
  N:0001H         SYMBOL        DEFAULT_LANG
  N:0038H         SYMBOL        DEFAULT_LANG_ADDR_HI
  N:004FH         SYMBOL        DEFAULT_LANG_ADDR_LO
  C:A677H         SYMBOL        DELAY110M
  C:A666H         SYMBOL        DELAY1S
  C:A655H         SYMBOL        DELAY2S
  C:A637H         SYMBOL        DELAY31M
  C:A644H         SYMBOL        DELAY4S
  C:A5C1H         SYMBOL        DELAY_DTMF
  C:A5B0H         SYMBOL        DELAY_FLASH
  C:A5FBH         SYMBOL        DELAY_MID_PULSE
  C:A62AH         SYMBOL        DELAY_PULSE_FALL
  C:A61DH         SYMBOL        DELAY_PULSE_RISE
  C:A610H         SYMBOL        DELAY_PULSE_WIDTH
  C:A14DH         SYMBOL        DEUCH_1
  C:8D1CH         SYMBOL        DFB1
  C:8965H         SYMBOL        DFORG
  C:CFF3H         SYMBOL        DHX
  C:C1D7H         SYMBOL        DIAL
  N:0002H         SYMBOL        DIALED
  N:0038H         SYMBOL        DIALING_TYPE_ADDR_HI
  N:0047H         SYMBOL        DIALING_TYPE_ADDR_LO
  C:C10EH         SYMBOL        DIAL_ALL_IN_MEMORY
  D:0021H         SYMBOL        DIAL_BUF
  C:157CH         SYMBOL        DIAL_NUM_L
  C:15A5H         SYMBOL        DIAL_NUM_R
  B:002AH.2       SYMBOL        DIAL_NUM_SW
  C:CEC0H         SYMBOL        DIAL_PMS_NUMBER
  N:0038H         SYMBOL        DIAL_WAIT_ADDR_HI
  N:0049H         SYMBOL        DIAL_WAIT_ADDR_LO
  D:0022H         SYMBOL        DISPLAY_BUF
  C:898AH         SYMBOL        DISPLAY_LCD
  C:CF42H         SYMBOL        DIZAH
  C:A3AAH         SYMBOL        DOES_NOT_MATCHED
  C:A2F6H         SYMBOL        DONT_CLEAR_LCD
  C:9EBDH         SYMBOL        DONT_NEED_TO_SAVE
  C:1699H         SYMBOL        DOOR1_L
  C:1659H         SYMBOL        DOOR1_R
  C:1719H         SYMBOL        DOOR2_L
  C:16D9H         SYMBOL        DOOR2_R
  N:0004H         SYMBOL        DOOR_EVENT
  C:A420H         SYMBOL        DOOR_IS_OPEN
  N:0001H         SYMBOL        DOOR_MASK
  C:C38FH         SYMBOL        DOWNLOAD_FROM_MAINTENANCE
  C:C45DH         SYMBOL        DOWNLOAD_FROM_MAINTENANCE2
  C:0218H         SYMBOL        DOWNLOAD_MAINTANENCE_L
  C:0240H         SYMBOL        DOWNLOAD_MAINTANENCE_R
  D:0079H         SYMBOL        DOWN_COUNTER
  C:0AE5H         SYMBOL        DOWN_LEFT
  C:0AEDH         SYMBOL        DOWN_RIGHT
  D:0083H         SYMBOL        DPH
  D:0082H         SYMBOL        DPL
  D:004DH         SYMBOL        DP_H
  D:004EH         SYMBOL        DP_L
  C:B56DH         SYMBOL        DRT32
BL51 BANKED LINKER/LOCATER V5.11                                                      04/12/2009  12:57:14  PAGE 11


  C:9362H         SYMBOL        DTFE1
  C:9370H         SYMBOL        DTFE2
  D:006FH         SYMBOL        DTMF_DB
  N:0050H         SYMBOL        DTMF_DB_ADDR_HI
  N:0002H         SYMBOL        DTMF_DB_ADDR_LO
  D:006EH         SYMBOL        DTMF_DELAY
  N:0050H         SYMBOL        DTMF_DELAY_ADDR_HI
  N:0001H         SYMBOL        DTMF_DELAY_ADDR_LO
  C:0AB5H         SYMBOL        DUAL_LINE
  C:9222H         SYMBOL        D_CHECK1
  C:91EEH         SYMBOL        D_CHECK1_A
  C:9205H         SYMBOL        D_CHECK1_B
  C:921AH         SYMBOL        D_CHECK1_C
  C:922EH         SYMBOL        D_CHECK2
  C:923AH         SYMBOL        D_CHECK3
  C:B60CH         SYMBOL        EDRT32
  C:8FAEH         SYMBOL        EIGHT_0
  C:9006H         SYMBOL        EIGHT_1
  C:9061H         SYMBOL        EIGHT_2
  C:90BFH         SYMBOL        EIGHT_3
  C:910FH         SYMBOL        EIGHT_4
  N:000AH         SYMBOL        EMERGENCY_EVENT
  N:0038H         SYMBOL        EMERGENCY_MAP_ADDR_HI
  N:0045H         SYMBOL        EMERGENCY_MAP_ADDR_LO
  C:DA3FH         SYMBOL        EMERGENCY_MODE
  C:D09EH         SYMBOL        EMERGENCY_REPORT
  C:DA78H         SYMBOL        EMERGENCY_RTHN1
  C:DA56H         SYMBOL        EMERGENCY_VX_0
  C:DA5CH         SYMBOL        EMERGENCY_VX_1
  C:DA6AH         SYMBOL        EMERGENCY_VX_2
  C:DA72H         SYMBOL        EMERGENCY_VX_3
  C:A6C7H         SYMBOL        ENCRYPT_PACK
  C:8F6CH         SYMBOL        ENDD
  C:8C7BH         SYMBOL        END_ATF_RECOVERY
  C:D8DBH         SYMBOL        END_RCV_CMD
  C:9618H         SYMBOL        END_SCHEDULING_ANSWER_TIME
  C:9645H         SYMBOL        END_SCHEDULING_DIAL_WAIT_TIME
  C:DABFH         SYMBOL        END_SCHEDULING_GUARD_TIME
  C:BC7FH         SYMBOL        END_SCROLLING_MESSAGE
  C:B581H         SYMBOL        ENEXT_DIGIT_23
  C:A13DH         SYMBOL        ENGLISH_1
  C:B5DCH         SYMBOL        ENO_DIGIT_TO_DISPLAY
  C:0290H         SYMBOL        ENTER_PASS_L
  C:0268H         SYMBOL        ENTER_PASS_R
  N:0091H         SYMBOL        EOR
  N:008DH         SYMBOL        EOU
  C:B5FFH         SYMBOL        EOUT_YR3
  C:B605H         SYMBOL        EOUT_YR32
  B:002AH.4       SYMBOL        ERROR
  C:02E0H         SYMBOL        ERROR_L
  C:02B8H         SYMBOL        ERROR_R
  C:B5D2H         SYMBOL        ESAME_POS_23
  C:B60FH         SYMBOL        ESTR30
  C:C46BH         SYMBOL        ESUR1
  C:B5E6H         SYMBOL        ETRGD1
  B:00C8H.6       SYMBOL        EXF2
  C:A360H         SYMBOL        EXIT_TO_MAIN_STATE
BL51 BANKED LINKER/LOCATER V5.11                                                      04/12/2009  12:57:14  PAGE 12


  C:B58DH         SYMBOL        EZX1
  C:B593H         SYMBOL        EZX2
  C:B599H         SYMBOL        EZX3
  C:B59FH         SYMBOL        EZX4
  C:B5A5H         SYMBOL        EZX5
  C:B5ABH         SYMBOL        EZX6
  C:B5B1H         SYMBOL        EZX7
  C:B5B7H         SYMBOL        EZX8
  C:B5BDH         SYMBOL        EZX9
  C:B5C3H         SYMBOL        EZXOUT
  N:00A0H         SYMBOL        FADDR
  C:9561H         SYMBOL        FAILED_FROM
  C:9573H         SYMBOL        FAILED_TO
  N:00AAH         SYMBOL        FAILLED_CALL
  C:A135H         SYMBOL        FARSI_1
  C:DC9DH         SYMBOL        FAULT
  C:92ACH         SYMBOL        FBCT0
  C:92B8H         SYMBOL        FBCT1
  C:92C5H         SYMBOL        FBCT2
  C:92CDH         SYMBOL        FBCT3
  C:8314H         SYMBOL        FCX_10
  C:8310H         SYMBOL        FCX_11
  C:830AH         SYMBOL        FCX_12
  C:CCAFH         SYMBOL        FFFFF
  C:D213H         SYMBOL        FGHR1
  C:9D26H         SYMBOL        FH1
  C:9D2EH         SYMBOL        FH2
  C:9D36H         SYMBOL        FH3
  C:9D3EH         SYMBOL        FH4
  C:9D46H         SYMBOL        FH5
  C:9D4EH         SYMBOL        FH6
  C:9D56H         SYMBOL        FH7
  C:9D5EH         SYMBOL        FH8
  C:9D20H         SYMBOL        FHYT1
  C:9A46H         SYMBOL        FILL_PAGE
  C:9674H         SYMBOL        FIND_CHARGGING_ZONE_FROM_DAY_TYPE
  C:9663H         SYMBOL        FIND_DAY_TYPE_FROM_DAY_INDEX
  B:002FH.0       SYMBOL        FIRST_KEY
  B:002DH.4       SYMBOL        FIRST_ZERRO
  C:8F9CH         SYMBOL        FIVE_0
  C:8FF4H         SYMBOL        FIVE_1
  C:904FH         SYMBOL        FIVE_2
  C:90ADH         SYMBOL        FIVE_3
  C:90FDH         SYMBOL        FIVE_4
  D:0020H         SYMBOL        FLAGS
  C:A1E2H         SYMBOL        FLASH
  C:832EH         SYMBOL        FLASHSST1
  D:006DH         SYMBOL        FLASH_DELAY
  N:0050H         SYMBOL        FLASH_DELAY_ADDR_HI
  N:0000H         SYMBOL        FLASH_DELAY_ADDR_LO
  C:1194H         SYMBOL        FMA1_L
  C:11BCH         SYMBOL        FMA1_R
  C:11E4H         SYMBOL        FMA2_L
  C:120CH         SYMBOL        FMA2_R
  C:1234H         SYMBOL        FMA3_L
  C:125CH         SYMBOL        FMA3_R
  C:1284H         SYMBOL        FMA4_L
BL51 BANKED LINKER/LOCATER V5.11                                                      04/12/2009  12:57:14  PAGE 13


  C:12ACH         SYMBOL        FMA4_R
  C:12D4H         SYMBOL        FMA5_L
  C:12FCH         SYMBOL        FMA5_R
  C:1324H         SYMBOL        FMA6_L
  C:134CH         SYMBOL        FMA6_R
  C:1374H         SYMBOL        FMA7_L
  C:139CH         SYMBOL        FMA7_R
  C:13C4H         SYMBOL        FMA8_L
  C:13ECH         SYMBOL        FMA8_R
  C:8F96H         SYMBOL        FOUR_0
  C:8FEEH         SYMBOL        FOUR_1
  C:9049H         SYMBOL        FOUR_2
  C:90A7H         SYMBOL        FOUR_3
  C:90F7H         SYMBOL        FOUR_4
  C:C125H         SYMBOL        FRBC1
  C:9D8FH         SYMBOL        FREE
  N:00A0H         SYMBOL        FREE_CALL
  D:0057H         SYMBOL        FREE_CALL_NUM_INDEX
  D:0056H         SYMBOL        FREE_CALL_STATUS
  C:A34FH         SYMBOL        FREE_MEM
  C:D1B6H         SYMBOL        FREE_NUM
  N:0018H         SYMBOL        FREE_NUMS_TABLE_ADDR_HI
  N:0034H         SYMBOL        FREE_NUMS_TABLE_ADDR_LO
  C:D2EDH         SYMBOL        FREE_NUM_FGHR1
  C:D6BDH         SYMBOL        FREE_NUM_KF_1
  C:D6C8H         SYMBOL        FREE_NUM_KF_2
  C:D6C0H         SYMBOL        FREE_NUM_KF_3
  C:D2E7H         SYMBOL        FREE_NUM_UPDATE_ERROR
  C:D2EBH         SYMBOL        FREE_NUM_UPDATE_NORMAL_END
  C:D29FH         SYMBOL        FREE_NUM_ZX_0
  C:D293H         SYMBOL        FREE_NUM_ZX_01
  C:D2C8H         SYMBOL        FREE_NUM_ZX_3
  C:D2E5H         SYMBOL        FREE_NUM_ZX_4
  N:0000H         SYMBOL        FULL_ACCESS
  C:E4C8H         SYMBOL        FULL_ACCESS_LEVEL
  N:00BEH         SYMBOL        FULL_BUT_NO_EMERGENCY_KEY
  C:99EFH         SYMBOL        FX36
  C:99FAH         SYMBOL        FX37
  C:99FDH         SYMBOL        FX38
  C:9A49H         SYMBOL        FXF63
  C:9A52H         SYMBOL        FXF64
  C:DED1H         SYMBOL        GBDE1
  C:9D6DH         SYMBOL        GENERATE_COMUNICATION_CODE
  C:8D1DH         SYMBOL        GET_CARD_RESPONSE
  C:D06FH         SYMBOL        GFRTE1
  C:C0F5H         SYMBOL        GHFD1
  C:7DC9H         SYMBOL        GNV0
  C:7E49H         SYMBOL        GNV1
  C:7EC9H         SYMBOL        GNV2
  C:7F49H         SYMBOL        GNV3
  C:7FC9H         SYMBOL        GNV4
  C:8049H         SYMBOL        GNV5
  C:80C9H         SYMBOL        GNV6
  C:8149H         SYMBOL        GNV7
  C:81C9H         SYMBOL        GNV8
  C:8249H         SYMBOL        GNV9
  C:DC81H         SYMBOL        GOMASTER
BL51 BANKED LINKER/LOCATER V5.11                                                      04/12/2009  12:57:14  PAGE 14


  C:8476H         SYMBOL        GO_AHEAD
  C:A3BBH         SYMBOL        GO_TO_NEXT_FREE_NUM
  C:AE7AH         SYMBOL        GO_UP
  C:93F1H         SYMBOL        GPFT23
  C:93F6H         SYMBOL        GPFT55
  C:9356H         SYMBOL        GTFH_1
  C:9328H         SYMBOL        GTFH_2
  C:9323H         SYMBOL        GTFH_ER
  B:002EH.7       SYMBOL        GUARD
  C:828DH         SYMBOL        GVUYHV65
  C:E4CBH         SYMBOL        GVZMP
  C:BDB9H         SYMBOL        GYEHUI1
  C:BE3BH         SYMBOL        GYEHUI2
  C:A3A0H         SYMBOL        GYF1
  C:A379H         SYMBOL        GYF2
  C:CF01H         SYMBOL        HAND00
  C:CF18H         SYMBOL        HAND01
  C:CF40H         SYMBOL        HAND02
  C:1899H         SYMBOL        HANDSET1_L
  C:1859H         SYMBOL        HANDSET1_R
  C:1919H         SYMBOL        HANDSET2_L
  C:18D9H         SYMBOL        HANDSET2_R
  N:0038H         SYMBOL        HANDSET_ADDR_HI
  N:00A5H         SYMBOL        HANDSET_ADDR_LO
  B:00B0H.0       SYMBOL        HANDSET_CHK_OUT
  C:E69DH         SYMBOL        HANDSET_DAMAGED
  N:0005H         SYMBOL        HANDSET_EVENT
  N:0002H         SYMBOL        HANDSET_MASK
  C:A022H         SYMBOL        HEX_TO_DEC
  C:9B4AH         SYMBOL        HH_1
  C:9B66H         SYMBOL        HH_2
  C:9B76H         SYMBOL        HH_3
  C:9BA7H         SYMBOL        HH_4
  C:9BB6H         SYMBOL        HH_5
  C:9B94H         SYMBOL        HH_6
  C:9B2AH         SYMBOL        HH_7
  N:0081H         SYMBOL        HI
  C:8F40H         SYMBOL        HIGH_BYTE
  C:BC37H         SYMBOL        HJBRT21
  C:BC56H         SYMBOL        HJBRT22
  C:F031H         SYMBOL        HJSX1
  C:7A35H         SYMBOL        HOOKED
  D:005DH         SYMBOL        HOUR
  N:0008H         SYMBOL        HOUR_ADDR_LO
  N:0038H         SYMBOL        HOUR_UPDATE_MASK_ADDR_HI
  N:002FH         SYMBOL        HOUR_UPDATE_MASK_ADDR_LO
  C:9330H         SYMBOL        HWDQA1
  C:933DH         SYMBOL        HWDQA2
  C:DF12H         SYMBOL        HYTP1
  C:DE50H         SYMBOL        HYTP1C
  C:DF43H         SYMBOL        HYTP2
  C:DE99H         SYMBOL        HYTP2C
  B:0020H.2       SYMBOL        I2CBUSY
  N:00A2H         SYMBOL        I2CRTC
  D:00A8H         SYMBOL        IE
  C:E4A0H         SYMBOL        IJCV1
  C:A171H         SYMBOL        IMIDIATE_FLASH
BL51 BANKED LINKER/LOCATER V5.11                                                      04/12/2009  12:57:14  PAGE 15


  N:0046H         SYMBOL        IM_ANTITAP_AGENT
  N:000CH         SYMBOL        INCOMMING_CALL_EVENT
  C:0A45H         SYMBOL        INCOM_L
  C:0A6DH         SYMBOL        INCOM_R
  C:BFE2H         SYMBOL        INC_CALL_DURATION
  C:C0CAH         SYMBOL        INC_CALL_TIMER
  C:9C80H         SYMBOL        INC_E2P_COUNTER
  C:BCACH         SYMBOL        INC_MSG_ADDR
  C:964DH         SYMBOL        INC_PULSE_COUNT
  C:957BH         SYMBOL        INC_R2_R1
  C:0ABDH         SYMBOL        INDICATE
  C:A8A3H         SYMBOL        INITIALIZE_ANTITAP
  C:CD27H         SYMBOL        INITIALIZE_EEP
  C:89CCH         SYMBOL        INITIALIZE_LCD
  C:BF21H         SYMBOL        INITIALIZE_VOLUME
  B:002EH.1       SYMBOL        INITIAL_ACCOUNT
  B:002AH.0       SYMBOL        INSERT_CARD_SW
  C:15CEH         SYMBOL        INVALID_L
  C:15F7H         SYMBOL        INVALID_R
  B:002BH.7       SYMBOL        INVALID_SW
  C:E4F7H         SYMBOL        INVERSE_CONVERTION
  D:00B8H         SYMBOL        IP
  C:F16CH         SYMBOL        ISP_ACKK
  C:F21CH         SYMBOL        ISP_BACK13
  C:F21EH         SYMBOL        ISP_BACK14
  C:F254H         SYMBOL        ISP_BYE
  C:F21AH         SYMBOL        ISP_DELAY110M
  C:F114H         SYMBOL        ISP_HH_1
  C:F130H         SYMBOL        ISP_HH_2
  C:F140H         SYMBOL        ISP_HH_3
  C:F171H         SYMBOL        ISP_HH_4
  C:F180H         SYMBOL        ISP_HH_5
  C:F15EH         SYMBOL        ISP_HH_6
  C:F0F4H         SYMBOL        ISP_HH_7
  C:F1E4H         SYMBOL        ISP_INC_E2P_COUNTER
  C:F22DH         SYMBOL        ISP_KFD_1
  C:F237H         SYMBOL        ISP_KFD_3
  C:F22AH         SYMBOL        ISP_KFD_45
  C:F217H         SYMBOL        ISP_KYF_2
  C:F20FH         SYMBOL        ISP_KYF_3
  C:F223H         SYMBOL        ISP_LOAD_E2P_TO_XRAM
  C:F1E0H         SYMBOL        ISP_MX48
  C:F1E3H         SYMBOL        ISP_MX49
  C:F17BH         SYMBOL        ISP_NAK
  C:F0A1H         SYMBOL        ISP_READ_CURRENT
  C:F1FAH         SYMBOL        ISP_READ_E2P_BYTE
  C:F0BEH         SYMBOL        ISP_READ_RANDOM
  C:F247H         SYMBOL        ISP_SET_E2P_BUS
  C:F152H         SYMBOL        ISP_SHIN
  C:F24FH         SYMBOL        ISP_SHORT
  C:F24CH         SYMBOL        ISP_SHORT_DELAY
  C:F11EH         SYMBOL        ISP_SHOUT
  C:F0EFH         SYMBOL        ISP_START
  C:F10EH         SYMBOL        ISP_STOP
  C:F1FEH         SYMBOL        ISP_WDH_1
  C:F207H         SYMBOL        ISP_WDH_3
  C:F18AH         SYMBOL        ISP_WRITE_BYTE
BL51 BANKED LINKER/LOCATER V5.11                                                      04/12/2009  12:57:14  PAGE 16


  C:F20AH         SYMBOL        ISP_WRITE_TO_E2P
  C:F1B6H         SYMBOL        ISP_WRITE_ZDATA
  C:F10CH         SYMBOL        ISP_X40
  C:F10DH         SYMBOL        ISP_X41
  C:F123H         SYMBOL        ISP_X42
  C:F159H         SYMBOL        ISP_X43
  C:F0BAH         SYMBOL        ISP_X44
  C:F0BDH         SYMBOL        ISP_X45
  C:F0E9H         SYMBOL        ISP_X46
  C:F0ECH         SYMBOL        ISP_X47
  C:F1B2H         SYMBOL        ISP_X48
  C:F1B5H         SYMBOL        ISP_X49
  C:95CFH         SYMBOL        ITS_AUTO_CHARGGING
  C:89A0H         SYMBOL        ITS_A_SIGN
  C:9251H         SYMBOL        ITS_BLACK
  N:0050H         SYMBOL        ITS_EMERGENCY_REPORT
  C:95CCH         SYMBOL        ITS_MANUAL_CHARGGING
  C:9241H         SYMBOL        ITS_NOT_BLACK
  C:91D9H         SYMBOL        ITS_NOT_BLACK_0
  C:91DAH         SYMBOL        ITS_NOT_BLACK_1
  C:91DBH         SYMBOL        ITS_NOT_BLACK_2
  C:91DCH         SYMBOL        ITS_NOT_BLACK_3
  C:91F3H         SYMBOL        ITS_NOT_BLACK_A
  C:9209H         SYMBOL        ITS_NOT_BLACK_B
  C:921DH         SYMBOL        ITS_NOT_BLACK_C
  C:C10AH         SYMBOL        ITS_NOT_SAM_CHECK
  C:9275H         SYMBOL        ITS_NOT_VALID_CARD
  C:8D18H         SYMBOL        ITS_OK
  C:BF88H         SYMBOL        ITS_POST_CHARGE
  C:BF84H         SYMBOL        ITS_PRE_CHARGE
  C:DE00H         SYMBOL        ITS_RTC_ALARM
  C:C176H         SYMBOL        JBS1
  C:C1D4H         SYMBOL        JBS10
  C:C17DH         SYMBOL        JBS2
  C:C184H         SYMBOL        JBS3
  C:C18BH         SYMBOL        JBS4
  C:C192H         SYMBOL        JBS5
  C:C199H         SYMBOL        JBS6
  C:C1A0H         SYMBOL        JBS7
  C:C1A7H         SYMBOL        JBS8
  C:C1AEH         SYMBOL        JBS9
  C:C1B5H         SYMBOL        JBSCOMPLETE
  C:8BAEH         SYMBOL        JFH1
  C:8BB1H         SYMBOL        JFH2
  C:A8CDH         SYMBOL        JICK_BUZZ
  C:9CF1H         SYMBOL        JUMP_DOWN_E2P
  C:9CDBH         SYMBOL        JUMP_UP_E2P
  C:926DH         SYMBOL        JUST_CHECK_BLACK_LIST
  C:A3AFH         SYMBOL        JUST_MATCHED
  B:002BH.3       SYMBOL        KEY0_PRESSED
  B:002CH.2       SYMBOL        KEY1_PRESSED
  B:002CH.3       SYMBOL        KEY2_PRESSED
  B:002CH.4       SYMBOL        KEY3_PRESSED
  B:002CH.5       SYMBOL        KEY4_PRESSED
  B:002CH.6       SYMBOL        KEY5_PRESSED
  B:002CH.7       SYMBOL        KEY6_PRESSED
  B:002BH.0       SYMBOL        KEY7_PRESSED
BL51 BANKED LINKER/LOCATER V5.11                                                      04/12/2009  12:57:14  PAGE 17


  B:002BH.1       SYMBOL        KEY8_PRESSED
  B:002BH.2       SYMBOL        KEY9_PRESSED
  B:00A0H.4       SYMBOL        KEYBOARD_CLK
  B:00A0H.6       SYMBOL        KEYBOARD_INPUT
  B:00A0H.5       SYMBOL        KEYBOARD_RST
  C:7D6CH         SYMBOL        KEY_0
  C:7DFFH         SYMBOL        KEY_1
  C:7E7FH         SYMBOL        KEY_2
  C:7EFFH         SYMBOL        KEY_3
  C:7F7FH         SYMBOL        KEY_4
  C:7FFFH         SYMBOL        KEY_5
  C:807FH         SYMBOL        KEY_6
  C:80FFH         SYMBOL        KEY_7
  C:817FH         SYMBOL        KEY_8
  C:81FFH         SYMBOL        KEY_9
  C:8761H         SYMBOL        KEY_FIRE
  C:8325H         SYMBOL        KEY_FLASH
  C:88D5H         SYMBOL        KEY_HELP
  C:8924H         SYMBOL        KEY_HOOK
  C:8335H         SYMBOL        KEY_LANG
  C:84D5H         SYMBOL        KEY_POLICE
  C:82B9H         SYMBOL        KEY_REDIAL
  C:82A3H         SYMBOL        KEY_SHARP
  C:827FH         SYMBOL        KEY_STAR
  C:8615H         SYMBOL        KEY_URGENT
  C:8463H         SYMBOL        KEY_VOL
  C:9C52H         SYMBOL        KF_1
  C:9C5DH         SYMBOL        KF_2
  C:9C55H         SYMBOL        KF_3
  C:88DCH         SYMBOL        KJHGA1
  C:88E9H         SYMBOL        KJHGA2
  C:8CFEH         SYMBOL        KMUL_FIVE
  C:8C96H         SYMBOL        KN1
  C:8C9DH         SYMBOL        KN2
  C:8CA1H         SYMBOL        KN3
  C:8CB6H         SYMBOL        KN4
  C:8CBAH         SYMBOL        KN5
  C:8CCFH         SYMBOL        KN6
  C:8CD3H         SYMBOL        KN7
  C:8CE8H         SYMBOL        KN8
  C:8CECH         SYMBOL        KN9
  B:002DH.0       SYMBOL        KOLANG
  D:0013H         SYMBOL        KOUNT
  C:9BCDH         SYMBOL        KYF_2
  C:9BC5H         SYMBOL        KYF_3
  C:6B1DH         SYMBOL        L10A
  C:6B31H         SYMBOL        L10B
  C:6B45H         SYMBOL        L11A
  C:6B59H         SYMBOL        L11B
  C:6B6DH         SYMBOL        L12A
  C:6B81H         SYMBOL        L12B
  C:6B95H         SYMBOL        L13A
  C:6BA9H         SYMBOL        L13B
  C:6BBDH         SYMBOL        L14A
  C:6BD1H         SYMBOL        L14B
  C:6BE5H         SYMBOL        L15A
  C:6BF9H         SYMBOL        L15B
BL51 BANKED LINKER/LOCATER V5.11                                                      04/12/2009  12:57:14  PAGE 18


  C:6C0DH         SYMBOL        L15C
  C:6C21H         SYMBOL        L15D
  C:6C35H         SYMBOL        L16A
  C:6C49H         SYMBOL        L16B
  C:6C5DH         SYMBOL        L16C
  C:6C71H         SYMBOL        L16D
  C:6C85H         SYMBOL        L17A
  C:6C99H         SYMBOL        L17B
  C:6CADH         SYMBOL        L17C
  C:6CC1H         SYMBOL        L17D
  C:6CD5H         SYMBOL        L18A
  C:6CE9H         SYMBOL        L18B
  C:6CFDH         SYMBOL        L18C
  C:6D11H         SYMBOL        L18D
  C:6D25H         SYMBOL        L19A
  C:6D39H         SYMBOL        L19B
  C:6D4DH         SYMBOL        L19C
  C:6D61H         SYMBOL        L19D
  C:6861H         SYMBOL        L1A
  C:6875H         SYMBOL        L1B
  C:6889H         SYMBOL        L1C
  C:E665H         SYMBOL        L1_CARD_TEST
  C:6D75H         SYMBOL        L20A
  C:6D89H         SYMBOL        L20B
  C:6D9DH         SYMBOL        L20C
  C:6DB1H         SYMBOL        L20D
  C:6DC5H         SYMBOL        L21A
  C:6DD9H         SYMBOL        L21B
  C:6DEDH         SYMBOL        L21C
  C:6E01H         SYMBOL        L21D
  C:6E15H         SYMBOL        L22A
  C:6E29H         SYMBOL        L22B
  C:6E3DH         SYMBOL        L22C
  C:6E51H         SYMBOL        L22D
  C:6E65H         SYMBOL        L23A
  C:6E79H         SYMBOL        L23B
  C:6E8DH         SYMBOL        L23C
  C:6EA1H         SYMBOL        L23D
  C:6EB5H         SYMBOL        L24A
  C:6EC9H         SYMBOL        L24B
  C:6EDDH         SYMBOL        L24C
  C:6EF1H         SYMBOL        L24D
  C:6F05H         SYMBOL        L25A
  C:6F19H         SYMBOL        L25B
  C:6F2DH         SYMBOL        L25C
  C:6F41H         SYMBOL        L25D
  C:6F55H         SYMBOL        L26A
  C:6F69H         SYMBOL        L26B
  C:6F7DH         SYMBOL        L26C
  C:6F91H         SYMBOL        L26D
  C:6FA5H         SYMBOL        L27A
  C:6FB9H         SYMBOL        L27B
  C:6FCDH         SYMBOL        L27C
  C:6FE1H         SYMBOL        L27D
  C:6FF5H         SYMBOL        L28A
  C:7009H         SYMBOL        L28B
  C:701DH         SYMBOL        L28C
BL51 BANKED LINKER/LOCATER V5.11                                                      04/12/2009  12:57:14  PAGE 19


  C:7031H         SYMBOL        L28D
  C:7045H         SYMBOL        L29A
  C:7059H         SYMBOL        L29B
  C:706DH         SYMBOL        L29C
  C:7081H         SYMBOL        L29D
  C:689DH         SYMBOL        L2A
  C:68B1H         SYMBOL        L2B
  C:68C5H         SYMBOL        L2C
  C:68D9H         SYMBOL        L2D
  C:7095H         SYMBOL        L30A
  C:70A9H         SYMBOL        L30B
  C:70BDH         SYMBOL        L31A
  C:70D1H         SYMBOL        L31B
  C:70E5H         SYMBOL        L31C
  C:70F9H         SYMBOL        L31D
  C:710DH         SYMBOL        L32A
  C:7121H         SYMBOL        L32B
  C:7135H         SYMBOL        L32C
  C:7149H         SYMBOL        L32D
  C:715DH         SYMBOL        L33A
  C:7171H         SYMBOL        L34
  C:7185H         SYMBOL        L35
  C:7199H         SYMBOL        L36
  C:71ADH         SYMBOL        L37
  C:71C1H         SYMBOL        L38
  C:71D5H         SYMBOL        L39
  C:68EDH         SYMBOL        L3A
  C:6901H         SYMBOL        L3B
  C:6915H         SYMBOL        L3C
  C:6929H         SYMBOL        L3D
  C:71E9H         SYMBOL        L40
  C:71FDH         SYMBOL        L41
  C:7211H         SYMBOL        L42
  C:7225H         SYMBOL        L43
  C:7239H         SYMBOL        L44
  C:724DH         SYMBOL        L45
  C:7261H         SYMBOL        L46
  C:7275H         SYMBOL        L47
  C:7289H         SYMBOL        L48
  C:729DH         SYMBOL        L49
  C:693DH         SYMBOL        L4A
  C:6951H         SYMBOL        L4B
  C:6965H         SYMBOL        L4C
  C:6979H         SYMBOL        L4D
  C:72B1H         SYMBOL        L50
  C:72C5H         SYMBOL        L51
  C:72D9H         SYMBOL        L52
  C:72EDH         SYMBOL        L53
  C:7301H         SYMBOL        L54
  C:7315H         SYMBOL        L55
  C:7329H         SYMBOL        L56
  C:733DH         SYMBOL        L57
  C:7351H         SYMBOL        L58
  C:7365H         SYMBOL        L59
  C:698DH         SYMBOL        L5A
  C:69A1H         SYMBOL        L5B
  C:69B5H         SYMBOL        L5C
BL51 BANKED LINKER/LOCATER V5.11                                                      04/12/2009  12:57:14  PAGE 20


  C:69C9H         SYMBOL        L5D
  C:7379H         SYMBOL        L60
  C:738DH         SYMBOL        L61
  C:73A1H         SYMBOL        L62
  C:73B5H         SYMBOL        L63
  C:73C9H         SYMBOL        L64
  C:73DDH         SYMBOL        L65
  C:73F1H         SYMBOL        L66
  C:7405H         SYMBOL        L67
  C:7419H         SYMBOL        L68
  C:742DH         SYMBOL        L69
  C:69DDH         SYMBOL        L6A
  C:69F1H         SYMBOL        L6B
  C:6A05H         SYMBOL        L6C
  C:6A19H         SYMBOL        L6D
  C:7441H         SYMBOL        L70
  C:7455H         SYMBOL        L71
  C:7469H         SYMBOL        L72
  C:747DH         SYMBOL        L73
  C:7491H         SYMBOL        L74
  C:74A5H         SYMBOL        L75
  C:74B9H         SYMBOL        L76
  C:74CDH         SYMBOL        L77
  C:74E1H         SYMBOL        L78
  C:74F5H         SYMBOL        L79
  C:6A2DH         SYMBOL        L7A
  C:6A41H         SYMBOL        L7B
  C:6A55H         SYMBOL        L7C
  C:6A69H         SYMBOL        L7D
  C:7509H         SYMBOL        L80
  C:6A7DH         SYMBOL        L8A
  C:6A91H         SYMBOL        L8B
  C:6AA5H         SYMBOL        L8C
  C:6AB9H         SYMBOL        L8D
  C:6ACDH         SYMBOL        L9A
  C:6AE1H         SYMBOL        L9B
  C:6AF5H         SYMBOL        L9C
  C:6B09H         SYMBOL        L9D
  D:0050H         SYMBOL        LANG
  N:000CH         SYMBOL        LANGUAGE_MENU
  C:4CD0H         SYMBOL        LANG_ARABIC
  C:A114H         SYMBOL        LANG_CHECK_COMPLETE
  C:6828H         SYMBOL        LANG_DEUTSCHE
  C:3178H         SYMBOL        LANG_ENGLISH
  C:1620H         SYMBOL        LANG_FARSI
  N:001BH         SYMBOL        LANG_OFFSET_HI
  N:0058H         SYMBOL        LANG_OFFSET_LO
  B:002EH.4       SYMBOL        LATCH_UP_PULSE_DURATION
  C:9378H         SYMBOL        LBG1
  C:9381H         SYMBOL        LBG2
  D:0020H         SYMBOL        LCD_COMMAND_BUF
  B:002FH.1       SYMBOL        LCD_CS
  B:00B0H.6       SYMBOL        LCD_CS1
  B:00B0H.7       SYMBOL        LCD_CS2
  B:00B0H.5       SYMBOL        LCD_E
  B:00B0H.4       SYMBOL        LCD_RS
  B:0090H.3       SYMBOL        LCD_SW
BL51 BANKED LINKER/LOCATER V5.11                                                      04/12/2009  12:57:14  PAGE 21


  C:89B1H         SYMBOL        LEFT
  C:0AA5H         SYMBOL        LEFT_LINE
  C:B334H         SYMBOL        LEFT_TO_RIGHT_1
  C:B015H         SYMBOL        LEFT_TO_RIGHT_DS1
  C:BBFBH         SYMBOL        LEFT_W
  C:BD5FH         SYMBOL        LEFT_X
  C:9DCFH         SYMBOL        LETS_SAVE
  C:8AE3H         SYMBOL        LEVEL_1
  C:8B1BH         SYMBOL        LEVEL_1_2
  C:8B54H         SYMBOL        LEVEL_1_3
  C:8B9AH         SYMBOL        LEVEL_1_4
  C:8AFDH         SYMBOL        LEVEL_1_EMPTY
  C:8AF4H         SYMBOL        LEVEL_1_FULL
  C:8B02H         SYMBOL        LEVEL_2
  C:8B47H         SYMBOL        LEVEL_2_3
  C:8B8DH         SYMBOL        LEVEL_2_4
  C:8B29H         SYMBOL        LEVEL_2_EMPTY
  C:8B13H         SYMBOL        LEVEL_2_FULL
  C:8B2EH         SYMBOL        LEVEL_3
  C:8B80H         SYMBOL        LEVEL_3_4
  C:8B62H         SYMBOL        LEVEL_3_EMPTY
  C:8B3FH         SYMBOL        LEVEL_3_FULL
  C:8B67H         SYMBOL        LEVEL_4
  C:8BA8H         SYMBOL        LEVEL_4_EMPTY
  C:8B78H         SYMBOL        LEVEL_4_FULL
  N:0007H         SYMBOL        LINE_EVENT
  C:ADECH         SYMBOL        LINE_FA1
  N:0004H         SYMBOL        LINE_MASK
  C:AD85H         SYMBOL        LINE_SA1
  C:B9A2H         SYMBOL        LINE_SA1J
  C:BA18H         SYMBOL        LINE_SA1JK
  C:ADA0H         SYMBOL        LINE_SA2
  C:B9BDH         SYMBOL        LINE_SA2J
  C:BA33H         SYMBOL        LINE_SA2JK
  C:ADBBH         SYMBOL        LINE_SA3
  C:B9D8H         SYMBOL        LINE_SA3J
  C:ADD6H         SYMBOL        LINE_SA4
  C:B9F3H         SYMBOL        LINE_SA4J
  B:0090H.7       SYMBOL        LINE_SW
  N:0002H         SYMBOL        LINE_SW_EVENT
  C:A06CH         SYMBOL        LJIIUR34
  C:B0C4H         SYMBOL        LLJ1
  C:BDACH         SYMBOL        LOAD_BLACK_LIST_TO_RAM
  C:9773H         SYMBOL        LOAD_CHARGE_LEVEL_FROM_PRE_NUM
  C:948EH         SYMBOL        LOAD_CHARGGING_ZONE
  C:DD86H         SYMBOL        LOAD_CURRENT_ALARM
  C:BEAEH         SYMBOL        LOAD_DIALING_RULE
  C:BD88H         SYMBOL        LOAD_E2P_TO_RAM2
  C:DDB6H         SYMBOL        LOAD_EVENT_TIME
  C:9EF5H         SYMBOL        LOAD_OTHER_REPORT_TABLE_CURRENT_ADDR
  C:BF8BH         SYMBOL        LOAD_PAYTOL
  C:BECEH         SYMBOL        LOAD_PHONE_SETTING
  C:CE0BH         SYMBOL        LOAD_PMS_NUM_ADDRESS
  C:942DH         SYMBOL        LOAD_PRE_NUM
  C:CCFCH         SYMBOL        LOAD_PROGRAM_TO_ISP_E2P
  C:CD02H         SYMBOL        LOAD_PROGRAM_TO_ISP_E2P_LOOP
  C:97ADH         SYMBOL        LOAD_PULSE_AND_TIMESLOT_FROM_ZONE_AND_LEVEL
BL51 BANKED LINKER/LOCATER V5.11                                                      04/12/2009  12:57:14  PAGE 22


  C:9D98H         SYMBOL        LOAD_REPORT_TABLE_CURRENT_ADDR
  C:B610H         SYMBOL        LOAD_TIME
  C:BE2AH         SYMBOL        LOAD_WHITE_LIST_TO_RAM
  C:A588H         SYMBOL        LONG1
  C:A585H         SYMBOL        LONG2
  C:A582H         SYMBOL        LONG_DELAY
  C:A403H         SYMBOL        LOOP_CHECK_HOOK_INCOMMING
  N:000BH         SYMBOL        LOW_BATTERY_EVENT
  C:93F9H         SYMBOL        LTMR
  C:7950H         SYMBOL        MAIN
  N:0081H         SYMBOL        MAINTANENCE_CARD_OK
  C:0330H         SYMBOL        MAINTANENCE_L
  N:0083H         SYMBOL        MAINTANENCE_MENU1
  N:008CH         SYMBOL        MAINTANENCE_MENU10
  N:008DH         SYMBOL        MAINTANENCE_MENU11
  N:0084H         SYMBOL        MAINTANENCE_MENU2
  N:0085H         SYMBOL        MAINTANENCE_MENU3
  N:0086H         SYMBOL        MAINTANENCE_MENU4
  N:0087H         SYMBOL        MAINTANENCE_MENU5
  N:0088H         SYMBOL        MAINTANENCE_MENU6
  N:0089H         SYMBOL        MAINTANENCE_MENU7
  N:008AH         SYMBOL        MAINTANENCE_MENU8
  N:008BH         SYMBOL        MAINTANENCE_MENU9
  N:0082H         SYMBOL        MAINTANENCE_PASSWORD_OK
  C:0308H         SYMBOL        MAINTANENCE_R
  C:C323H         SYMBOL        MAINTENANCE_ACKK
  C:C2BFH         SYMBOL        MAINTENANCE_HH_1
  C:C2E3H         SYMBOL        MAINTENANCE_HH_2
  C:C2F7H         SYMBOL        MAINTENANCE_HH_3
  C:C328H         SYMBOL        MAINTENANCE_HH_4
  C:C337H         SYMBOL        MAINTENANCE_HH_5
  C:C315H         SYMBOL        MAINTENANCE_HH_6
  C:C29FH         SYMBOL        MAINTENANCE_HH_7
  C:7D8DH         SYMBOL        MAINTENANCE_KEY0
  C:7E20H         SYMBOL        MAINTENANCE_KEY1
  C:7EA0H         SYMBOL        MAINTENANCE_KEY2
  C:7F20H         SYMBOL        MAINTENANCE_KEY3
  C:7FA0H         SYMBOL        MAINTENANCE_KEY4
  C:8020H         SYMBOL        MAINTENANCE_KEY5
  C:80A0H         SYMBOL        MAINTENANCE_KEY6
  C:8120H         SYMBOL        MAINTENANCE_KEY7
  C:81A0H         SYMBOL        MAINTENANCE_KEY8
  C:8220H         SYMBOL        MAINTENANCE_KEY9
  C:82AAH         SYMBOL        MAINTENANCE_KEYSHARP
  C:8294H         SYMBOL        MAINTENANCE_KEYSTAR
  C:C371H         SYMBOL        MAINTENANCE_KF_1
  C:C37CH         SYMBOL        MAINTENANCE_KF_2
  C:C374H         SYMBOL        MAINTENANCE_KF_3
  C:C332H         SYMBOL        MAINTENANCE_NAK
  C:C412H         SYMBOL        MAINTENANCE_READ_BLOCK
  C:C24CH         SYMBOL        MAINTENANCE_READ_CURRENT
  C:C37FH         SYMBOL        MAINTENANCE_READ_E2P_BYTE
  C:C405H         SYMBOL        MAINTENANCE_READ_PAGE
  C:C269H         SYMBOL        MAINTENANCE_READ_RANDOM
  C:82C3H         SYMBOL        MAINTENANCE_REDIAL
  C:C36FH         SYMBOL        MAINTENANCE_SAVE_TO_E2P
  B:00B0H.7       SYMBOL        MAINTENANCE_SCL
BL51 BANKED LINKER/LOCATER V5.11                                                      04/12/2009  12:57:14  PAGE 23


  B:00B0H.6       SYMBOL        MAINTENANCE_SDA
  C:C309H         SYMBOL        MAINTENANCE_SHIN
  C:C2C9H         SYMBOL        MAINTENANCE_SHOUT
  C:C29AH         SYMBOL        MAINTENANCE_START
  C:C2B9H         SYMBOL        MAINTENANCE_STOP
  C:C383H         SYMBOL        MAINTENANCE_WD_1
  C:C38CH         SYMBOL        MAINTENANCE_WD_3
  C:C3BDH         SYMBOL        MAINTENANCE_WRITE_BLOCK
  C:C341H         SYMBOL        MAINTENANCE_WRITE_BYTE
  C:C3F8H         SYMBOL        MAINTENANCE_WRITE_PAGE
  C:C441H         SYMBOL        MAINTENANCE_X31
  C:C44EH         SYMBOL        MAINTENANCE_X32
  C:C455H         SYMBOL        MAINTENANCE_X33
  C:C456H         SYMBOL        MAINTENANCE_X34
  C:C458H         SYMBOL        MAINTENANCE_X35
  C:C3E4H         SYMBOL        MAINTENANCE_X36
  C:C3F0H         SYMBOL        MAINTENANCE_X37
  C:C3F3H         SYMBOL        MAINTENANCE_X38
  C:C2B7H         SYMBOL        MAINTENANCE_X40
  C:C2B8H         SYMBOL        MAINTENANCE_X41
  C:C2CEH         SYMBOL        MAINTENANCE_X42
  C:C310H         SYMBOL        MAINTENANCE_X43
  C:C265H         SYMBOL        MAINTENANCE_X44
  C:C268H         SYMBOL        MAINTENANCE_X45
  C:C294H         SYMBOL        MAINTENANCE_X46
  C:C297H         SYMBOL        MAINTENANCE_X47
  C:C36BH         SYMBOL        MAINTENANCE_X48
  C:C36EH         SYMBOL        MAINTENANCE_X49
  C:C3FBH         SYMBOL        MAINTENANCE_X63
  C:C404H         SYMBOL        MAINTENANCE_X64
  C:C408H         SYMBOL        MAINTENANCE_X72
  C:C411H         SYMBOL        MAINTENANCE_X74
  C:A3D5H         SYMBOL        MANAGE_INCOMMING_CALL
  C:E0CBH         SYMBOL        MANUAL_ALARM_SETTING
  N:00AAH         SYMBOL        MANUAL_CHARGE
  C:E212H         SYMBOL        MANUAL_DATE_SETTING
  C:BF5AH         SYMBOL        MANUAL_SELECTED
  C:CD2BH         SYMBOL        MANUAL_SETTINGS
  C:DF84H         SYMBOL        MANUAL_TIME_SETTING
  C:31B1H         SYMBOL        MENU1_1_L
  C:1414H         SYMBOL        MENU1_1_R
  C:3231H         SYMBOL        MENU1_2_L
  C:31F1H         SYMBOL        MENU1_2_R
  C:32B9H         SYMBOL        MENU1_3_L
  C:3279H         SYMBOL        MENU1_3_R
  C:3339H         SYMBOL        MENU1_4_L
  C:32F9H         SYMBOL        MENU1_4_R
  C:33B9H         SYMBOL        MENU2_1_L
  C:3379H         SYMBOL        MENU2_1_R
  C:3439H         SYMBOL        MENU2_2_L
  C:33F9H         SYMBOL        MENU2_2_R
  C:34B9H         SYMBOL        MENU2_3_L
  C:3479H         SYMBOL        MENU2_3_R
  C:3539H         SYMBOL        MENU2_4_L
  C:34F9H         SYMBOL        MENU2_4_R
  C:35B9H         SYMBOL        MENU3_1_L
  C:3579H         SYMBOL        MENU3_1_R
BL51 BANKED LINKER/LOCATER V5.11                                                      04/12/2009  12:57:14  PAGE 24


  C:3639H         SYMBOL        MENU3_2_L
  C:35F9H         SYMBOL        MENU3_2_R
  C:36B9H         SYMBOL        MENU3_3_L
  C:3679H         SYMBOL        MENU3_3_R
  C:3739H         SYMBOL        MENU3_4_L
  C:36F9H         SYMBOL        MENU3_4_R
  C:27D0H         SYMBOL        MENU4_1_L
  C:2790H         SYMBOL        MENU4_1_R
  C:2850H         SYMBOL        MENU4_2_L
  C:2810H         SYMBOL        MENU4_2_R
  C:28D0H         SYMBOL        MENU4_3_L
  C:2890H         SYMBOL        MENU4_3_R
  C:2950H         SYMBOL        MENU4_4_L
  C:2910H         SYMBOL        MENU4_4_R
  C:29D0H         SYMBOL        MENU5_1_L
  C:2990H         SYMBOL        MENU5_1_R
  C:2A50H         SYMBOL        MENU5_2_L
  C:2A10H         SYMBOL        MENU5_2_R
  C:2AD0H         SYMBOL        MENU5_3_L
  C:2A90H         SYMBOL        MENU5_3_R
  C:2B50H         SYMBOL        MENU5_4_L
  C:2B10H         SYMBOL        MENU5_4_R
  C:1D70H         SYMBOL        MENU6_1_L
  C:1E78H         SYMBOL        MENU6_1_R
  C:1DB0H         SYMBOL        MENU6_2_L
  C:1EB8H         SYMBOL        MENU6_2_R
  C:1DF0H         SYMBOL        MENU6_3_L
  C:1EF8H         SYMBOL        MENU6_3_R
  C:1E30H         SYMBOL        MENU6_4_L
  C:1F38H         SYMBOL        MENU6_4_R
  C:1959H         SYMBOL        MENU7_1_L
  C:1A61H         SYMBOL        MENU7_1_R
  C:1999H         SYMBOL        MENU7_2_L
  C:1AA1H         SYMBOL        MENU7_2_R
  C:19D9H         SYMBOL        MENU7_3_L
  C:1AE1H         SYMBOL        MENU7_3_R
  C:1A21H         SYMBOL        MENU7_4_L
  C:1B21H         SYMBOL        MENU7_4_R
  C:D81AH         SYMBOL        MERGHT1
  C:D802H         SYMBOL        MERGHT2
  C:D1E0H         SYMBOL        MESSAGE
  N:0036H         SYMBOL        MESSAGE_ADDR_HI
  N:002FH         SYMBOL        MESSAGE_ADDR_LO
  C:D623H         SYMBOL        MESSAGE_FGHR1
  C:D7B2H         SYMBOL        MESSAGE_KF_1
  C:D7BDH         SYMBOL        MESSAGE_KF_2
  C:D7B5H         SYMBOL        MESSAGE_KF_3
  C:D61DH         SYMBOL        MESSAGE_UPDATE_ERROR
  C:D621H         SYMBOL        MESSAGE_UPDATE_NORMAL_END
  C:D5C8H         SYMBOL        MESSAGE_ZX_0
  C:D5BCH         SYMBOL        MESSAGE_ZX_01
  C:D5FEH         SYMBOL        MESSAGE_ZX_3
  C:D61BH         SYMBOL        MESSAGE_ZX_4
  C:8951H         SYMBOL        METF1
  B:00A0H.7       SYMBOL        MIC_MUTE
  C:A57BH         SYMBOL        MID1
  C:A578H         SYMBOL        MID2
BL51 BANKED LINKER/LOCATER V5.11                                                      04/12/2009  12:57:14  PAGE 25


  C:A54EH         SYMBOL        MID21
  C:A55BH         SYMBOL        MID211
  C:A568H         SYMBOL        MID2111
  C:A56BH         SYMBOL        MID2121
  C:A54BH         SYMBOL        MID22
  C:A558H         SYMBOL        MID222
  C:A565H         SYMBOL        MID2222
  C:A548H         SYMBOL        MID2_DELAY
  C:A555H         SYMBOL        MID3_DELAY
  C:A562H         SYMBOL        MID4_DELAY
  C:A541H         SYMBOL        MID51
  C:A53EH         SYMBOL        MID52
  C:A53BH         SYMBOL        MID5_DELAY
  C:A575H         SYMBOL        MID_DELAY
  C:A154H         SYMBOL        MINI_FLASH
  D:005EH         SYMBOL        MINUTE
  N:0009H         SYMBOL        MINUTE_ADDR_LO
  N:0038H         SYMBOL        MINUTE_UPDATE_MASK_ADDR_HI
  N:0031H         SYMBOL        MINUTE_UPDATE_MASK_ADDR_LO
  C:A2A4H         SYMBOL        MKHG1
  B:00B0H.6       SYMBOL        MODEM_CLK
  B:00B0H.7       SYMBOL        MODEM_CMD
  N:000FH         SYMBOL        MODEM_CONDITION
  B:00B0H.5       SYMBOL        MODEM_CS
  B:00B0H.3       SYMBOL        MODEM_INT
  B:00B0H.4       SYMBOL        MODEM_REPLY
  C:CDCBH         SYMBOL        MODEM_REPLYSYNC
  B:0090H.6       SYMBOL        MODEM_SW
  C:9C2CH         SYMBOL        MODEM_WRITE_BYTE
  C:BF8AH         SYMBOL        MOGT1
  D:007DH         SYMBOL        MONTH
  N:0038H         SYMBOL        MONTH_UPDATE_MASK_ADDR_HI
  N:0038H         SYMBOL        MONTH_UPDATE_MASK_ADDR_LO
  D:0027H         SYMBOL        MSG_ADDR_HI
  D:0028H         SYMBOL        MSG_ADDR_LO
  C:9AF4H         SYMBOL        MSG_READ_RANDOM
  C:BCA1H         SYMBOL        MSG_SCR_OUT_TIMER1_1_FFF
  C:BCA3H         SYMBOL        MSG_SCR_OUT_TIMER1_2_FFF
  C:BCA5H         SYMBOL        MSG_SCR_UYTR1_FFF
  C:9B1FH         SYMBOL        MSG_X46
  C:9B22H         SYMBOL        MSG_X47
  C:9C74H         SYMBOL        MSG_ZEWD_1
  C:9C7DH         SYMBOL        MSG_ZEWD_3
  C:8EF6H         SYMBOL        MUL_FIVE
  C:8F0DH         SYMBOL        MUL_TEN
  C:A6FAH         SYMBOL        MV0
  C:A705H         SYMBOL        MV1
  C:A710H         SYMBOL        MV2
  C:A71BH         SYMBOL        MV3
  C:A726H         SYMBOL        MV4
  C:A731H         SYMBOL        MV5
  C:A73CH         SYMBOL        MV6
  C:A747H         SYMBOL        MV7
  C:9C28H         SYMBOL        MX48
  C:9C2BH         SYMBOL        MX49
  C:B738H         SYMBOL        MXTZX1
  C:B73EH         SYMBOL        MXTZX2
BL51 BANKED LINKER/LOCATER V5.11                                                      04/12/2009  12:57:14  PAGE 26


  C:B744H         SYMBOL        MXTZX3
  C:B74AH         SYMBOL        MXTZX4
  C:B750H         SYMBOL        MXTZX5
  C:B756H         SYMBOL        MXTZX6
  C:B75CH         SYMBOL        MXTZX7
  C:B762H         SYMBOL        MXTZX8
  C:B768H         SYMBOL        MXTZX9
  C:B76EH         SYMBOL        MXTZXOUT
  C:8E5BH         SYMBOL        N1
  C:8E62H         SYMBOL        N2
  C:8E66H         SYMBOL        N3
  C:8E7BH         SYMBOL        N4
  C:8E7FH         SYMBOL        N5
  C:8E94H         SYMBOL        N6
  C:8E98H         SYMBOL        N7
  C:8EADH         SYMBOL        N8
  C:8EB1H         SYMBOL        N9
  N:00A5H         SYMBOL        NACK
  C:9BB1H         SYMBOL        NAK
  B:002EH.5       SYMBOL        NEED_TO_ALERT
  C:DF01H         SYMBOL        NEGATIVE_HYTP2
  C:DE3FH         SYMBOL        NEGATIVE_HYTP2C
  C:DF32H         SYMBOL        NEGATIVE_HYTP3
  C:DE7EH         SYMBOL        NEGATIVE_HYTP3C
  C:1BC1H         SYMBOL        NEW_ALARM
  D:003EH         SYMBOL        NEW_ALARM_HOUR
  D:003FH         SYMBOL        NEW_ALARM_MINUTE
  D:0042H         SYMBOL        NEW_DAY
  D:003CH         SYMBOL        NEW_HOUR
  D:003DH         SYMBOL        NEW_MINUTE
  D:0043H         SYMBOL        NEW_MONTH
  C:1BF1H         SYMBOL        NEW_TIME
  C:89BBH         SYMBOL        NEXT_BYTE
  C:BD69H         SYMBOL        NEXT_BYTE_X
  C:BBDEH         SYMBOL        NEXT_CHAR
  C:A94AH         SYMBOL        NEXT_COL
  C:82F0H         SYMBOL        NEXT_DIGIT
  C:B4E8H         SYMBOL        NEXT_DIGIT_23
  C:A2FAH         SYMBOL        NEXT_NUMBER
  C:9435H         SYMBOL        NEXT_PRE1
  C:9445H         SYMBOL        NEXT_PRE2
  C:9455H         SYMBOL        NEXT_PRE3
  C:9465H         SYMBOL        NEXT_PRE4
  C:9475H         SYMBOL        NEXT_PRE5
  C:9485H         SYMBOL        NEXT_PRE6
  C:A944H         SYMBOL        NEXT_ROW
  C:8FB4H         SYMBOL        NINE_0
  C:900CH         SYMBOL        NINE_1
  C:9067H         SYMBOL        NINE_2
  C:90C5H         SYMBOL        NINE_3
  C:9115H         SYMBOL        NINE_4
  B:0020H.0       SYMBOL        NOACK
  C:7D8FH         SYMBOL        NORMAL_KEY0
  C:7DCDH         SYMBOL        NORMAL_KEY0_0
  C:7D92H         SYMBOL        NORMAL_KEY0_1
  C:7E22H         SYMBOL        NORMAL_KEY1
  C:7E4DH         SYMBOL        NORMAL_KEY1_0
BL51 BANKED LINKER/LOCATER V5.11                                                      04/12/2009  12:57:14  PAGE 27


  C:7E25H         SYMBOL        NORMAL_KEY1_1
  C:7EA2H         SYMBOL        NORMAL_KEY2
  C:7ECDH         SYMBOL        NORMAL_KEY2_0
  C:7EA5H         SYMBOL        NORMAL_KEY2_1
  C:7F22H         SYMBOL        NORMAL_KEY3
  C:7F4DH         SYMBOL        NORMAL_KEY3_0
  C:7F25H         SYMBOL        NORMAL_KEY3_1
  C:7FA2H         SYMBOL        NORMAL_KEY4
  C:7FCDH         SYMBOL        NORMAL_KEY4_0
  C:7FA5H         SYMBOL        NORMAL_KEY4_1
  C:8022H         SYMBOL        NORMAL_KEY5
  C:804DH         SYMBOL        NORMAL_KEY5_0
  C:8025H         SYMBOL        NORMAL_KEY5_1
  C:80A2H         SYMBOL        NORMAL_KEY6
  C:80CDH         SYMBOL        NORMAL_KEY6_0
  C:80A5H         SYMBOL        NORMAL_KEY6_1
  C:8122H         SYMBOL        NORMAL_KEY7
  C:814DH         SYMBOL        NORMAL_KEY7_0
  C:8125H         SYMBOL        NORMAL_KEY7_1
  C:81A2H         SYMBOL        NORMAL_KEY8
  C:81CDH         SYMBOL        NORMAL_KEY8_0
  C:81A5H         SYMBOL        NORMAL_KEY8_1
  C:8222H         SYMBOL        NORMAL_KEY9
  C:824DH         SYMBOL        NORMAL_KEY9_0
  C:8225H         SYMBOL        NORMAL_KEY9_1
  C:82ABH         SYMBOL        NORMAL_KEYSHARP
  C:82B8H         SYMBOL        NORMAL_KEYSHARP_0
  C:82AEH         SYMBOL        NORMAL_KEYSHARP_1
  C:8295H         SYMBOL        NORMAL_KEYSTAR
  C:82A2H         SYMBOL        NORMAL_KEYSTAR_0
  C:8298H         SYMBOL        NORMAL_KEYSTAR_1
  C:A3E9H         SYMBOL        NORMAL_MANAGE_INCOMMING_CALL
  N:000BH         SYMBOL        NORMAL_PHONE
  C:82C4H         SYMBOL        NORMAL_REDIAL
  C:8324H         SYMBOL        NORMAL_REDIAL_0
  C:82C7H         SYMBOL        NORMAL_REDIAL_1
  C:A8F5H         SYMBOL        NOTICE_BUZZ
  C:A322H         SYMBOL        NOT_FIRST
  C:9D93H         SYMBOL        NOT_FREE
  N:00AAH         SYMBOL        NO_ACCESS
  C:799CH         SYMBOL        NO_ALARM
  C:0636H         SYMBOL        NO_BALANCE_L
  C:0604H         SYMBOL        NO_BALANCE_R
  C:8FD9H         SYMBOL        NO_BLANK_1
  C:9034H         SYMBOL        NO_BLANK_2
  C:9092H         SYMBOL        NO_BLANK_3
  N:0000H         SYMBOL        NO_CALL
  C:A2A9H         SYMBOL        NO_CARD
  C:7CE2H         SYMBOL        NO_CARD_DETECTED
  N:0009H         SYMBOL        NO_CHARGE_PULSE_EVENT
  C:B543H         SYMBOL        NO_DIGIT_TO_DISPLAY
  C:7A04H         SYMBOL        NO_DOOR
  N:0000H         SYMBOL        NO_EVENT
  N:00B4H         SYMBOL        NO_FREE_CALL
  C:7A38H         SYMBOL        NO_HOOK
  C:CCE5H         SYMBOL        NO_MAINTANENCE
  C:79D0H         SYMBOL        NO_RING
BL51 BANKED LINKER/LOCATER V5.11                                                      04/12/2009  12:57:14  PAGE 28


  C:E59FH         SYMBOL        NO_SAM
  C:0208H         SYMBOL        NUM0
  C:01AEH         SYMBOL        NUM1
  C:01B8H         SYMBOL        NUM2
  C:01C2H         SYMBOL        NUM3
  C:01CCH         SYMBOL        NUM4
  C:01D6H         SYMBOL        NUM5
  C:01E0H         SYMBOL        NUM6
  C:01EAH         SYMBOL        NUM7
  C:01F4H         SYMBOL        NUM8
  C:01FEH         SYMBOL        NUM9
  N:00A0H         SYMBOL        OFFLINE_CHARGE
  C:92A6H         SYMBOL        OFFLINE_DECREASE_ACCOUNT
  N:0019H         SYMBOL        OFF_CHARGE_TABLE_HI
  N:0026H         SYMBOL        OFF_CHARGE_TABLE_LO
  C:A41CH         SYMBOL        OFF_HOOK_INCOMMING_CALL
  C:8F84H         SYMBOL        ONE_0
  C:8FDCH         SYMBOL        ONE_1
  C:9037H         SYMBOL        ONE_2
  C:9095H         SYMBOL        ONE_3
  C:90E5H         SYMBOL        ONE_4
  N:00AAH         SYMBOL        ONLINE_CHARGE
  B:002CH.1       SYMBOL        ONLINE_CHARGGING
  C:93B2H         SYMBOL        ONLINE_GO_ON
  C:BF4CH         SYMBOL        ONLINE_SELECTED
  C:845AH         SYMBOL        OSD_4
  C:C05EH         SYMBOL        OTFD1
  C:C061H         SYMBOL        OTFD2
  N:0017H         SYMBOL        OTHER_REPORT_ADDR_HI
  C:9F7EH         SYMBOL        OTHER_REPORT_ADDR_IS_NOT_VALID
  C:9F7CH         SYMBOL        OTHER_REPORT_ADDR_IS_VALID
  N:004CH         SYMBOL        OTHER_REPORT_ADDR_LO
  N:0017H         SYMBOL        OTHER_TABLE_END_ADDR_HI
  N:006CH         SYMBOL        OTHER_TABLE_END_ADDR_LO
  C:1799H         SYMBOL        OUTORDER1_L
  C:1759H         SYMBOL        OUTORDER1_R
  C:17D9H         SYMBOL        OUTORDER2_L
  C:1819H         SYMBOL        OUTORDER2_R
  C:9D95H         SYMBOL        OUTZJ
  C:8FBAH         SYMBOL        OUT_0
  C:9012H         SYMBOL        OUT_1
  C:906DH         SYMBOL        OUT_2
  C:90CBH         SYMBOL        OUT_3
  C:911BH         SYMBOL        OUT_4
  C:A44DH         SYMBOL        OUT_7YG
  C:E6C2H         SYMBOL        OUT_8YG
  C:E68CH         SYMBOL        OUT_9CJHY
  C:E642H         SYMBOL        OUT_9YG
  C:F057H         SYMBOL        OUT_BOOT_LOADER
  C:A2A6H         SYMBOL        OUT_CARD
  C:897BH         SYMBOL        OUT_CARD_ALARM
  C:A2A8H         SYMBOL        OUT_CARD_INSERTION
  C:83B5H         SYMBOL        OUT_CHANGE_NEW_ALARM
  C:83D9H         SYMBOL        OUT_CHANGE_NEW_DATE
  C:8391H         SYMBOL        OUT_CHANGE_NEW_TIME
  C:92A3H         SYMBOL        OUT_CHECK_CARD_ACCOUNT_LIMIT
  C:7AE6H         SYMBOL        OUT_CHECK_KEY_ROW1
BL51 BANKED LINKER/LOCATER V5.11                                                      04/12/2009  12:57:14  PAGE 29


  C:7B8FH         SYMBOL        OUT_CHECK_KEY_ROW2
  C:7C38H         SYMBOL        OUT_CHECK_KEY_ROW3
  C:7CD9H         SYMBOL        OUT_CHECK_KEY_ROW4
  C:A5F8H         SYMBOL        OUT_DELAY_DTMF
  C:9772H         SYMBOL        OUT_FIND_CHARGGING_ZONE_FROM_DAY_TYPE
  C:96A8H         SYMBOL        OUT_FIND_CHARGGING_ZONE_FROM_DAY_TYPE_ADDR
  C:9893H         SYMBOL        OUT_FIND_LEVEL_ADDR
  C:99B8H         SYMBOL        OUT_FIND_ZONE
  C:AEE7H         SYMBOL        OUT_FRG34
  C:B2ECH         SYMBOL        OUT_GBJ8
  C:B32AH         SYMBOL        OUT_GBJU
  C:8920H         SYMBOL        OUT_KEY_HELP
  C:BDA7H         SYMBOL        OUT_LOAD_E2P_TO_RAM
  C:99CAH         SYMBOL        OUT_LOAD_PULSE_AND_TIMESLOT_FROM_ZONE_AND_LEVEL
  C:CCE5H         SYMBOL        OUT_MAINTANENCE
  C:BBFFH         SYMBOL        OUT_NEXT_CHAR
  C:A2F9H         SYMBOL        OUT_NO_CARD
  C:A2C2H         SYMBOL        OUT_NO_CARD1
  C:A7F5H         SYMBOL        OUT_OF_ANTITAP_WAIT
  C:9258H         SYMBOL        OUT_OF_BLACK_LIST_CHECK
  C:7DFEH         SYMBOL        OUT_OF_KEY_0
  C:7E7EH         SYMBOL        OUT_OF_KEY_1
  C:7EFEH         SYMBOL        OUT_OF_KEY_2
  C:7F7EH         SYMBOL        OUT_OF_KEY_3
  C:7FFEH         SYMBOL        OUT_OF_KEY_4
  C:807EH         SYMBOL        OUT_OF_KEY_5
  C:80FEH         SYMBOL        OUT_OF_KEY_6
  C:817EH         SYMBOL        OUT_OF_KEY_7
  C:81FEH         SYMBOL        OUT_OF_KEY_8
  C:827EH         SYMBOL        OUT_OF_KEY_9
  C:88D4H         SYMBOL        OUT_OF_KEY_FIRE
  C:8462H         SYMBOL        OUT_OF_KEY_LANG
  C:8614H         SYMBOL        OUT_OF_KEY_POLICE
  C:8324H         SYMBOL        OUT_OF_KEY_REDIAL
  C:82B8H         SYMBOL        OUT_OF_KEY_SHARP
  C:82A2H         SYMBOL        OUT_OF_KEY_STAR
  C:8760H         SYMBOL        OUT_OF_KEY_URGENT
  C:84D4H         SYMBOL        OUT_OF_KEY_VOL
  B:002EH.2       SYMBOL        OUT_OF_SERVICE1
  B:002EH.3       SYMBOL        OUT_OF_SERVICE2
  C:E5AEH         SYMBOL        OUT_SAM_TEST
  C:A8A0H         SYMBOL        OUT_SEND_ANTITAP_SIGNAL
  C:CCFBH         SYMBOL        OUT_SOFTWARE_UPDATE
  C:E68FH         SYMBOL        OUT_TEST_CARD
  C:C10DH         SYMBOL        OUT_TIC_TAC
  C:95D4H         SYMBOL        OUT_TIMER1_1
  C:95F1H         SYMBOL        OUT_TIMER1_1F
  C:DA97H         SYMBOL        OUT_TIMER1_1_FFF
  C:BFD7H         SYMBOL        OUT_TIMER1_1_W
  C:92FAH         SYMBOL        OUT_TIMER1_1_X
  C:95D6H         SYMBOL        OUT_TIMER1_2
  C:95F3H         SYMBOL        OUT_TIMER1_2F
  C:DA99H         SYMBOL        OUT_TIMER1_2_FFF
  C:E645H         SYMBOL        OUT_TIMER1_2_H
  C:BFD9H         SYMBOL        OUT_TIMER1_2_W
  C:92FEH         SYMBOL        OUT_TIMER1_2_X
  C:9408H         SYMBOL        OUT_TIMER2_LBL
BL51 BANKED LINKER/LOCATER V5.11                                                      04/12/2009  12:57:14  PAGE 30


  C:B0F2H         SYMBOL        OUT_TYH5
  C:B12EH         SYMBOL        OUT_TYH7
  C:B0BFH         SYMBOL        OUT_TYHHH
  C:B33AH         SYMBOL        OUT_VBG15
  C:B0ABH         SYMBOL        OUT_VBGDS15
  C:84B6H         SYMBOL        OUT_VOLUME_LEVEL
  C:B566H         SYMBOL        OUT_YR3
  C:B55BH         SYMBOL        OUT_YR32
  D:0044H         SYMBOL        OVERLOAD
  C:82CFH         SYMBOL        OVER_KEY_DIALED
  C:82CBH         SYMBOL        OVER_NO_MEM
  C:89BBH         SYMBOL        OVER_RIGHT
  C:BD69H         SYMBOL        OVER_RIGHT_X
  D:0080H         SYMBOL        P0
  D:0090H         SYMBOL        P1
  D:00A0H         SYMBOL        P2
  D:00B0H         SYMBOL        P3
  N:0000H         SYMBOL        PADDR
  N:0001H         SYMBOL        PADDR2
  D:0041H         SYMBOL        PAYTEMP_HI
  D:0040H         SYMBOL        PAYTEMP_LO
  N:0038H         SYMBOL        PAYTOL_ADDR_HI
  N:003AH         SYMBOL        PAYTOL_ADDR_LO
  D:0043H         SYMBOL        PAYTOL_HI
  D:0042H         SYMBOL        PAYTOL_LO
  C:E406H         SYMBOL        PHONE
  D:0015H         SYMBOL        PHONE_ACCESS_LEVEL
  N:0038H         SYMBOL        PHONE_ACTIVITY_LEVEL_ADDR_HI
  N:0046H         SYMBOL        PHONE_ACTIVITY_LEVEL_ADDR_LO
  N:0038H         SYMBOL        PHONE_GROUP_ADDR_HI
  N:0050H         SYMBOL        PHONE_GROUP_ADDR_LO
  C:0380H         SYMBOL        PHONE_SETTINGS_L
  C:0358H         SYMBOL        PHONE_SETTINGS_R
  C:A3E3H         SYMBOL        PMS_MANAGE_INCOMMING_CALL
  C:D1B0H         SYMBOL        PMS_NUM
  C:D27FH         SYMBOL        PMS_NUM_FGHR1
  C:D69AH         SYMBOL        PMS_NUM_KF_1
  C:D6A5H         SYMBOL        PMS_NUM_KF_2
  C:D69DH         SYMBOL        PMS_NUM_KF_3
  C:D279H         SYMBOL        PMS_NUM_UPDATE_ERROR
  C:D27DH         SYMBOL        PMS_NUM_UPDATE_NORMAL_END
  C:D231H         SYMBOL        PMS_NUM_ZX_0
  C:D225H         SYMBOL        PMS_NUM_ZX_01
  C:D25AH         SYMBOL        PMS_NUM_ZX_3
  C:D277H         SYMBOL        PMS_NUM_ZX_4
  C:BEE1H         SYMBOL        POIKIJ2
  C:BEE9H         SYMBOL        POIKIJ3
  C:BEF1H         SYMBOL        POIKIJ4
  C:BEF9H         SYMBOL        POIKIJ5
  C:BEFCH         SYMBOL        POIKIJ6
  C:DEF3H         SYMBOL        POSITIVE_HYTP2
  C:DE31H         SYMBOL        POSITIVE_HYTP2C
  C:DF24H         SYMBOL        POSITIVE_HYTP3
  C:DE62H         SYMBOL        POSITIVE_HYTP3C
  C:A3B2H         SYMBOL        POXCM1
  C:949FH         SYMBOL        PRE1_F_START
  C:9438H         SYMBOL        PRE1_IS_FF
BL51 BANKED LINKER/LOCATER V5.11                                                      04/12/2009  12:57:14  PAGE 31


  C:94B0H         SYMBOL        PRE2_F_START
  C:9448H         SYMBOL        PRE2_IS_FF
  C:94C1H         SYMBOL        PRE3_F_START
  C:9458H         SYMBOL        PRE3_IS_FF
  C:94D2H         SYMBOL        PRE4_F_START
  C:9468H         SYMBOL        PRE4_IS_FF
  C:94E3H         SYMBOL        PRE5_F_START
  C:9478H         SYMBOL        PRE5_IS_FF
  C:94F4H         SYMBOL        PRE6_F_START
  C:9488H         SYMBOL        PRE6_IS_FF
  C:CD2CH         SYMBOL        PREVIOUS_DPTR
  D:0019H         SYMBOL        PRE_1
  D:001AH         SYMBOL        PRE_2
  D:001BH         SYMBOL        PRE_3
  D:001CH         SYMBOL        PRE_4
  D:001DH         SYMBOL        PRE_5
  D:001EH         SYMBOL        PRE_6
  B:002BH.6       SYMBOL        PRE_CHARGE
  D:0067H         SYMBOL        PRIMARY_ACCOUNT_HI
  D:0068H         SYMBOL        PRIMARY_ACCOUNT_LO
  C:D1EEH         SYMBOL        PROGRAM_UPDATE
  C:DB38H         SYMBOL        PROGRAM_UPDATE_ERROR
  C:DB56H         SYMBOL        PROGRAM_UPDATE_FGHR1
  C:DB5FH         SYMBOL        PROGRAM_UPDATE_KF_1
  C:DB6AH         SYMBOL        PROGRAM_UPDATE_KF_2
  C:DB62H         SYMBOL        PROGRAM_UPDATE_KF_3
  C:DB48H         SYMBOL        PROGRAM_UPDATE_NORMAL_END
  C:DAE3H         SYMBOL        PROGRAM_UPDATE_ZX_0
  C:DAD7H         SYMBOL        PROGRAM_UPDATE_ZX_01
  C:DB19H         SYMBOL        PROGRAM_UPDATE_ZX_3
  C:DB36H         SYMBOL        PROGRAM_UPDATE_ZX_4
  D:00D0H         SYMBOL        PSW
  D:005CH         SYMBOL        PULSE_COEF
  D:0071H         SYMBOL        PULSE_COUNT_HI
  D:0072H         SYMBOL        PULSE_COUNT_LO
  C:C16BH         SYMBOL        PULSE_DIAL
  D:0078H         SYMBOL        PULSE_DURATION
  C:BF39H         SYMBOL        PULSE_SELECTED
  B:002AH.7       SYMBOL        PUSH_TO_TALK
  C:BF69H         SYMBOL        PUSH_TO_TALK_SELECTED
  C:C1B5H         SYMBOL        QQFS1
  C:8985H         SYMBOL        Q_KEY_DOOR
  C:8989H         SYMBOL        Q_KEY_RING
  C:8981H         SYMBOL        Q_KEY_RTC
[...]
  C:8DD8H         SYMBOL        SKX_28
  C:8DE2H         SYMBOL        SKX_29
  C:8D44H         SYMBOL        SKX_3
  C:8DE2H         SYMBOL        SKX_30
  C:8DECH         SYMBOL        SKX_31
  C:8DECH         SYMBOL        SKX_32
  C:8DF6H         SYMBOL        SKX_33
  C:8DF6H         SYMBOL        SKX_34
  C:8E00H         SYMBOL        SKX_35
BL51 BANKED LINKER/LOCATER V5.11                                                      04/12/2009  12:57:14  PAGE 39


  C:8E00H         SYMBOL        SKX_36
  C:8E0AH         SYMBOL        SKX_37
  C:8D52H         SYMBOL        SKX_4
  C:8D5CH         SYMBOL        SKX_5
  C:8D5EH         SYMBOL        SKX_6
  C:8D68H         SYMBOL        SKX_7
  C:8D6AH         SYMBOL        SKX_8
  C:8D74H         SYMBOL        SKX_9
  C:0AC5H         SYMBOL        SLASH
  D:000AH         SYMBOL        SLVADR
  C:D8FEH         SYMBOL        SM_1
  C:CCE6H         SYMBOL        SOFTWARE_UPDATE
  C:0470H         SYMBOL        SOFTWARE_UPDATE_L
  C:0448H         SYMBOL        SOFTWARE_UPDATE_R
  N:0017H         SYMBOL        SOFTWARE_VERSION_ADDR_HI
  N:006CH         SYMBOL        SOFTWARE_VERSION_ADDR_LO
  C:99C8H         SYMBOL        SOME_ERROR_IN_CHARGGING_ELEMENTS
  C:8D0FH         SYMBOL        SOME_THING_WRONG
  N:0099H         SYMBOL        SOR
  N:0095H         SYMBOL        SOU
  D:0081H         SYMBOL        SP
  B:00B0H.2       SYMBOL        SPM_INT
  N:0010H         SYMBOL        SPM_MASK
  C:93E7H         SYMBOL        SPM_OFFLINE
  C:9405H         SYMBOL        SPM_OFFLINE_LBL
  C:9389H         SYMBOL        SPM_ONLINE
  C:D881H         SYMBOL        SQFR1
  C:917DH         SYMBOL        SRP11
  C:91A4H         SYMBOL        SRP12
  C:7DC4H         SYMBOL        SST0
  C:7E44H         SYMBOL        SST1
  C:7EC4H         SYMBOL        SST2
  C:7F44H         SYMBOL        SST3
  C:7FC4H         SYMBOL        SST4
  C:8044H         SYMBOL        SST5
  C:80C4H         SYMBOL        SST6
  C:8144H         SYMBOL        SST7
  C:81C4H         SYMBOL        SST8
  C:8244H         SYMBOL        SST9
  C:8BC3H         SYMBOL        ST1355
  B:0090H.5       SYMBOL        STANDBY_SW
  C:0B05H         SYMBOL        STAR
  C:9B25H         SYMBOL        START
  C:9359H         SYMBOL        START_AUTO_CHARGE
  D:0025H         SYMBOL        START_COL
  N:001EH         SYMBOL        START_FREE_CALL
  C:930FH         SYMBOL        START_OFFLINE_CHARGGING
  C:9309H         SYMBOL        START_ONLINE_CHARGGING
  D:0024H         SYMBOL        START_ROW
  C:E5BFH         SYMBOL        START_SAM_KILL
  C:95FAH         SYMBOL        START_SCHEDULING_ANSWER_TIME
  C:9620H         SYMBOL        START_SCHEDULING_DIAL_WAIT_TIME
  C:DAA2H         SYMBOL        START_SCHEDULING_GUARD_TIME
  C:BC57H         SYMBOL        START_SCROLLING_MESSAGE
  C:BFFFH         SYMBOL        START_TIC_TAC
  D:0051H         SYMBOL        STATE
  D:002FH         SYMBOL        STATUS_FLAGS
BL51 BANKED LINKER/LOCATER V5.11                                                      04/12/2009  12:57:14  PAGE 40


  C:9B44H         SYMBOL        STOP
  C:930CH         SYMBOL        STOP_ONLINE_CHARGGING
  C:E5D7H         SYMBOL        STOP_SAM_KILL
  C:C02FH         SYMBOL        STOP_TIC_TAC
  C:B570H         SYMBOL        STR30
  C:955AH         SYMBOL        STRIKE
  C:A39BH         SYMBOL        STRIKED
  C:04C0H         SYMBOL        SUCCESS_L
  C:0498H         SYMBOL        SUCCESS_R
  C:E6C5H         SYMBOL        SWD1
  C:9BFAH         SYMBOL        SX48
  C:9BFDH         SYMBOL        SX49
  C:DBDFH         SYMBOL        SYNCHRONIZATION_ERROR
  C:DBE5H         SYMBOL        SYNCHRONIZATION_FGHR1
  C:DBE3H         SYMBOL        SYNCHRONIZATION_NORMAL_END
  C:DB99H         SYMBOL        SYNCHRONIZATION_ZX_0
  C:DB8DH         SYMBOL        SYNCHRONIZATION_ZX_01
  C:DBC0H         SYMBOL        SYNCHRONIZATION_ZX_3
  C:DBDDH         SYMBOL        SYNCHRONIZATION_ZX_4
  C:D1F4H         SYMBOL        SYNCHRONIZE
  C:DBE8H         SYMBOL        SYNCHRONIZE_RTC
  C:BF4EH         SYMBOL        SZV1
  C:BF6DH         SYMBOL        SZV2
  D:0052H         SYMBOL        T0_C1
  D:0053H         SYMBOL        T0_C2
  D:0054H         SYMBOL        T1_C1
  D:0055H         SYMBOL        T1_C2
  D:0058H         SYMBOL        T1_C3
  N:00C8H         SYMBOL        T2CON
  N:00C9H         SYMBOL        T2MOD
  D:0076H         SYMBOL        T2_C1
  D:0077H         SYMBOL        T2_C2
  B:0090H.2       SYMBOL        TEL_SW
  D:0045H         SYMBOL        TEMP
  C:83CDH         SYMBOL        TERFUH26
  C:83D9H         SYMBOL        TERFUH27
  C:A2CAH         SYMBOL        TERG12
  C:A2E0H         SYMBOL        TERG13
  C:A8BFH         SYMBOL        TEST_BUZZ
  C:E64EH         SYMBOL        TEST_CARD_READER_SHORT_CONNECTION
  C:7C53H         SYMBOL        TEST_KEY_0
  C:7A3EH         SYMBOL        TEST_KEY_1
  C:7A5CH         SYMBOL        TEST_KEY_2
  C:7A7AH         SYMBOL        TEST_KEY_3
  C:7AE7H         SYMBOL        TEST_KEY_4
  C:7B05H         SYMBOL        TEST_KEY_5
  C:7B23H         SYMBOL        TEST_KEY_6
  C:7B90H         SYMBOL        TEST_KEY_7
  C:7BAEH         SYMBOL        TEST_KEY_8
  C:7BCCH         SYMBOL        TEST_KEY_9
  C:7B75H         SYMBOL        TEST_KEY_DOOR
  C:7CA5H         SYMBOL        TEST_KEY_EMERGENCY
  C:7C04H         SYMBOL        TEST_KEY_FIRE
  C:7BEAH         SYMBOL        TEST_KEY_FLASH
  C:7C8BH         SYMBOL        TEST_KEY_HELP
  C:7C1EH         SYMBOL        TEST_KEY_HOOK
  C:7AB2H         SYMBOL        TEST_KEY_LANG
BL51 BANKED LINKER/LOCATER V5.11                                                      04/12/2009  12:57:14  PAGE 41


  C:7B5BH         SYMBOL        TEST_KEY_POLICE
  C:7B41H         SYMBOL        TEST_KEY_REDIAL
  C:7CBFH         SYMBOL        TEST_KEY_RING
  C:7ACCH         SYMBOL        TEST_KEY_RTC
  C:7C71H         SYMBOL        TEST_KEY_SHARP
  C:7C39H         SYMBOL        TEST_KEY_STAR
  C:7A98H         SYMBOL        TEST_KEY_VOL
  C:8AEAH         SYMBOL        TEST_LEVEL_1
  C:8B09H         SYMBOL        TEST_LEVEL_2
  C:8B35H         SYMBOL        TEST_LEVEL_3
  C:8B6EH         SYMBOL        TEST_LEVEL_4
  C:E35EH         SYMBOL        TEST_MONTH1
  C:E3C1H         SYMBOL        TEST_MONTH10
  C:E3CCH         SYMBOL        TEST_MONTH11
  C:E3D7H         SYMBOL        TEST_MONTH12
  C:E369H         SYMBOL        TEST_MONTH2
  C:E374H         SYMBOL        TEST_MONTH3
  C:E37FH         SYMBOL        TEST_MONTH4
  C:E38AH         SYMBOL        TEST_MONTH5
  C:E395H         SYMBOL        TEST_MONTH6
  C:E3A0H         SYMBOL        TEST_MONTH7
  C:E3ABH         SYMBOL        TEST_MONTH8
  C:E3B6H         SYMBOL        TEST_MONTH9
  C:7CE5H         SYMBOL        TEST_ROW1
  C:7D07H         SYMBOL        TEST_ROW2
  C:7D29H         SYMBOL        TEST_ROW3
  C:7D4BH         SYMBOL        TEST_ROW4
  C:E524H         SYMBOL        TEST_SAM
  D:0023H         SYMBOL        TEXTURE_LENGTH
  B:00C8H.7       SYMBOL        TF2
  C:A375H         SYMBOL        TFC1
  C:9F93H         SYMBOL        TFWEKJ2
  C:9FF7H         SYMBOL        TFWEKJ234
  D:008CH         SYMBOL        TH0
  D:008DH         SYMBOL        TH1
  N:00CDH         SYMBOL        TH2
  C:0AFDH         SYMBOL        THICK_BAR
  C:8F90H         SYMBOL        THREE_0
  C:8FE8H         SYMBOL        THREE_1
  C:9043H         SYMBOL        THREE_2
  C:90A1H         SYMBOL        THREE_3
  C:90F1H         SYMBOL        THREE_4
  C:BFB3H         SYMBOL        TIC_TAC
  C:C100H         SYMBOL        TIC_TAC_OR_SAM
  B:002AH.5       SYMBOL        TIME_SET_H_M
  C:0ACDH         SYMBOL        TIME_SIGN
  D:005AH         SYMBOL        TIME_SLOT_HI
  D:005BH         SYMBOL        TIME_SLOT_LO
  C:934CH         SYMBOL        TJK1
  D:008AH         SYMBOL        TL0
  D:008BH         SYMBOL        TL1
  N:00CCH         SYMBOL        TL2
  D:0089H         SYMBOL        TMOD
  D:0032H         SYMBOL        TMP
  D:0034H         SYMBOL        TMP_BUF
  C:BD84H         SYMBOL        TMR_00
  C:C1E7H         SYMBOL        TONE_DIAL
BL51 BANKED LINKER/LOCATER V5.11                                                      04/12/2009  12:57:14  PAGE 42


  B:002DH.2       SYMBOL        TONE_DIALING
  B:0088H.4       SYMBOL        TR0
  B:0088H.6       SYMBOL        TR1
  B:00C8H.2       SYMBOL        TR2
  C:B54DH         SYMBOL        TRGD1
  C:BFC9H         SYMBOL        TRYEG1
  C:8F8AH         SYMBOL        TWO_0
  C:8FE2H         SYMBOL        TWO_1
  C:903DH         SYMBOL        TWO_2
  C:909BH         SYMBOL        TWO_3
  C:90EBH         SYMBOL        TWO_4
  C:A1F3H         SYMBOL        TYFRE1
  C:A182H         SYMBOL        TYFRE1I
  C:B69DH         SYMBOL        TZX1
  C:B6A3H         SYMBOL        TZX2
  C:B6A9H         SYMBOL        TZX3
  C:B6AFH         SYMBOL        TZX4
  C:B6B5H         SYMBOL        TZX5
  C:B6BBH         SYMBOL        TZX6
  C:B6C1H         SYMBOL        TZX7
  C:B6C7H         SYMBOL        TZX8
  C:B6CDH         SYMBOL        TZX9
  C:B6D3H         SYMBOL        TZXOUT
  C:A356H         SYMBOL        UHEQ1
  C:8385H         SYMBOL        UHERFUH23
  C:8391H         SYMBOL        UHERFUH25
  C:83A9H         SYMBOL        UHERFUH26
  C:83B5H         SYMBOL        UHERFUH27
  C:A02DH         SYMBOL        UHEYG1
  C:A036H         SYMBOL        UHEYG2
  C:A03FH         SYMBOL        UHEYG3
  C:A053H         SYMBOL        UHUWH1
  C:A05DH         SYMBOL        UHUWH2
  C:A067H         SYMBOL        UHUWH3
  C:0A95H         SYMBOL        UNDERLINE
  C:85B2H         SYMBOL        UOHER1
  C:D196H         SYMBOL        UPDATE
  C:DEB2H         SYMBOL        UPDATE_ALARM
  C:DEDEH         SYMBOL        UPDATE_CLOCK
  C:D1FDH         SYMBOL        UPDATE_COMPLETE
  C:DE1CH         SYMBOL        UPDATE_DATE
  C:D20DH         SYMBOL        UPDATE_ERROR
  N:00A1H         SYMBOL        UPDATE_MASK
  C:D211H         SYMBOL        UPDATE_NORMAL_END
  C:0A9DH         SYMBOL        UPPERLINE
  C:0AD5H         SYMBOL        UP_LEFT
  C:0ADDH         SYMBOL        UP_RIGHT
  C:7D9AH         SYMBOL        UR1
  C:7DA5H         SYMBOL        UR2
  C:8E3FH         SYMBOL        UYGEYFG1
  C:9142H         SYMBOL        UYGEYFG2
  C:A045H         SYMBOL        UYTEW21
  C:95F5H         SYMBOL        UYTR1
  C:DA9BH         SYMBOL        UYTR1_FFF
  C:91E4H         SYMBOL        U_CHECK1
  C:91FAH         SYMBOL        U_CHECK2
  C:920FH         SYMBOL        U_CHECK3
BL51 BANKED LINKER/LOCATER V5.11                                                      04/12/2009  12:57:14  PAGE 43


  B:002CH.4       SYMBOL        U_ERROR
  C:8ED6H         SYMBOL        VALID_0
  C:8EEEH         SYMBOL        VALID_1
  B:002DH.7       SYMBOL        VALID_CARD
  C:B4D5H         SYMBOL        VALID_DISPLAY
  D:003BH         SYMBOL        VAR_1
  C:A153H         SYMBOL        VCDE1
  C:8C7EH         SYMBOL        VERIFY_DECREASE_ACCOUNT
  C:01ADH         SYMBOL        VERSION
  C:BEC0H         SYMBOL        VGY1
  C:BEC9H         SYMBOL        VGY2
  C:BECDH         SYMBOL        VGY3
  D:006BH         SYMBOL        VIRT_ACCOUNT_HI
  D:006CH         SYMBOL        VIRT_ACCOUNT_LO
  C:AEACH         SYMBOL        VNDF1
  C:AEAFH         SYMBOL        VNDF2
  B:0090H.4       SYMBOL        VOICE_SW
  B:00A0H.3       SYMBOL        VOLUME0
  B:0090H.5       SYMBOL        VOLUME1
  D:0026H         SYMBOL        VOLUME_LEVEL
  C:8494H         SYMBOL        VOLUME_LEVEL_1
  C:849DH         SYMBOL        VOLUME_LEVEL_2
  C:84A6H         SYMBOL        VOLUME_LEVEL_3
  C:84AFH         SYMBOL        VOLUME_LEVEL_4
  C:D9F5H         SYMBOL        VX_0
  C:D9FBH         SYMBOL        VX_1
  C:DA09H         SYMBOL        VX_2
  C:DA14H         SYMBOL        VX_3
  N:0001H         SYMBOL        WAIT_FOR_DIAL
  C:A7A1H         SYMBOL        WAIT_FOR_START
  C:A79EH         SYMBOL        WAIT_FOR_SYNC
  C:A7A4H         SYMBOL        WAIT_FOR_TRIGGER
  C:9C9EH         SYMBOL        WAIT_IF_BUSY
  C:9CBEH         SYMBOL        WAIT_IF_BUSY2
  B:002AH.1       SYMBOL        WAIT_SW
  C:D110H         SYMBOL        WD_0
  C:D119H         SYMBOL        WD_1
  C:D123H         SYMBOL        WD_2
  C:D125H         SYMBOL        WD_3
  C:D107H         SYMBOL        WD_34
  C:D12AH         SYMBOL        WD_5
  C:D173H         SYMBOL        WD_6
  C:D187H         SYMBOL        WD_7
  C:D1D4H         SYMBOL        WHITE_LIST
  N:0031H         SYMBOL        WHITE_LIST_ADDR_HI
  N:0029H         SYMBOL        WHITE_LIST_ADDR_LO
  C:D53AH         SYMBOL        WHITE_LIST_FGHR1
  C:D76CH         SYMBOL        WHITE_LIST_KF_1
  C:D777H         SYMBOL        WHITE_LIST_KF_2
  C:D76FH         SYMBOL        WHITE_LIST_KF_3
  N:03E8H         SYMBOL        WHITE_LIST_RAM_ADDR
  C:D534H         SYMBOL        WHITE_LIST_UPDATE_ERROR
  C:D538H         SYMBOL        WHITE_LIST_UPDATE_NORMAL_END
  C:D4DFH         SYMBOL        WHITE_LIST_ZX_0
  C:D4D3H         SYMBOL        WHITE_LIST_ZX_01
  C:D515H         SYMBOL        WHITE_LIST_ZX_3
  C:D532H         SYMBOL        WHITE_LIST_ZX_4
BL51 BANKED LINKER/LOCATER V5.11                                                      04/12/2009  12:57:14  PAGE 44


  C:9E78H         SYMBOL        WMSJ1
  C:9D7BH         SYMBOL        WORLD
  N:00A3H         SYMBOL        WORLD_CALL
  C:9A02H         SYMBOL        WRITE_BLOCK
  C:F068H         SYMBOL        WRITE_BSB
  C:9BD0H         SYMBOL        WRITE_BYTE
  C:8A45H         SYMBOL        WRITE_CARD
  C:8A29H         SYMBOL        WRITE_CARD2
  C:8A68H         SYMBOL        WRITE_CARRY_CARD
  C:99CBH         SYMBOL        WRITE_FF
  C:F07CH         SYMBOL        WRITE_FLASH_BYTE
  C:F088H         SYMBOL        WRITE_FLASH_PAGE
  C:9CB6H         SYMBOL        WRITE_INTERNAL_E2P
  C:9A3CH         SYMBOL        WRITE_PAGE
  C:F09CH         SYMBOL        WRITE_SBV
  C:9BC0H         SYMBOL        WRITE_TO_E2P
  C:9BFEH         SYMBOL        WRITE_ZDATA
  C:890EH         SYMBOL        WRONG_MAIN_PASS1
  C:0510H         SYMBOL        WRONG_PASS_L
  C:04E8H         SYMBOL        WRONG_PASS_R
  C:D195H         SYMBOL        WRQW1
  C:C399H         SYMBOL        WRRTF1
  C:C692H         SYMBOL        WRRTF10
  C:C6C8H         SYMBOL        WRRTF11
  C:C6FEH         SYMBOL        WRRTF12
  C:C4AEH         SYMBOL        WRRTF1X
  C:C4E2H         SYMBOL        WRRTF2
  C:C516H         SYMBOL        WRRTF3
  C:C54AH         SYMBOL        WRRTF4
  C:C57EH         SYMBOL        WRRTF5
  C:C5B2H         SYMBOL        WRRTF6
  C:C5F0H         SYMBOL        WRRTF7
  C:C626H         SYMBOL        WRRTF8
  C:C65CH         SYMBOL        WRRTF9
  C:7DF2H         SYMBOL        WSFD10
  C:7E72H         SYMBOL        WSFD11
  C:7EF2H         SYMBOL        WSFD12
  C:7F72H         SYMBOL        WSFD13
  C:7FF2H         SYMBOL        WSFD14
  C:8072H         SYMBOL        WSFD15
  C:80F2H         SYMBOL        WSFD16
  C:8172H         SYMBOL        WSFD17
  C:81F2H         SYMBOL        WSFD18
  C:8272H         SYMBOL        WSFD19
  C:7DFCH         SYMBOL        WSFD20
  C:7E7CH         SYMBOL        WSFD21
  C:7EFCH         SYMBOL        WSFD22
  C:7F7CH         SYMBOL        WSFD23
  C:7FFCH         SYMBOL        WSFD24
  C:807CH         SYMBOL        WSFD25
  C:80FCH         SYMBOL        WSFD26
  C:817CH         SYMBOL        WSFD27
  C:81FCH         SYMBOL        WSFD28
  C:827CH         SYMBOL        WSFD29
  C:8EFFH         SYMBOL        WWW
  C:A5A2H         SYMBOL        W_DELAY
  C:9A8CH         SYMBOL        X31
BL51 BANKED LINKER/LOCATER V5.11                                                      04/12/2009  12:57:14  PAGE 45


  C:9A98H         SYMBOL        X32
  C:9A9EH         SYMBOL        X33
  C:9A9FH         SYMBOL        X34
  C:9AA1H         SYMBOL        X35
  C:9A29H         SYMBOL        X36
  C:9A34H         SYMBOL        X37
  C:9A37H         SYMBOL        X38
  C:9B42H         SYMBOL        X40
  C:9B43H         SYMBOL        X41
  C:9B59H         SYMBOL        X42
  C:9B8FH         SYMBOL        X43
  C:9ABFH         SYMBOL        X44
  C:9AC2H         SYMBOL        X45
  C:9AEEH         SYMBOL        X46
  C:9AF1H         SYMBOL        X47
  C:9C4DH         SYMBOL        X48
  C:9C4FH         SYMBOL        X49
  C:9A3CH         SYMBOL        X63
  C:9A45H         SYMBOL        X64
  C:9A56H         SYMBOL        X72
  C:9A5FH         SYMBOL        X74
  C:A6FDH         SYMBOL        XC0
  C:A708H         SYMBOL        XC1
  C:A713H         SYMBOL        XC2
  C:A71EH         SYMBOL        XC3
  C:A729H         SYMBOL        XC4
  C:A734H         SYMBOL        XC5
  C:A73FH         SYMBOL        XC6
  C:A74AH         SYMBOL        XC7
  C:86FEH         SYMBOL        XIUEFH1
  C:B839H         SYMBOL        XLINE_FA1
  C:B7D2H         SYMBOL        XLINE_SA1
  C:B7EDH         SYMBOL        XLINE_SA2
  C:B808H         SYMBOL        XLINE_SA3
  C:B823H         SYMBOL        XLINE_SA4
  D:000BH         SYMBOL        XMTDAT
  C:BF3BH         SYMBOL        XRDG1
  C:B6E8H         SYMBOL        XTZX1
  C:B6EEH         SYMBOL        XTZX2
  C:B6F4H         SYMBOL        XTZX3
  C:B6FAH         SYMBOL        XTZX4
  C:B700H         SYMBOL        XTZX5
  C:B706H         SYMBOL        XTZX6
  C:B70CH         SYMBOL        XTZX7
  C:B712H         SYMBOL        XTZX8
  C:B718H         SYMBOL        XTZX9
  C:B71EH         SYMBOL        XTZXOUT
  D:007EH         SYMBOL        YEAR
  C:CCE0H         SYMBOL        YES_MAINTANENCE
  C:E549H         SYMBOL        YES_SAM1
  C:E564H         SYMBOL        YES_SAM2
  C:E57FH         SYMBOL        YES_SAM3
  C:E59AH         SYMBOL        YES_SAM4
  C:C239H         SYMBOL        YEWA1
  C:C23CH         SYMBOL        YEWA2
  C:A28DH         SYMBOL        YOUR_IN_MAIN_STATE_1
  C:A228H         SYMBOL        YOUR_IN_MAIN_STATE_2
BL51 BANKED LINKER/LOCATER V5.11                                                      04/12/2009  12:57:14  PAGE 46


  C:8AB6H         SYMBOL        YRFG1
  C:7D8AH         SYMBOL        YS0
  C:7E1DH         SYMBOL        YS1
  C:7E9DH         SYMBOL        YS2
  C:7F1DH         SYMBOL        YS3
  C:7F9DH         SYMBOL        YS4
  C:801DH         SYMBOL        YS5
  C:809DH         SYMBOL        YS6
  C:811DH         SYMBOL        YS7
  C:819DH         SYMBOL        YS8
  C:821DH         SYMBOL        YS9
  C:95DAH         SYMBOL        YUHG1
  C:844EH         SYMBOL        YULANG
  C:82C0H         SYMBOL        YUREDIAL
  C:846AH         SYMBOL        YUVOL
  C:A2B9H         SYMBOL        YYFGQ1
  D:004FH         SYMBOL        ZDATA
  C:A3C9H         SYMBOL        ZDRT1
  C:A3C7H         SYMBOL        ZDRT2
  C:8F7EH         SYMBOL        ZERRO_0
  C:8FCEH         SYMBOL        ZERRO_1
  C:9026H         SYMBOL        ZERRO_2
  C:9081H         SYMBOL        ZERRO_3
  C:90DFH         SYMBOL        ZERRO_4
  N:0038H         SYMBOL        ZERRO_PREVENT_ADDR_HI
  N:0044H         SYMBOL        ZERRO_PREVENT_ADDR_LO
  C:9C64H         SYMBOL        ZEWD_1
  C:9C6DH         SYMBOL        ZEWD_3
  C:D904H         SYMBOL        ZFR_1
  C:D916H         SYMBOL        ZGR_2
  D:0014H         SYMBOL        ZONE
  C:B4F4H         SYMBOL        ZX1
  C:B4FAH         SYMBOL        ZX2
  C:B500H         SYMBOL        ZX3
  C:B506H         SYMBOL        ZX4
  C:B50CH         SYMBOL        ZX5
  C:B512H         SYMBOL        ZX6
  C:B518H         SYMBOL        ZX7
  C:B51EH         SYMBOL        ZX8
  C:B524H         SYMBOL        ZX9
  C:B52AH         SYMBOL        ZXOUT
  C:0000H         LINE#         8
  C:0003H         LINE#         12
  C:0006H         LINE#         13
  C:000BH         LINE#         16
  C:000EH         LINE#         17
  C:0013H         LINE#         20
  C:001BH         LINE#         23
  C:001EH         LINE#         24
  C:002BH         LINE#         27
  C:002EH         LINE#         28
  -------         ENDMOD        TEL

Program Size: data=8.0 xdata=0 code=62058
LINK/LOCATE RUN COMPLETE.  0 WARNING(S),  0 ERROR(S)
